Archive member included to satisfy reference by file (symbol)

libopencm3/lib/libopencm3_stm32f4.a(rcc.o)
                              build/update_flash_f4/bl_update_flash_f4.o (rcc_wait_for_osc_ready)
libopencm3/lib/libopencm3_stm32f4.a(gpio_common_all.o)
                              build/update_flash_f4/bl_update_flash_f4.o (gpio_set)
libopencm3/lib/libopencm3_stm32f4.a(gpio_common_f0234.o)
                              build/update_flash_f4/cdcacm.o (gpio_mode_setup)
libopencm3/lib/libopencm3_stm32f4.a(usart_common_all.o)
                              build/update_flash_f4/usart.o (usart_set_baudrate)
libopencm3/lib/libopencm3_stm32f4.a(usart_common_f124.o)
                              libopencm3/lib/libopencm3_stm32f4.a(usart_common_all.o) (usart_send)
libopencm3/lib/libopencm3_stm32f4.a(flash_common_f234.o)
                              libopencm3/lib/libopencm3_stm32f4.a(rcc.o) (flash_set_ws)
libopencm3/lib/libopencm3_stm32f4.a(flash_common_f24.o)
                              build/update_flash_f4/bl_update_flash_f4.o (flash_program_word)
libopencm3/lib/libopencm3_stm32f4.a(rcc_common_all.o)
                              build/update_flash_f4/cdcacm.o (rcc_peripheral_enable_clock)
libopencm3/lib/libopencm3_stm32f4.a(usb.o)
                              build/update_flash_f4/cdcacm.o (usbd_init)
libopencm3/lib/libopencm3_stm32f4.a(usb_standard.o)
                              build/update_flash_f4/cdcacm.o (usbd_register_set_config_callback)
libopencm3/lib/libopencm3_stm32f4.a(usb_control.o)
                              build/update_flash_f4/cdcacm.o (usbd_register_control_callback)
libopencm3/lib/libopencm3_stm32f4.a(usb_f107.o)
                              build/update_flash_f4/cdcacm.o (stm32f107_usb_driver)
libopencm3/lib/libopencm3_stm32f4.a(systick.o)
                              build/update_flash_f4/bl.o (systick_set_reload)
libopencm3/lib/libopencm3_stm32f4.a(scb.o)
                              build/update_flash_f4/bl_update_flash_f4.o (scb_reset_system)
libopencm3/lib/libopencm3_stm32f4.a(nvic.o)
                              build/update_flash_f4/cdcacm.o (nvic_enable_irq)
libopencm3/lib/libopencm3_stm32f4.a(pwr.o)
                              libopencm3/lib/libopencm3_stm32f4.a(rcc.o) (pwr_set_vos_scale)
libopencm3/lib/libopencm3_stm32f4.a(usb_fx07_common.o)
                              libopencm3/lib/libopencm3_stm32f4.a(usb_f107.o) (stm32fx07_set_address)
/usr/lib/gcc/arm-none-eabi/4.9.3/../../../arm-none-eabi/lib/armv7e-m/fpu/libg.a(lib_a-memcpy.o)
                              build/update_flash_f4/bl.o (memcpy)
/usr/lib/gcc/arm-none-eabi/4.9.3/../../../arm-none-eabi/lib/armv7e-m/fpu/libg.a(lib_a-memset.o)
                              build/update_flash_f4/bl.o (memset)
/usr/lib/gcc/arm-none-eabi/4.9.3/../../../arm-none-eabi/lib/armv7e-m/fpu/libg.a(lib_a-strlen.o)
                              libopencm3/lib/libopencm3_stm32f4.a(usb_standard.o) (strlen)

Allocating common symbols
Common symbol       size              file

timer               0x10              build/update_flash_f4/bl.o
usart               0x4               build/update_flash_f4/usart.o
code                0x4000            build/update_flash_f4/bl_update_flash_f4.o

Discarded input sections

 .text          0x0000000000000000        0x0 build/update_flash_f4/bl.o
 .data          0x0000000000000000        0x0 build/update_flash_f4/bl.o
 .text.cinit    0x0000000000000000       0x12 build/update_flash_f4/bl.o
 .text.cfini    0x0000000000000000        0xe build/update_flash_f4/bl.o
 .text.cin      0x0000000000000000       0x3c build/update_flash_f4/bl.o
 .text.cin_wait
                0x0000000000000000       0x2c build/update_flash_f4/bl.o
 .text.wait_for_eoc
                0x0000000000000000       0x10 build/update_flash_f4/bl.o
 .text.cout     0x0000000000000000       0x2c build/update_flash_f4/bl.o
 .text.cout_word
                0x0000000000000000       0x16 build/update_flash_f4/bl.o
 .text.sync_response
                0x0000000000000000       0x1c build/update_flash_f4/bl.o
 .text.buf_put  0x0000000000000000       0x1c build/update_flash_f4/bl.o
 .text.buf_get  0x0000000000000000       0x20 build/update_flash_f4/bl.o
 .text.jump_to_app
                0x0000000000000000       0x64 build/update_flash_f4/bl.o
 .text.delay    0x0000000000000000       0x10 build/update_flash_f4/bl.o
 .text.led_blink_off
                0x0000000000000000       0x10 build/update_flash_f4/bl.o
 .text.bootloader
                0x0000000000000000      0x44c build/update_flash_f4/bl.o
 .text.bootloader_b2
                0x0000000000000000      0x244 build/update_flash_f4/bl.o
 .rodata        0x0000000000000000       0x1c build/update_flash_f4/bl.o
 .text          0x0000000000000000        0x0 build/update_flash_f4/cdcacm.o
 .data          0x0000000000000000        0xc build/update_flash_f4/cdcacm.o
 .text.cdcacm_control_request
                0x0000000000000000       0x2c build/update_flash_f4/cdcacm.o
[...]
Memory Configuration

Name             Origin             Length             Attributes
rom              0x0000000008004000 0x0000000000008000 xr
ram              0x0000000020001000 0x0000000000020000 xrw
*default*        0x0000000000000000 0xffffffffffffffff

Linker script and memory map

LOAD build/update_flash_f4/bl.o
LOAD build/update_flash_f4/cdcacm.o
LOAD build/update_flash_f4/usart.o
LOAD build/update_flash_f4/bl_update_flash_f4.o
LOAD build/update_flash_f4/bl_update_frame.o
LOAD build/update_flash_f4/vectors_ram.o
LOAD /usr/lib/gcc/arm-none-eabi/4.9.3/../../../arm-none-eabi/lib/armv7e-m/fpu/libnosys.a
LOAD libopencm3/lib/libopencm3_stm32f4.a
START GROUP
LOAD /usr/lib/gcc/arm-none-eabi/4.9.3/armv7e-m/fpu/libgcc.a
LOAD /usr/lib/gcc/arm-none-eabi/4.9.3/../../../arm-none-eabi/lib/armv7e-m/fpu/libg.a
LOAD /usr/lib/gcc/arm-none-eabi/4.9.3/../../../arm-none-eabi/lib/armv7e-m/fpu/libc.a
END GROUP
                0x0000000008004000                . = ORIGIN (rom)

.text           0x0000000008004000     0x42c4
 *(.vectors_m)
 .vectors_m     0x0000000008004000      0x1ac build/update_flash_f4/vectors_ram.o
                0x0000000008004000                vector_table
                0x00000000080041ac                . = ALIGN (0x4)
 *(.bootloader_array1)
 *fill*         0x00000000080041ac        0x4 
 .bootloader_array1
                0x00000000080041b0     0x3f94 build/update_flash_f4/bl_update_frame.o
 *(.bootloader_array2)
 .bootloader_array2
                0x0000000008008144        0x8 build/update_flash_f4/bl_update_frame.o
                0x0000000008008144                bl_flash_end
 *(.bootloader_array*)
 .bootloader_array_code
                0x000000000800814c       0x54 build/update_flash_f4/bl_update_frame.o
                0x000000000800814c                bl_flash_start
 *(.reset_m)
 .reset_m       0x00000000080081a0       0x9c build/update_flash_f4/vectors_ram.o
                0x00000000080081a0                reset_handler
 *fill*         0x000000000800823c        0x4 
 .reset_m.__stub
                0x0000000008008240       0x10 linker stubs
                0x0000000008008250                . = ALIGN (0x4)
 *(.rodata*)
 .rodata        0x0000000008008250       0x48 build/update_flash_f4/bl_update_flash_f4.o
                0x0000000008008284                silicon_revs
 .rodata.str1.1
                0x0000000008008298       0x2a build/update_flash_f4/bl_update_flash_f4.o
                0x00000000080082c4                . = ALIGN (0x4)
 *fill*         0x00000000080082c2        0x2 
                0x00000000080082c4                _etext = .

.glue_7         0x00000000080082c4        0x0
 .glue_7        0x00000000080082c4        0x0 linker stubs

.glue_7t        0x00000000080082c4        0x0
 .glue_7t       0x00000000080082c4        0x0 linker stubs

.vfp11_veneer   0x00000000080082c4        0x0
 .vfp11_veneer  0x00000000080082c4        0x0 linker stubs

.v4_bx          0x00000000080082c4        0x0
 .v4_bx         0x00000000080082c4        0x0 linker stubs

.iplt           0x00000000080082c4        0x0
 .iplt          0x00000000080082c4        0x0 build/update_flash_f4/bl.o

.rel.dyn        0x00000000080082c4        0x0
 .rel.iplt      0x00000000080082c4        0x0 build/update_flash_f4/bl.o

.preinit_array  0x00000000080082c4        0x0
                0x00000000080082c4                . = ALIGN (0x4)
                0x00000000080082c4                __preinit_array_start = .
 *(.preinit_array)
                0x00000000080082c4                __preinit_array_end = .

.init_array     0x00000000080082c4        0x0
                0x00000000080082c4                . = ALIGN (0x4)
                0x00000000080082c4                __init_array_start = .
 *(SORT(.init_array.*))
 *(.init_array)
                0x00000000080082c4                __init_array_end = .

.fini_array     0x00000000080082c4        0x0
                0x00000000080082c4                . = ALIGN (0x4)
                0x00000000080082c4                __fini_array_start = .
 *(.fini_array)
 *(SORT(.fini_array.*))
                0x00000000080082c4                __fini_array_end = .
                0x0000000020001000                . = ORIGIN (ram)

.data           0x0000000020001000      0x714 load address 0x00000000080082c4
                0x0000000020001000                _data = .
 *(.text*)
 .text.sys_tick_handler
                0x0000000020001000       0x40 build/update_flash_f4/bl.o
                0x0000000020001000                sys_tick_handler
 .text.otg_fs_isr
                0x0000000020001040       0x10 build/update_flash_f4/cdcacm.o
                0x0000000020001040                otg_fs_isr
 .text.flash_func_sector_size
                0x0000000020001050       0x28 build/update_flash_f4/bl_update_flash_f4.o
                0x0000000020001050                flash_func_sector_size
 .text.flash_func_write_word
                0x0000000020001078        0x8 build/update_flash_f4/bl_update_flash_f4.o
                0x0000000020001078                flash_func_write_word
 .text.flash_func_read_word
                0x0000000020001080       0x12 build/update_flash_f4/bl_update_flash_f4.o
                0x0000000020001080                flash_func_read_word
 *fill*         0x0000000020001092        0x2 
 .text.flash_func_erase_sector
                0x0000000020001094       0x64 build/update_flash_f4/bl_update_flash_f4.o
                0x0000000020001094                flash_func_erase_sector
 .text.led_toggle
                0x00000000200010f8       0x18 build/update_flash_f4/bl_update_flash_f4.o
                0x00000000200010f8                led_toggle
 .text.startup.main
                0x0000000020001110       0xf4 build/update_flash_f4/bl_update_flash_f4.o
                0x0000000020001110                main
 .text.bl_flash_get32
                0x0000000020001204       0x30 build/update_flash_f4/bl_update_frame.o
                0x0000000020001204                bl_flash_get32
 .text.blocking_handler
                0x0000000020001234        0x2 build/update_flash_f4/vectors_ram.o
                0x0000000020001234                dma2_stream1_isr
                0x0000000020001234                tim8_brk_tim12_isr
                0x0000000020001234                dma1_stream7_isr
                0x0000000020001234                usart3_isr
                0x0000000020001234                tim7_isr
                0x0000000020001234                dma2d_isr
                0x0000000020001234                uart8_isr
                0x0000000020001234                dma1_stream2_isr
                0x0000000020001234                otg_hs_isr
                0x0000000020001234                blocking_handler
                0x0000000020001234                tim5_isr
                0x0000000020001234                rtc_wkup_isr
                0x0000000020001234                spi1_isr
                0x0000000020001234                i2c3_er_isr
                0x0000000020001234                exti2_isr
                0x0000000020001234                spi5_isr
                0x0000000020001234                usb_fs_wkup_isr
                0x0000000020001234                tamp_stamp_isr
                0x0000000020001234                can1_rx1_isr
                0x0000000020001234                dma2_stream0_isr
                0x0000000020001234                usart1_isr
                0x0000000020001234                i2c3_ev_isr
                0x0000000020001234                usage_fault_handler
                0x0000000020001234                can2_rx0_isr
                0x0000000020001234                dma1_stream6_isr
                0x0000000020001234                can2_rx1_isr
                0x0000000020001234                can1_sce_isr
                0x0000000020001234                tim1_cc_isr
                0x0000000020001234                can1_tx_isr
                0x0000000020001234                tim1_up_tim10_isr
                0x0000000020001234                sdio_isr
                0x0000000020001234                eth_isr
                0x0000000020001234                spi6_isr
                0x0000000020001234                dma2_stream5_isr
                0x0000000020001234                pvd_isr
                0x0000000020001234                can1_rx0_isr
                0x0000000020001234                rcc_isr
                0x0000000020001234                dma2_stream3_isr
                0x0000000020001234                flash_isr
                0x0000000020001234                uart4_isr
                0x0000000020001234                lcd_tft_isr
                0x0000000020001234                rtc_alarm_isr
                0x0000000020001234                exti15_10_isr
                0x0000000020001234                hash_rng_isr
                0x0000000020001234                tim1_trg_com_tim11_isr
                0x0000000020001234                hard_fault_handler
                0x0000000020001234                exti1_isr
                0x0000000020001234                i2c1_ev_isr
                0x0000000020001234                usart6_isr
                0x0000000020001234                spi2_isr
                0x0000000020001234                cryp_isr
                0x0000000020001234                nvic_wwdg_isr
                0x0000000020001234                dma1_stream1_isr
                0x0000000020001234                dma2_stream4_isr
                0x0000000020001234                exti3_isr
                0x0000000020001234                tim3_isr
                0x0000000020001234                usart2_isr
                0x0000000020001234                sai1_isr
                0x0000000020001234                fpu_isr
                0x0000000020001234                dma1_stream4_isr
                0x0000000020001234                i2c2_er_isr
                0x0000000020001234                i2c2_ev_isr
                0x0000000020001234                uart5_isr
                0x0000000020001234                dma2_stream6_isr
                0x0000000020001234                spi4_isr
                0x0000000020001234                adc_isr
                0x0000000020001234                dma2_stream7_isr
                0x0000000020001234                tim8_up_tim13_isr
                0x0000000020001234                fsmc_isr
                0x0000000020001234                exti4_isr
                0x0000000020001234                tim6_dac_isr
                0x0000000020001234                dma1_stream3_isr
                0x0000000020001234                tim8_trg_com_tim14_isr
                0x0000000020001234                mem_manage_handler
                0x0000000020001234                lcd_tft_err_isr
                0x0000000020001234                can2_tx_isr
                0x0000000020001234                exti9_5_isr
                0x0000000020001234                tim1_brk_tim9_isr
                0x0000000020001234                uart7_isr
                0x0000000020001234                can2_sce_isr
                0x0000000020001234                tim4_isr
                0x0000000020001234                otg_hs_wkup_isr
                0x0000000020001234                i2c1_er_isr
                0x0000000020001234                dma1_stream0_isr
                0x0000000020001234                tim8_cc_isr
                0x0000000020001234                dcmi_isr
                0x0000000020001234                dma2_stream2_isr
                0x0000000020001234                eth_wkup_isr
                0x0000000020001234                bus_fault_handler
                0x0000000020001234                otg_hs_ep1_out_isr
                0x0000000020001234                spi3_isr
                0x0000000020001234                dma1_stream5_isr
                0x0000000020001234                otg_hs_ep1_in_isr
                0x0000000020001234                tim2_isr
                0x0000000020001234                exti0_isr
 .text.null_handler
                0x0000000020001236        0x2 build/update_flash_f4/vectors_ram.o
                0x0000000020001236                null_handler
                0x0000000020001236                sv_call_handler
                0x0000000020001236                pend_sv_handler
                0x0000000020001236                debug_monitor_handler
                0x0000000020001236                nmi_handler
 .text.rcc_is_osc_ready
                0x0000000020001238       0x5c libopencm3/lib/libopencm3_stm32f4.a(rcc.o)
                0x0000000020001238                rcc_is_osc_ready
 .text.rcc_wait_for_osc_ready
                0x0000000020001294       0x10 libopencm3/lib/libopencm3_stm32f4.a(rcc.o)
                0x0000000020001294                rcc_wait_for_osc_ready
 .text.rcc_osc_on
                0x00000000200012a4       0x58 libopencm3/lib/libopencm3_stm32f4.a(rcc.o)
                0x00000000200012a4                rcc_osc_on
 .text.rcc_osc_off
                0x00000000200012fc       0x58 libopencm3/lib/libopencm3_stm32f4.a(rcc.o)
                0x00000000200012fc                rcc_osc_off
 .text.rcc_set_sysclk_source
                0x0000000020001354       0x14 libopencm3/lib/libopencm3_stm32f4.a(rcc.o)
                0x0000000020001354                rcc_set_sysclk_source
 .text.rcc_set_ppre2
                0x0000000020001368       0x14 libopencm3/lib/libopencm3_stm32f4.a(rcc.o)
                0x0000000020001368                rcc_set_ppre2
 .text.rcc_set_ppre1
                0x000000002000137c       0x14 libopencm3/lib/libopencm3_stm32f4.a(rcc.o)
                0x000000002000137c                rcc_set_ppre1
 .text.rcc_set_hpre
                0x0000000020001390       0x14 libopencm3/lib/libopencm3_stm32f4.a(rcc.o)
                0x0000000020001390                rcc_set_hpre
 .text.rcc_set_main_pll_hse
                0x00000000200013a4       0x44 libopencm3/lib/libopencm3_stm32f4.a(rcc.o)
                0x00000000200013a4                rcc_set_main_pll_hse
 .text.rcc_clock_setup_hse_3v3
                0x00000000200013e8       0xa8 libopencm3/lib/libopencm3_stm32f4.a(rcc.o)
                0x00000000200013e8                rcc_clock_setup_hse_3v3
 .text.gpio_clear
                0x0000000020001490        0x6 libopencm3/lib/libopencm3_stm32f4.a(gpio_common_all.o)
                0x0000000020001490                gpio_clear
 .text.gpio_toggle
                0x0000000020001496       0x10 libopencm3/lib/libopencm3_stm32f4.a(gpio_common_all.o)
                0x0000000020001496                gpio_toggle
 .text.gpio_mode_setup
                0x00000000200014a6       0x3a libopencm3/lib/libopencm3_stm32f4.a(gpio_common_f0234.o)
                0x00000000200014a6                gpio_mode_setup
 .text.gpio_set_output_options
                0x00000000200014e0       0x36 libopencm3/lib/libopencm3_stm32f4.a(gpio_common_f0234.o)
                0x00000000200014e0                gpio_set_output_options
 .text.gpio_set_af
                0x0000000020001516       0x54 libopencm3/lib/libopencm3_stm32f4.a(gpio_common_f0234.o)
                0x0000000020001516                gpio_set_af
 *fill*         0x000000002000156a        0x2 
 .text.flash_set_ws
                0x000000002000156c       0x14 libopencm3/lib/libopencm3_stm32f4.a(flash_common_f234.o)
                0x000000002000156c                flash_set_ws
 .text.flash_unlock
                0x0000000020001580       0x24 libopencm3/lib/libopencm3_stm32f4.a(flash_common_f234.o)
                0x0000000020001580                flash_unlock
 .text.flash_lock
                0x00000000200015a4       0x10 libopencm3/lib/libopencm3_stm32f4.a(flash_common_f234.o)
                0x00000000200015a4                flash_lock
 .text.flash_wait_for_last_operation
                0x00000000200015b4       0x10 libopencm3/lib/libopencm3_stm32f4.a(flash_common_f234.o)
                0x00000000200015b4                flash_wait_for_last_operation
 .text.flash_set_program_size
                0x00000000200015c4       0x18 libopencm3/lib/libopencm3_stm32f4.a(flash_common_f24.o)
 .text.flash_program_word
                0x00000000200015dc       0x30 libopencm3/lib/libopencm3_stm32f4.a(flash_common_f24.o)
                0x00000000200015dc                flash_program_word
 .text.flash_erase_sector
                0x000000002000160c       0x50 libopencm3/lib/libopencm3_stm32f4.a(flash_common_f24.o)
                0x000000002000160c                flash_erase_sector
 .text.rcc_peripheral_enable_clock
                0x000000002000165c        0x8 libopencm3/lib/libopencm3_stm32f4.a(rcc_common_all.o)
                0x000000002000165c                rcc_peripheral_enable_clock
 .text.usbd_poll
                0x0000000020001664        0x8 libopencm3/lib/libopencm3_stm32f4.a(usb.o)
                0x0000000020001664                usbd_poll
 .text.scb_reset_system
                0x000000002000166c       0x10 libopencm3/lib/libopencm3_stm32f4.a(scb.o)
                0x000000002000166c                scb_reset_system
 .text.pwr_set_vos_scale
                0x000000002000167c       0x20 libopencm3/lib/libopencm3_stm32f4.a(pwr.o)
                0x000000002000167c                pwr_set_vos_scale
 *fill*         0x000000002000169c        0x4 
 .text.pwr_set_vos_scale.__stub
                0x00000000200016a0       0x10 linker stubs
 *(.data*)
 .data          0x00000000200016b0       0x54 build/update_flash_f4/bl_update_flash_f4.o
                0x00000000200016b0                mcu_descriptions
                0x00000000200016e0                board_info
 .data          0x0000000020001704        0x4 build/update_flash_f4/bl_update_frame.o
 .data.rcc_ahb_frequency
                0x0000000020001708        0x4 libopencm3/lib/libopencm3_stm32f4.a(rcc.o)
                0x0000000020001708                rcc_ahb_frequency
 .data.rcc_apb1_frequency
                0x000000002000170c        0x4 libopencm3/lib/libopencm3_stm32f4.a(rcc.o)
                0x000000002000170c                rcc_apb1_frequency
 .data.rcc_apb2_frequency
                0x0000000020001710        0x4 libopencm3/lib/libopencm3_stm32f4.a(rcc.o)
                0x0000000020001710                rcc_apb2_frequency
                0x0000000020001714                . = ALIGN (0x4)
                0x0000000020001714                _edata = .
                0x00000000080082c4                _data_loadaddr = LOADADDR (.data)

.igot.plt       0x0000000020001714        0x0 load address 0x00000000080089d8
 .igot.plt      0x0000000020001714        0x0 build/update_flash_f4/bl.o

.bss            0x0000000020001714     0x47a8 load address 0x00000000080082c4
 *(.bss*)
 .bss           0x0000000020001714      0x714 build/update_flash_f4/bl.o
 .bss           0x0000000020001e28       0x84 build/update_flash_f4/cdcacm.o
 *(COMMON)
 COMMON         0x0000000020001eac       0x10 build/update_flash_f4/bl.o
                0x0000000020001eac                timer
 COMMON         0x0000000020001ebc     0x4000 build/update_flash_f4/bl_update_flash_f4.o
                0x0000000020001ebc                code
                0x0000000020005ebc                . = ALIGN (0x4)
                0x0000000020005ebc                _ebss = .

/DISCARD/
 *(.eh_frame)
                0x0000000020005ebc                . = ALIGN (0x4)
                0x0000000020005ebc                end = .
                0x0000000020020000                PROVIDE (_stack, 0x20020000)
OUTPUT(build/update_flash_f4/update_flash_f4.elf elf32-littlearm)

.debug_info     0x0000000000000000     0x6240
 .debug_info    0x0000000000000000     0x1633 build/update_flash_f4/bl.o
 .debug_info    0x0000000000001633      0xe73 build/update_flash_f4/cdcacm.o
 .debug_info    0x00000000000024a6      0xdbd build/update_flash_f4/bl_update_flash_f4.o
 .debug_info    0x0000000000003263      0x1eb build/update_flash_f4/bl_update_frame.o
 .debug_info    0x000000000000344e      0x2de build/update_flash_f4/vectors_ram.o
 .debug_info    0x000000000000372c      0x953 libopencm3/lib/libopencm3_stm32f4.a(rcc.o)
 .debug_info    0x000000000000407f      0x22c libopencm3/lib/libopencm3_stm32f4.a(gpio_common_all.o)
 .debug_info    0x00000000000042ab      0x1eb libopencm3/lib/libopencm3_stm32f4.a(gpio_common_f0234.o)
 .debug_info    0x0000000000004496      0x11f libopencm3/lib/libopencm3_stm32f4.a(flash_common_f234.o)
 .debug_info    0x00000000000045b5      0x4fc libopencm3/lib/libopencm3_stm32f4.a(flash_common_f24.o)
 .debug_info    0x0000000000004ab1      0x858 libopencm3/lib/libopencm3_stm32f4.a(rcc_common_all.o)
 .debug_info    0x0000000000005309      0xda2 libopencm3/lib/libopencm3_stm32f4.a(usb.o)
 .debug_info    0x00000000000060ab       0xd7 libopencm3/lib/libopencm3_stm32f4.a(scb.o)
 .debug_info    0x0000000000006182       0xbe libopencm3/lib/libopencm3_stm32f4.a(pwr.o)

.debug_abbrev   0x0000000000000000     0x1630
 .debug_abbrev  0x0000000000000000      0x45a build/update_flash_f4/bl.o
 .debug_abbrev  0x000000000000045a      0x2eb build/update_flash_f4/cdcacm.o
 .debug_abbrev  0x0000000000000745      0x364 build/update_flash_f4/bl_update_flash_f4.o
 .debug_abbrev  0x0000000000000aa9       0xc9 build/update_flash_f4/bl_update_frame.o
 .debug_abbrev  0x0000000000000b72      0x15c build/update_flash_f4/vectors_ram.o
 .debug_abbrev  0x0000000000000cce      0x241 libopencm3/lib/libopencm3_stm32f4.a(rcc.o)
 .debug_abbrev  0x0000000000000f0f      0x10e libopencm3/lib/libopencm3_stm32f4.a(gpio_common_all.o)
 .debug_abbrev  0x000000000000101d       0xb7 libopencm3/lib/libopencm3_stm32f4.a(gpio_common_f0234.o)
 .debug_abbrev  0x00000000000010d4       0x8a libopencm3/lib/libopencm3_stm32f4.a(flash_common_f234.o)
 .debug_abbrev  0x000000000000115e      0x131 libopencm3/lib/libopencm3_stm32f4.a(flash_common_f24.o)
 .debug_abbrev  0x000000000000128f       0xc1 libopencm3/lib/libopencm3_stm32f4.a(rcc_common_all.o)
 .debug_abbrev  0x0000000000001350      0x1ee libopencm3/lib/libopencm3_stm32f4.a(usb.o)
 .debug_abbrev  0x000000000000153e       0x79 libopencm3/lib/libopencm3_stm32f4.a(scb.o)
 .debug_abbrev  0x00000000000015b7       0x79 libopencm3/lib/libopencm3_stm32f4.a(pwr.o)

.debug_loc      0x0000000000000000     0x2032
 .debug_loc     0x0000000000000000      0x6b9 build/update_flash_f4/bl.o
 .debug_loc     0x00000000000006b9      0x1a6 build/update_flash_f4/cdcacm.o
 .debug_loc     0x000000000000085f      0x5b3 build/update_flash_f4/bl_update_flash_f4.o
 .debug_loc     0x0000000000000e12      0x144 build/update_flash_f4/bl_update_frame.o
 .debug_loc     0x0000000000000f56       0xac build/update_flash_f4/vectors_ram.o
 .debug_loc     0x0000000000001002      0x5c0 libopencm3/lib/libopencm3_stm32f4.a(rcc.o)
 .debug_loc     0x00000000000015c2       0x84 libopencm3/lib/libopencm3_stm32f4.a(gpio_common_all.o)
 .debug_loc     0x0000000000001646       0xcd libopencm3/lib/libopencm3_stm32f4.a(gpio_common_f0234.o)
 .debug_loc     0x0000000000001713       0x3f libopencm3/lib/libopencm3_stm32f4.a(flash_common_f234.o)
 .debug_loc     0x0000000000001752      0x2c4 libopencm3/lib/libopencm3_stm32f4.a(flash_common_f24.o)
 .debug_loc     0x0000000000001a16      0x14a libopencm3/lib/libopencm3_stm32f4.a(rcc_common_all.o)
 .debug_loc     0x0000000000001b60      0x4b1 libopencm3/lib/libopencm3_stm32f4.a(usb.o)
 .debug_loc     0x0000000000002011       0x21 libopencm3/lib/libopencm3_stm32f4.a(scb.o)

.debug_aranges  0x0000000000000000      0x5c0
 .debug_aranges
                0x0000000000000000       0x98 build/update_flash_f4/bl.o
 .debug_aranges
                0x0000000000000098       0x58 build/update_flash_f4/cdcacm.o
 .debug_aranges
                0x00000000000000f0       0x98 build/update_flash_f4/bl_update_flash_f4.o
 .debug_aranges
                0x0000000000000188       0x38 build/update_flash_f4/bl_update_frame.o
 .debug_aranges
                0x00000000000001c0       0x30 build/update_flash_f4/vectors_ram.o
 .debug_aranges
                0x00000000000001f0       0xf0 libopencm3/lib/libopencm3_stm32f4.a(rcc.o)
 .debug_aranges
                0x00000000000002e0       0x50 libopencm3/lib/libopencm3_stm32f4.a(gpio_common_all.o)
 .debug_aranges
                0x0000000000000330       0x30 libopencm3/lib/libopencm3_stm32f4.a(gpio_common_f0234.o)
 .debug_aranges
                0x0000000000000360       0x50 libopencm3/lib/libopencm3_stm32f4.a(flash_common_f234.o)
 .debug_aranges
                0x00000000000003b0       0xd0 libopencm3/lib/libopencm3_stm32f4.a(flash_common_f24.o)
 .debug_aranges
                0x0000000000000480       0x68 libopencm3/lib/libopencm3_stm32f4.a(rcc_common_all.o)
 .debug_aranges
                0x00000000000004e8       0x88 libopencm3/lib/libopencm3_stm32f4.a(usb.o)
 .debug_aranges
                0x0000000000000570       0x30 libopencm3/lib/libopencm3_stm32f4.a(scb.o)
 .debug_aranges
                0x00000000000005a0       0x20 libopencm3/lib/libopencm3_stm32f4.a(pwr.o)

.debug_ranges   0x0000000000000000      0x608
 .debug_ranges  0x0000000000000000      0x138 build/update_flash_f4/bl.o
 .debug_ranges  0x0000000000000138       0x48 build/update_flash_f4/cdcacm.o
 .debug_ranges  0x0000000000000180      0x100 build/update_flash_f4/bl_update_flash_f4.o
 .debug_ranges  0x0000000000000280       0x28 build/update_flash_f4/bl_update_frame.o
 .debug_ranges  0x00000000000002a8       0x20 build/update_flash_f4/vectors_ram.o
 .debug_ranges  0x00000000000002c8       0xe0 libopencm3/lib/libopencm3_stm32f4.a(rcc.o)
 .debug_ranges  0x00000000000003a8       0x40 libopencm3/lib/libopencm3_stm32f4.a(gpio_common_all.o)
 .debug_ranges  0x00000000000003e8       0x20 libopencm3/lib/libopencm3_stm32f4.a(gpio_common_f0234.o)
 .debug_ranges  0x0000000000000408       0x40 libopencm3/lib/libopencm3_stm32f4.a(flash_common_f234.o)
 .debug_ranges  0x0000000000000448       0xc0 libopencm3/lib/libopencm3_stm32f4.a(flash_common_f24.o)
 .debug_ranges  0x0000000000000508       0x58 libopencm3/lib/libopencm3_stm32f4.a(rcc_common_all.o)
 .debug_ranges  0x0000000000000560       0x78 libopencm3/lib/libopencm3_stm32f4.a(usb.o)
 .debug_ranges  0x00000000000005d8       0x20 libopencm3/lib/libopencm3_stm32f4.a(scb.o)
 .debug_ranges  0x00000000000005f8       0x10 libopencm3/lib/libopencm3_stm32f4.a(pwr.o)

.debug_line     0x0000000000000000     0x27cf
 .debug_line    0x0000000000000000      0x534 build/update_flash_f4/bl.o
 .debug_line    0x0000000000000534      0x257 build/update_flash_f4/cdcacm.o
 .debug_line    0x000000000000078b      0x36e build/update_flash_f4/bl_update_flash_f4.o
 .debug_line    0x0000000000000af9       0xec build/update_flash_f4/bl_update_frame.o
 .debug_line    0x0000000000000be5      0x18e build/update_flash_f4/vectors_ram.o
 .debug_line    0x0000000000000d73      0x4d1 libopencm3/lib/libopencm3_stm32f4.a(rcc.o)
 .debug_line    0x0000000000001244      0x2ab libopencm3/lib/libopencm3_stm32f4.a(gpio_common_all.o)
 .debug_line    0x00000000000014ef      0x28c libopencm3/lib/libopencm3_stm32f4.a(gpio_common_f0234.o)
 .debug_line    0x000000000000177b      0x29b libopencm3/lib/libopencm3_stm32f4.a(flash_common_f234.o)
 .debug_line    0x0000000000001a16      0x3f1 libopencm3/lib/libopencm3_stm32f4.a(flash_common_f24.o)
 .debug_line    0x0000000000001e07      0x2a5 libopencm3/lib/libopencm3_stm32f4.a(rcc_common_all.o)
 .debug_line    0x00000000000020ac      0x312 libopencm3/lib/libopencm3_stm32f4.a(usb.o)
 .debug_line    0x00000000000023be      0x217 libopencm3/lib/libopencm3_stm32f4.a(scb.o)
 .debug_line    0x00000000000025d5      0x1fa libopencm3/lib/libopencm3_stm32f4.a(pwr.o)

.debug_str      0x0000000000000000     0xf62a
 .debug_str     0x0000000000000000      0x544 build/update_flash_f4/bl.o
                                        0x64d (size before relaxing)
 .debug_str     0x0000000000000544      0x776 build/update_flash_f4/cdcacm.o
                                        0xa04 (size before relaxing)
 .debug_str     0x0000000000000cba      0x2d4 build/update_flash_f4/bl_update_flash_f4.o
                                        0x6d4 (size before relaxing)
 .debug_str     0x0000000000000f8e       0x4e build/update_flash_f4/bl_update_frame.o
                                        0x1ef (size before relaxing)
 .debug_str     0x0000000000000fdc      0x1a0 build/update_flash_f4/vectors_ram.o
                                        0x376 (size before relaxing)
 .debug_str     0x000000000000117c     0x81dc libopencm3/lib/libopencm3_stm32f4.a(rcc.o)
                                       0x854d (size before relaxing)
 .debug_str     0x0000000000009358     0x13ff libopencm3/lib/libopencm3_stm32f4.a(gpio_common_all.o)
                                       0x5a06 (size before relaxing)
 .debug_str     0x000000000000a757       0x66 libopencm3/lib/libopencm3_stm32f4.a(gpio_common_f0234.o)
                                       0x5a28 (size before relaxing)
 .debug_str     0x000000000000a7bd       0x7e libopencm3/lib/libopencm3_stm32f4.a(flash_common_f234.o)
                                       0x4d43 (size before relaxing)
 .debug_str     0x000000000000a83b      0x203 libopencm3/lib/libopencm3_stm32f4.a(flash_common_f24.o)
                                       0x4f73 (size before relaxing)
 .debug_str     0x000000000000aa3e      0x9a8 libopencm3/lib/libopencm3_stm32f4.a(rcc_common_all.o)
                                       0x8006 (size before relaxing)
 .debug_str     0x000000000000b3e6     0x2f30 libopencm3/lib/libopencm3_stm32f4.a(usb.o)
                                       0x6942 (size before relaxing)
 .debug_str     0x000000000000e316     0x130e libopencm3/lib/libopencm3_stm32f4.a(scb.o)
                                       0x6dde (size before relaxing)
 .debug_str     0x000000000000f624        0x6 libopencm3/lib/libopencm3_stm32f4.a(pwr.o)
                                       0x4938 (size before relaxing)

.comment        0x0000000000000000       0x38
 .comment       0x0000000000000000       0x38 build/update_flash_f4/bl.o
                                         0x39 (size before relaxing)
 .comment       0x0000000000000038       0x39 build/update_flash_f4/cdcacm.o
 .comment       0x0000000000000038       0x39 build/update_flash_f4/bl_update_flash_f4.o
 .comment       0x0000000000000038       0x39 build/update_flash_f4/bl_update_frame.o
 .comment       0x0000000000000038       0x39 build/update_flash_f4/vectors_ram.o
 .comment       0x0000000000000038       0x39 libopencm3/lib/libopencm3_stm32f4.a(rcc.o)
 .comment       0x0000000000000038       0x39 libopencm3/lib/libopencm3_stm32f4.a(gpio_common_all.o)
 .comment       0x0000000000000038       0x39 libopencm3/lib/libopencm3_stm32f4.a(gpio_common_f0234.o)
 .comment       0x0000000000000038       0x39 libopencm3/lib/libopencm3_stm32f4.a(flash_common_f234.o)
 .comment       0x0000000000000038       0x39 libopencm3/lib/libopencm3_stm32f4.a(flash_common_f24.o)
 .comment       0x0000000000000038       0x39 libopencm3/lib/libopencm3_stm32f4.a(rcc_common_all.o)
 .comment       0x0000000000000038       0x39 libopencm3/lib/libopencm3_stm32f4.a(usb.o)
 .comment       0x0000000000000038       0x39 libopencm3/lib/libopencm3_stm32f4.a(scb.o)
 .comment       0x0000000000000038       0x39 libopencm3/lib/libopencm3_stm32f4.a(pwr.o)

.ARM.attributes
                0x0000000000000000       0x37
 .ARM.attributes
                0x0000000000000000       0x39 build/update_flash_f4/bl.o
 .ARM.attributes
                0x0000000000000039       0x39 build/update_flash_f4/cdcacm.o
 .ARM.attributes
                0x0000000000000072       0x39 build/update_flash_f4/bl_update_flash_f4.o
 .ARM.attributes
                0x00000000000000ab       0x39 build/update_flash_f4/bl_update_frame.o
 .ARM.attributes
                0x00000000000000e4       0x39 build/update_flash_f4/vectors_ram.o
 .ARM.attributes
                0x000000000000011d       0x39 libopencm3/lib/libopencm3_stm32f4.a(rcc.o)
 .ARM.attributes
                0x0000000000000156       0x39 libopencm3/lib/libopencm3_stm32f4.a(gpio_common_all.o)
 .ARM.attributes
                0x000000000000018f       0x39 libopencm3/lib/libopencm3_stm32f4.a(gpio_common_f0234.o)
 .ARM.attributes
                0x00000000000001c8       0x39 libopencm3/lib/libopencm3_stm32f4.a(flash_common_f234.o)
 .ARM.attributes
                0x0000000000000201       0x39 libopencm3/lib/libopencm3_stm32f4.a(flash_common_f24.o)
 .ARM.attributes
                0x000000000000023a       0x39 libopencm3/lib/libopencm3_stm32f4.a(rcc_common_all.o)
 .ARM.attributes
                0x0000000000000273       0x39 libopencm3/lib/libopencm3_stm32f4.a(usb.o)
 .ARM.attributes
                0x00000000000002ac       0x39 libopencm3/lib/libopencm3_stm32f4.a(scb.o)
 .ARM.attributes
                0x00000000000002e5       0x39 libopencm3/lib/libopencm3_stm32f4.a(pwr.o)

.debug_frame    0x0000000000000000      0xc3c
 .debug_frame   0x0000000000000000      0x1b4 build/update_flash_f4/bl.o
 .debug_frame   0x00000000000001b4       0xdc build/update_flash_f4/cdcacm.o
 .debug_frame   0x0000000000000290      0x168 build/update_flash_f4/bl_update_flash_f4.o
 .debug_frame   0x00000000000003f8       0x60 build/update_flash_f4/bl_update_frame.o
 .debug_frame   0x0000000000000458       0x48 build/update_flash_f4/vectors_ram.o
 .debug_frame   0x00000000000004a0      0x1ec libopencm3/lib/libopencm3_stm32f4.a(rcc.o)
 .debug_frame   0x000000000000068c       0x80 libopencm3/lib/libopencm3_stm32f4.a(gpio_common_all.o)
 .debug_frame   0x000000000000070c       0x6c libopencm3/lib/libopencm3_stm32f4.a(gpio_common_f0234.o)
 .debug_frame   0x0000000000000778       0x80 libopencm3/lib/libopencm3_stm32f4.a(flash_common_f234.o)
 .debug_frame   0x00000000000007f8      0x1f8 libopencm3/lib/libopencm3_stm32f4.a(flash_common_f24.o)
 .debug_frame   0x00000000000009f0       0xb0 libopencm3/lib/libopencm3_stm32f4.a(rcc_common_all.o)
 .debug_frame   0x0000000000000aa0      0x13c libopencm3/lib/libopencm3_stm32f4.a(usb.o)
 .debug_frame   0x0000000000000bdc       0x40 libopencm3/lib/libopencm3_stm32f4.a(scb.o)
 .debug_frame   0x0000000000000c1c       0x20 libopencm3/lib/libopencm3_stm32f4.a(pwr.o)

.debug_macro    0x0000000000000000     0x36a9
 .debug_macro   0x0000000000000000       0xf7 libopencm3/lib/libopencm3_stm32f4.a(rcc.o)
 .debug_macro   0x00000000000000f7      0x874 libopencm3/lib/libopencm3_stm32f4.a(rcc.o)
 .debug_macro   0x000000000000096b       0x22 libopencm3/lib/libopencm3_stm32f4.a(rcc.o)
 .debug_macro   0x000000000000098d       0x44 libopencm3/lib/libopencm3_stm32f4.a(rcc.o)
 .debug_macro   0x00000000000009d1       0xe3 libopencm3/lib/libopencm3_stm32f4.a(rcc.o)
 .debug_macro   0x0000000000000ab4       0x22 libopencm3/lib/libopencm3_stm32f4.a(rcc.o)
 .debug_macro   0x0000000000000ad6      0x1df libopencm3/lib/libopencm3_stm32f4.a(rcc.o)
 .debug_macro   0x0000000000000cb5       0x22 libopencm3/lib/libopencm3_stm32f4.a(rcc.o)
 .debug_macro   0x0000000000000cd7       0xfa libopencm3/lib/libopencm3_stm32f4.a(rcc.o)
 .debug_macro   0x0000000000000dd1       0x16 libopencm3/lib/libopencm3_stm32f4.a(rcc.o)
 .debug_macro   0x0000000000000de7       0x58 libopencm3/lib/libopencm3_stm32f4.a(rcc.o)
 .debug_macro   0x0000000000000e3f      0x26d libopencm3/lib/libopencm3_stm32f4.a(rcc.o)
 .debug_macro   0x00000000000010ac      0xb38 libopencm3/lib/libopencm3_stm32f4.a(rcc.o)
 .debug_macro   0x0000000000001be4       0x8e libopencm3/lib/libopencm3_stm32f4.a(rcc.o)
 .debug_macro   0x0000000000001c72       0x22 libopencm3/lib/libopencm3_stm32f4.a(rcc.o)
 .debug_macro   0x0000000000001c94       0x64 libopencm3/lib/libopencm3_stm32f4.a(rcc.o)
 .debug_macro   0x0000000000001cf8       0xf4 libopencm3/lib/libopencm3_stm32f4.a(rcc.o)
 .debug_macro   0x0000000000001dec       0xc3 libopencm3/lib/libopencm3_stm32f4.a(gpio_common_all.o)
 .debug_macro   0x0000000000001eaf       0x76 libopencm3/lib/libopencm3_stm32f4.a(gpio_common_all.o)
 .debug_macro   0x0000000000001f25      0x2e6 libopencm3/lib/libopencm3_stm32f4.a(gpio_common_all.o)
 .debug_macro   0x000000000000220b      0x14e libopencm3/lib/libopencm3_stm32f4.a(gpio_common_all.o)
 .debug_macro   0x0000000000002359       0xc3 libopencm3/lib/libopencm3_stm32f4.a(gpio_common_f0234.o)
 .debug_macro   0x000000000000241c       0xb4 libopencm3/lib/libopencm3_stm32f4.a(flash_common_f234.o)
 .debug_macro   0x00000000000024d0       0xb4 libopencm3/lib/libopencm3_stm32f4.a(flash_common_f24.o)
 .debug_macro   0x0000000000002584       0xc0 libopencm3/lib/libopencm3_stm32f4.a(rcc_common_all.o)
 .debug_macro   0x0000000000002644      0x135 libopencm3/lib/libopencm3_stm32f4.a(usb.o)
 .debug_macro   0x0000000000002779       0x58 libopencm3/lib/libopencm3_stm32f4.a(usb.o)
 .debug_macro   0x00000000000027d1       0x35 libopencm3/lib/libopencm3_stm32f4.a(usb.o)
 .debug_macro   0x0000000000002806       0x9c libopencm3/lib/libopencm3_stm32f4.a(usb.o)
 .debug_macro   0x00000000000028a2      0x166 libopencm3/lib/libopencm3_stm32f4.a(usb.o)
 .debug_macro   0x0000000000002a08       0x4a libopencm3/lib/libopencm3_stm32f4.a(usb.o)
 .debug_macro   0x0000000000002a52       0x52 libopencm3/lib/libopencm3_stm32f4.a(usb.o)
 .debug_macro   0x0000000000002aa4       0x16 libopencm3/lib/libopencm3_stm32f4.a(usb.o)
 .debug_macro   0x0000000000002aba       0x43 libopencm3/lib/libopencm3_stm32f4.a(usb.o)
 .debug_macro   0x0000000000002afd      0x180 libopencm3/lib/libopencm3_stm32f4.a(usb.o)
 .debug_macro   0x0000000000002c7d      0x29d libopencm3/lib/libopencm3_stm32f4.a(usb.o)
 .debug_macro   0x0000000000002f1a       0x10 libopencm3/lib/libopencm3_stm32f4.a(usb.o)
 .debug_macro   0x0000000000002f2a       0x35 libopencm3/lib/libopencm3_stm32f4.a(usb.o)
 .debug_macro   0x0000000000002f5f      0x196 libopencm3/lib/libopencm3_stm32f4.a(usb.o)
 .debug_macro   0x00000000000030f5       0x10 libopencm3/lib/libopencm3_stm32f4.a(usb.o)
 .debug_macro   0x0000000000003105       0x1c libopencm3/lib/libopencm3_stm32f4.a(usb.o)
 .debug_macro   0x0000000000003121      0x13d libopencm3/lib/libopencm3_stm32f4.a(scb.o)
 .debug_macro   0x000000000000325e      0x3a1 libopencm3/lib/libopencm3_stm32f4.a(scb.o)
 .debug_macro   0x00000000000035ff       0xaa libopencm3/lib/libopencm3_stm32f4.a(pwr.o)
