Archive member included to satisfy reference by file (symbol)

libopencm3/lib/libopencm3_stm32f1.a(flash.o)
                              build/px4io_bl/main_f1.o (flash_erase_page)
libopencm3/lib/libopencm3_stm32f1.a(gpio.o)
                              build/px4io_bl/main_f1.o (gpio_set_mode)
libopencm3/lib/libopencm3_stm32f1.a(rcc.o)
                              build/px4io_bl/main_f1.o (rcc_wait_for_osc_ready)
libopencm3/lib/libopencm3_stm32f1.a(gpio_common_all.o)
                              build/px4io_bl/main_f1.o (gpio_set)
libopencm3/lib/libopencm3_stm32f1.a(usart_common_all.o)
                              build/px4io_bl/usart.o (usart_set_baudrate)
libopencm3/lib/libopencm3_stm32f1.a(usart_common_f124.o)
                              libopencm3/lib/libopencm3_stm32f1.a(usart_common_all.o) (usart_send)
libopencm3/lib/libopencm3_stm32f1.a(rcc_common_all.o)
                              build/px4io_bl/main_f1.o (rcc_peripheral_enable_clock)
libopencm3/lib/libopencm3_stm32f1.a(flash_common_f01.o)
                              libopencm3/lib/libopencm3_stm32f1.a(rcc.o) (flash_set_ws)
libopencm3/lib/libopencm3_stm32f1.a(vector.o)
                              (vector_table)
libopencm3/lib/libopencm3_stm32f1.a(systick.o)
                              build/px4io_bl/bl.o (systick_set_reload)
libopencm3/lib/libopencm3_stm32f1.a(assert.o)
                              libopencm3/lib/libopencm3_stm32f1.a(rcc.o) (cm3_assert_failed)
/usr/lib/gcc/arm-none-eabi/4.9.3/../../../arm-none-eabi/lib/armv7-m/libg.a(lib_a-memcpy.o)
                              build/px4io_bl/bl.o (memcpy)
/usr/lib/gcc/arm-none-eabi/4.9.3/../../../arm-none-eabi/lib/armv7-m/libg.a(lib_a-memset.o)
                              build/px4io_bl/bl.o (memset)

Allocating common symbols
Common symbol       size              file

timer               0x10              build/px4io_bl/bl.o
usart               0x4               build/px4io_bl/usart.o

Discarded input sections

 .text          0x0000000000000000        0x0 build/px4io_bl/bl.o
 .data          0x0000000000000000        0x0 build/px4io_bl/bl.o
 .text.cfini    0x0000000000000000        0x4 build/px4io_bl/bl.o
 .text.buf_put  0x0000000000000000       0x1c build/px4io_bl/bl.o
 .text.buf_get  0x0000000000000000       0x20 build/px4io_bl/bl.o
 .text.led_blink_off
                0x0000000000000000       0x10 build/px4io_bl/bl.o
 .text.bootloader_b2
                0x0000000000000000      0x244 build/px4io_bl/bl.o
 .text          0x0000000000000000        0x0 build/px4io_bl/cdcacm.o
 .data          0x0000000000000000        0x0 build/px4io_bl/cdcacm.o
 .bss           0x0000000000000000        0x0 build/px4io_bl/cdcacm.o
 .debug_info    0x0000000000000000       0x72 build/px4io_bl/cdcacm.o
 .debug_abbrev  0x0000000000000000       0x26 build/px4io_bl/cdcacm.o
 .debug_aranges
                0x0000000000000000       0x18 build/px4io_bl/cdcacm.o
 .debug_line    0x0000000000000000       0x1d build/px4io_bl/cdcacm.o
 .debug_str     0x0000000000000000      0x125 build/px4io_bl/cdcacm.o
 .comment       0x0000000000000000       0x39 build/px4io_bl/cdcacm.o
 .ARM.attributes
                0x0000000000000000       0x33 build/px4io_bl/cdcacm.o
 .text          0x0000000000000000        0x0 build/px4io_bl/usart.o
 .data          0x0000000000000000        0x0 build/px4io_bl/usart.o
 .bss           0x0000000000000000        0x0 build/px4io_bl/usart.o
 .text          0x0000000000000000        0x0 build/px4io_bl/main_f1.o
 .bss           0x0000000000000000        0x0 build/px4io_bl/main_f1.o
 .text.check_silicon
                0x0000000000000000        0x4 build/px4io_bl/main_f1.o
 .group         0x0000000000000000        0x8 libopencm3/lib/libopencm3_stm32f1.a(flash.o)
 .group         0x0000000000000000        0x8 libopencm3/lib/libopencm3_stm32f1.a(flash.o)
 .group         0x0000000000000000        0x8 libopencm3/lib/libopencm3_stm32f1.a(flash.o)
 .group         0x0000000000000000        0x8 libopencm3/lib/libopencm3_stm32f1.a(flash.o)
 .group         0x0000000000000000        0x8 libopencm3/lib/libopencm3_stm32f1.a(flash.o)
 .group         0x0000000000000000        0x8 libopencm3/lib/libopencm3_stm32f1.a(flash.o)
 .group         0x0000000000000000        0x8 libopencm3/lib/libopencm3_stm32f1.a(flash.o)
 .group         0x0000000000000000        0x8 libopencm3/lib/libopencm3_stm32f1.a(flash.o)
 .group         0x0000000000000000        0x8 libopencm3/lib/libopencm3_stm32f1.a(flash.o)
 .group         0x0000000000000000        0x8 libopencm3/lib/libopencm3_stm32f1.a(flash.o)
 .group         0x0000000000000000        0x8 libopencm3/lib/libopencm3_stm32f1.a(flash.o)
 .group         0x0000000000000000        0x8 libopencm3/lib/libopencm3_stm32f1.a(flash.o)
 .text          0x0000000000000000        0x0 libopencm3/lib/libopencm3_stm32f1.a(flash.o)
 .data          0x0000000000000000        0x0 libopencm3/lib/libopencm3_stm32f1.a(flash.o)
 .bss           0x0000000000000000        0x0 libopencm3/lib/libopencm3_stm32f1.a(flash.o)
 .text.flash_halfcycle_enable
                0x0000000000000000       0x10 libopencm3/lib/libopencm3_stm32f1.a(flash.o)
 .text.flash_halfcycle_disable
                0x0000000000000000       0x10 libopencm3/lib/libopencm3_stm32f1.a(flash.o)
 .text.flash_unlock_upper
                0x0000000000000000       0x34 libopencm3/lib/libopencm3_stm32f1.a(flash.o)
 .text.flash_lock_upper
                0x0000000000000000       0x10 libopencm3/lib/libopencm3_stm32f1.a(flash.o)
 .text.flash_clear_pgerr_flag_upper
                0x0000000000000000       0x20 libopencm3/lib/libopencm3_stm32f1.a(flash.o)
 .text.flash_clear_eop_flag_upper
                0x0000000000000000       0x20 libopencm3/lib/libopencm3_stm32f1.a(flash.o)
 .text.flash_clear_wrprterr_flag_upper
                0x0000000000000000       0x20 libopencm3/lib/libopencm3_stm32f1.a(flash.o)
 .text.flash_clear_bsy_flag_upper
                0x0000000000000000       0x20 libopencm3/lib/libopencm3_stm32f1.a(flash.o)
 .text.flash_clear_status_flags
                0x0000000000000000       0x38 libopencm3/lib/libopencm3_stm32f1.a(flash.o)
 .text.flash_erase_all_pages
                0x0000000000000000       0x48 libopencm3/lib/libopencm3_stm32f1.a(flash.o)
 .group         0x0000000000000000        0x8 libopencm3/lib/libopencm3_stm32f1.a(gpio.o)
 .group         0x0000000000000000        0x8 libopencm3/lib/libopencm3_stm32f1.a(gpio.o)
 .group         0x0000000000000000        0x8 libopencm3/lib/libopencm3_stm32f1.a(gpio.o)
 .group         0x0000000000000000        0x8 libopencm3/lib/libopencm3_stm32f1.a(gpio.o)
 .group         0x0000000000000000        0x8 libopencm3/lib/libopencm3_stm32f1.a(gpio.o)
 .group         0x0000000000000000        0x8 libopencm3/lib/libopencm3_stm32f1.a(gpio.o)
 .group         0x0000000000000000        0x8 libopencm3/lib/libopencm3_stm32f1.a(gpio.o)
 .group         0x0000000000000000        0x8 libopencm3/lib/libopencm3_stm32f1.a(gpio.o)
 .group         0x0000000000000000        0x8 libopencm3/lib/libopencm3_stm32f1.a(gpio.o)
 .group         0x0000000000000000        0x8 libopencm3/lib/libopencm3_stm32f1.a(gpio.o)
 .group         0x0000000000000000        0x8 libopencm3/lib/libopencm3_stm32f1.a(gpio.o)
 .group         0x0000000000000000        0x8 libopencm3/lib/libopencm3_stm32f1.a(gpio.o)
 .text          0x0000000000000000        0x0 libopencm3/lib/libopencm3_stm32f1.a(gpio.o)
 .data          0x0000000000000000        0x0 libopencm3/lib/libopencm3_stm32f1.a(gpio.o)
 .bss           0x0000000000000000        0x0 libopencm3/lib/libopencm3_stm32f1.a(gpio.o)
 .text.gpio_set_eventout
                0x0000000000000000       0x10 libopencm3/lib/libopencm3_stm32f1.a(gpio.o)
 .text.gpio_primary_remap
                0x0000000000000000       0x14 libopencm3/lib/libopencm3_stm32f1.a(gpio.o)
 .text.gpio_secondary_remap
                0x0000000000000000       0x10 libopencm3/lib/libopencm3_stm32f1.a(gpio.o)
 .debug_macro   0x0000000000000000      0x862 libopencm3/lib/libopencm3_stm32f1.a(gpio.o)
 .debug_macro   0x0000000000000000       0x22 libopencm3/lib/libopencm3_stm32f1.a(gpio.o)
 .debug_macro   0x0000000000000000       0x44 libopencm3/lib/libopencm3_stm32f1.a(gpio.o)
 .debug_macro   0x0000000000000000       0xe3 libopencm3/lib/libopencm3_stm32f1.a(gpio.o)
 .debug_macro   0x0000000000000000       0x22 libopencm3/lib/libopencm3_stm32f1.a(gpio.o)
 .debug_macro   0x0000000000000000      0x1df libopencm3/lib/libopencm3_stm32f1.a(gpio.o)
 .debug_macro   0x0000000000000000       0x22 libopencm3/lib/libopencm3_stm32f1.a(gpio.o)
 .debug_macro   0x0000000000000000       0xfa libopencm3/lib/libopencm3_stm32f1.a(gpio.o)
 .debug_macro   0x0000000000000000       0x58 libopencm3/lib/libopencm3_stm32f1.a(gpio.o)
 .debug_macro   0x0000000000000000      0x1b4 libopencm3/lib/libopencm3_stm32f1.a(gpio.o)
 .group         0x0000000000000000        0x8 libopencm3/lib/libopencm3_stm32f1.a(rcc.o)
 .group         0x0000000000000000        0x8 libopencm3/lib/libopencm3_stm32f1.a(rcc.o)
 .group         0x0000000000000000        0x8 libopencm3/lib/libopencm3_stm32f1.a(rcc.o)
 .group         0x0000000000000000        0x8 libopencm3/lib/libopencm3_stm32f1.a(rcc.o)
 .group         0x0000000000000000        0x8 libopencm3/lib/libopencm3_stm32f1.a(rcc.o)
 .group         0x0000000000000000        0x8 libopencm3/lib/libopencm3_stm32f1.a(rcc.o)
 .group         0x0000000000000000        0x8 libopencm3/lib/libopencm3_stm32f1.a(rcc.o)
 .group         0x0000000000000000        0x8 libopencm3/lib/libopencm3_stm32f1.a(rcc.o)
 .group         0x0000000000000000        0x8 libopencm3/lib/libopencm3_stm32f1.a(rcc.o)
 .group         0x0000000000000000        0x8 libopencm3/lib/libopencm3_stm32f1.a(rcc.o)
 .group         0x0000000000000000        0x8 libopencm3/lib/libopencm3_stm32f1.a(rcc.o)
 .group         0x0000000000000000        0x8 libopencm3/lib/libopencm3_stm32f1.a(rcc.o)
 .group         0x0000000000000000        0x8 libopencm3/lib/libopencm3_stm32f1.a(rcc.o)
 .group         0x0000000000000000        0x8 libopencm3/lib/libopencm3_stm32f1.a(rcc.o)
 .text          0x0000000000000000        0x0 libopencm3/lib/libopencm3_stm32f1.a(rcc.o)
 .data          0x0000000000000000        0x0 libopencm3/lib/libopencm3_stm32f1.a(rcc.o)
 .bss           0x0000000000000000        0x0 libopencm3/lib/libopencm3_stm32f1.a(rcc.o)
 .text.rcc_osc_ready_int_clear
                0x0000000000000000       0x5c libopencm3/lib/libopencm3_stm32f1.a(rcc.o)
 .text.rcc_osc_ready_int_enable
                0x0000000000000000       0x5c libopencm3/lib/libopencm3_stm32f1.a(rcc.o)
 .text.rcc_osc_ready_int_disable
                0x0000000000000000       0x5c libopencm3/lib/libopencm3_stm32f1.a(rcc.o)
 .text.rcc_osc_ready_int_flag
                0x0000000000000000       0x54 libopencm3/lib/libopencm3_stm32f1.a(rcc.o)
 .text.rcc_css_int_clear
                0x0000000000000000       0x10 libopencm3/lib/libopencm3_stm32f1.a(rcc.o)
 .text.rcc_css_int_flag
                0x0000000000000000       0x10 libopencm3/lib/libopencm3_stm32f1.a(rcc.o)
 .text.rcc_css_enable
                0x0000000000000000       0x10 libopencm3/lib/libopencm3_stm32f1.a(rcc.o)
 .text.rcc_osc_bypass_enable
                0x0000000000000000       0x28 libopencm3/lib/libopencm3_stm32f1.a(rcc.o)
 .text.rcc_set_pll2_multiplication_factor
                0x0000000000000000       0x14 libopencm3/lib/libopencm3_stm32f1.a(rcc.o)
 .text.rcc_set_pll3_multiplication_factor
                0x0000000000000000       0x14 libopencm3/lib/libopencm3_stm32f1.a(rcc.o)
 .text.rcc_set_pllxtpre
                0x0000000000000000       0x14 libopencm3/lib/libopencm3_stm32f1.a(rcc.o)
 .text.rcc_rtc_clock_enabled_flag
                0x0000000000000000       0x10 libopencm3/lib/libopencm3_stm32f1.a(rcc.o)
 .text.rcc_enable_rtc_clock
                0x0000000000000000       0x10 libopencm3/lib/libopencm3_stm32f1.a(rcc.o)
 .text.rcc_set_rtc_clock_source
                0x0000000000000000       0x90 libopencm3/lib/libopencm3_stm32f1.a(rcc.o)
 .text.rcc_set_usbpre
                0x0000000000000000       0x18 libopencm3/lib/libopencm3_stm32f1.a(rcc.o)
 .text.rcc_set_prediv1
                0x0000000000000000       0x14 libopencm3/lib/libopencm3_stm32f1.a(rcc.o)
 .text.rcc_set_prediv2
                0x0000000000000000       0x14 libopencm3/lib/libopencm3_stm32f1.a(rcc.o)
 .text.rcc_set_prediv1_source
                0x0000000000000000       0x18 libopencm3/lib/libopencm3_stm32f1.a(rcc.o)
 .text.rcc_system_clock_source
                0x0000000000000000       0x10 libopencm3/lib/libopencm3_stm32f1.a(rcc.o)
 .text.rcc_clock_setup_in_hsi_out_64mhz
                0x0000000000000000       0x74 libopencm3/lib/libopencm3_stm32f1.a(rcc.o)
 .text.rcc_clock_setup_in_hsi_out_24mhz
                0x0000000000000000       0x70 libopencm3/lib/libopencm3_stm32f1.a(rcc.o)
 .text.rcc_clock_setup_in_hse_8mhz_out_24mhz
                0x0000000000000000       0x88 libopencm3/lib/libopencm3_stm32f1.a(rcc.o)
 .text.rcc_clock_setup_in_hse_8mhz_out_72mhz
                0x0000000000000000       0x8c libopencm3/lib/libopencm3_stm32f1.a(rcc.o)
 .text.rcc_clock_setup_in_hse_12mhz_out_72mhz
                0x0000000000000000       0x8c libopencm3/lib/libopencm3_stm32f1.a(rcc.o)
 .text.rcc_clock_setup_in_hse_16mhz_out_72mhz
                0x0000000000000000       0x8c libopencm3/lib/libopencm3_stm32f1.a(rcc.o)
 .text.rcc_clock_setup_in_hse_25mhz_out_72mhz
                0x0000000000000000       0xac libopencm3/lib/libopencm3_stm32f1.a(rcc.o)
 .text.rcc_backupdomain_reset
                0x0000000000000000       0x18 libopencm3/lib/libopencm3_stm32f1.a(rcc.o)
 .debug_macro   0x0000000000000000      0x862 libopencm3/lib/libopencm3_stm32f1.a(rcc.o)
 .debug_macro   0x0000000000000000       0x22 libopencm3/lib/libopencm3_stm32f1.a(rcc.o)
 .debug_macro   0x0000000000000000       0x44 libopencm3/lib/libopencm3_stm32f1.a(rcc.o)
 .debug_macro   0x0000000000000000       0xe3 libopencm3/lib/libopencm3_stm32f1.a(rcc.o)
 .debug_macro   0x0000000000000000       0x22 libopencm3/lib/libopencm3_stm32f1.a(rcc.o)
 .debug_macro   0x0000000000000000      0x1df libopencm3/lib/libopencm3_stm32f1.a(rcc.o)
 .debug_macro   0x0000000000000000       0x22 libopencm3/lib/libopencm3_stm32f1.a(rcc.o)
 .debug_macro   0x0000000000000000       0xfa libopencm3/lib/libopencm3_stm32f1.a(rcc.o)
 .debug_macro   0x0000000000000000       0x58 libopencm3/lib/libopencm3_stm32f1.a(rcc.o)
 .debug_macro   0x0000000000000000      0x1b4 libopencm3/lib/libopencm3_stm32f1.a(rcc.o)
 .debug_macro   0x0000000000000000       0xdc libopencm3/lib/libopencm3_stm32f1.a(rcc.o)
 .debug_macro   0x0000000000000000       0x82 libopencm3/lib/libopencm3_stm32f1.a(rcc.o)
 .group         0x0000000000000000        0x8 libopencm3/lib/libopencm3_stm32f1.a(gpio_common_all.o)
 .group         0x0000000000000000        0x8 libopencm3/lib/libopencm3_stm32f1.a(gpio_common_all.o)
 .group         0x0000000000000000        0x8 libopencm3/lib/libopencm3_stm32f1.a(gpio_common_all.o)
 .group         0x0000000000000000        0x8 libopencm3/lib/libopencm3_stm32f1.a(gpio_common_all.o)
 .group         0x0000000000000000        0x8 libopencm3/lib/libopencm3_stm32f1.a(gpio_common_all.o)
 .group         0x0000000000000000        0x8 libopencm3/lib/libopencm3_stm32f1.a(gpio_common_all.o)
 .group         0x0000000000000000        0x8 libopencm3/lib/libopencm3_stm32f1.a(gpio_common_all.o)
 .group         0x0000000000000000        0x8 libopencm3/lib/libopencm3_stm32f1.a(gpio_common_all.o)
 .group         0x0000000000000000        0x8 libopencm3/lib/libopencm3_stm32f1.a(gpio_common_all.o)
 .group         0x0000000000000000        0x8 libopencm3/lib/libopencm3_stm32f1.a(gpio_common_all.o)
 .group         0x0000000000000000        0x8 libopencm3/lib/libopencm3_stm32f1.a(gpio_common_all.o)
 .group         0x0000000000000000        0x8 libopencm3/lib/libopencm3_stm32f1.a(gpio_common_all.o)
 .text          0x0000000000000000        0x0 libopencm3/lib/libopencm3_stm32f1.a(gpio_common_all.o)
 .data          0x0000000000000000        0x0 libopencm3/lib/libopencm3_stm32f1.a(gpio_common_all.o)
 .bss           0x0000000000000000        0x0 libopencm3/lib/libopencm3_stm32f1.a(gpio_common_all.o)
 .text.gpio_port_read
                0x0000000000000000        0x6 libopencm3/lib/libopencm3_stm32f1.a(gpio_common_all.o)
 .text.gpio_port_write
                0x0000000000000000        0x4 libopencm3/lib/libopencm3_stm32f1.a(gpio_common_all.o)
 .text.gpio_port_config_lock
                0x0000000000000000       0x10 libopencm3/lib/libopencm3_stm32f1.a(gpio_common_all.o)
 .debug_macro   0x0000000000000000      0x862 libopencm3/lib/libopencm3_stm32f1.a(gpio_common_all.o)
 .debug_macro   0x0000000000000000       0x22 libopencm3/lib/libopencm3_stm32f1.a(gpio_common_all.o)
 .debug_macro   0x0000000000000000       0x44 libopencm3/lib/libopencm3_stm32f1.a(gpio_common_all.o)
 .debug_macro   0x0000000000000000       0xe3 libopencm3/lib/libopencm3_stm32f1.a(gpio_common_all.o)
 .debug_macro   0x0000000000000000       0x22 libopencm3/lib/libopencm3_stm32f1.a(gpio_common_all.o)
 .debug_macro   0x0000000000000000      0x1df libopencm3/lib/libopencm3_stm32f1.a(gpio_common_all.o)
 .debug_macro   0x0000000000000000       0x22 libopencm3/lib/libopencm3_stm32f1.a(gpio_common_all.o)
 .debug_macro   0x0000000000000000       0xfa libopencm3/lib/libopencm3_stm32f1.a(gpio_common_all.o)
 .debug_macro   0x0000000000000000       0x58 libopencm3/lib/libopencm3_stm32f1.a(gpio_common_all.o)
 .debug_macro   0x0000000000000000      0x1b4 libopencm3/lib/libopencm3_stm32f1.a(gpio_common_all.o)
 .debug_macro   0x0000000000000000       0x76 libopencm3/lib/libopencm3_stm32f1.a(gpio_common_all.o)
 .debug_macro   0x0000000000000000      0xdfd libopencm3/lib/libopencm3_stm32f1.a(gpio_common_all.o)
 .group         0x0000000000000000        0x8 libopencm3/lib/libopencm3_stm32f1.a(usart_common_all.o)
 .group         0x0000000000000000        0x8 libopencm3/lib/libopencm3_stm32f1.a(usart_common_all.o)
 .group         0x0000000000000000        0x8 libopencm3/lib/libopencm3_stm32f1.a(usart_common_all.o)
 .group         0x0000000000000000        0x8 libopencm3/lib/libopencm3_stm32f1.a(usart_common_all.o)
 .group         0x0000000000000000        0x8 libopencm3/lib/libopencm3_stm32f1.a(usart_common_all.o)
 .group         0x0000000000000000        0x8 libopencm3/lib/libopencm3_stm32f1.a(usart_common_all.o)
 .group         0x0000000000000000        0x8 libopencm3/lib/libopencm3_stm32f1.a(usart_common_all.o)
 .group         0x0000000000000000        0x8 libopencm3/lib/libopencm3_stm32f1.a(usart_common_all.o)
 .group         0x0000000000000000        0x8 libopencm3/lib/libopencm3_stm32f1.a(usart_common_all.o)
 .group         0x0000000000000000        0x8 libopencm3/lib/libopencm3_stm32f1.a(usart_common_all.o)
 .group         0x0000000000000000        0x8 libopencm3/lib/libopencm3_stm32f1.a(usart_common_all.o)
 .group         0x0000000000000000        0x8 libopencm3/lib/libopencm3_stm32f1.a(usart_common_all.o)
 .group         0x0000000000000000        0x8 libopencm3/lib/libopencm3_stm32f1.a(usart_common_all.o)
 .text          0x0000000000000000        0x0 libopencm3/lib/libopencm3_stm32f1.a(usart_common_all.o)
 .data          0x0000000000000000        0x0 libopencm3/lib/libopencm3_stm32f1.a(usart_common_all.o)
 .bss           0x0000000000000000        0x0 libopencm3/lib/libopencm3_stm32f1.a(usart_common_all.o)
 .text.usart_recv_blocking
                0x0000000000000000       0x12 libopencm3/lib/libopencm3_stm32f1.a(usart_common_all.o)
 .text.usart_enable_rx_dma
                0x0000000000000000        0xa libopencm3/lib/libopencm3_stm32f1.a(usart_common_all.o)
 .text.usart_disable_rx_dma
                0x0000000000000000        0xa libopencm3/lib/libopencm3_stm32f1.a(usart_common_all.o)
 .text.usart_enable_tx_dma
                0x0000000000000000        0xa libopencm3/lib/libopencm3_stm32f1.a(usart_common_all.o)
 .text.usart_disable_tx_dma
                0x0000000000000000        0xa libopencm3/lib/libopencm3_stm32f1.a(usart_common_all.o)
 .text.usart_enable_rx_interrupt
                0x0000000000000000        0xa libopencm3/lib/libopencm3_stm32f1.a(usart_common_all.o)
 .text.usart_disable_rx_interrupt
                0x0000000000000000        0xa libopencm3/lib/libopencm3_stm32f1.a(usart_common_all.o)
 .text.usart_enable_tx_interrupt
                0x0000000000000000        0xa libopencm3/lib/libopencm3_stm32f1.a(usart_common_all.o)
 .text.usart_disable_tx_interrupt
                0x0000000000000000        0xa libopencm3/lib/libopencm3_stm32f1.a(usart_common_all.o)
 .text.usart_enable_error_interrupt
                0x0000000000000000        0xa libopencm3/lib/libopencm3_stm32f1.a(usart_common_all.o)
 .text.usart_disable_error_interrupt
                0x0000000000000000        0xa libopencm3/lib/libopencm3_stm32f1.a(usart_common_all.o)
 .debug_macro   0x0000000000000000      0x862 libopencm3/lib/libopencm3_stm32f1.a(usart_common_all.o)
 .debug_macro   0x0000000000000000       0x22 libopencm3/lib/libopencm3_stm32f1.a(usart_common_all.o)
 .debug_macro   0x0000000000000000       0x44 libopencm3/lib/libopencm3_stm32f1.a(usart_common_all.o)
 .debug_macro   0x0000000000000000       0xe3 libopencm3/lib/libopencm3_stm32f1.a(usart_common_all.o)
 .debug_macro   0x0000000000000000       0x22 libopencm3/lib/libopencm3_stm32f1.a(usart_common_all.o)
 .debug_macro   0x0000000000000000      0x1df libopencm3/lib/libopencm3_stm32f1.a(usart_common_all.o)
 .debug_macro   0x0000000000000000       0x22 libopencm3/lib/libopencm3_stm32f1.a(usart_common_all.o)
 .debug_macro   0x0000000000000000       0xfa libopencm3/lib/libopencm3_stm32f1.a(usart_common_all.o)
 .debug_macro   0x0000000000000000       0x58 libopencm3/lib/libopencm3_stm32f1.a(usart_common_all.o)
 .debug_macro   0x0000000000000000      0x1b4 libopencm3/lib/libopencm3_stm32f1.a(usart_common_all.o)
 .debug_macro   0x0000000000000000      0x825 libopencm3/lib/libopencm3_stm32f1.a(usart_common_all.o)
 .group         0x0000000000000000        0x8 libopencm3/lib/libopencm3_stm32f1.a(usart_common_f124.o)
 .group         0x0000000000000000        0x8 libopencm3/lib/libopencm3_stm32f1.a(usart_common_f124.o)
 .group         0x0000000000000000        0x8 libopencm3/lib/libopencm3_stm32f1.a(usart_common_f124.o)
 .group         0x0000000000000000        0x8 libopencm3/lib/libopencm3_stm32f1.a(usart_common_f124.o)
 .group         0x0000000000000000        0x8 libopencm3/lib/libopencm3_stm32f1.a(usart_common_f124.o)
 .group         0x0000000000000000        0x8 libopencm3/lib/libopencm3_stm32f1.a(usart_common_f124.o)
 .group         0x0000000000000000        0x8 libopencm3/lib/libopencm3_stm32f1.a(usart_common_f124.o)
 .group         0x0000000000000000        0x8 libopencm3/lib/libopencm3_stm32f1.a(usart_common_f124.o)
 .group         0x0000000000000000        0x8 libopencm3/lib/libopencm3_stm32f1.a(usart_common_f124.o)
 .group         0x0000000000000000        0x8 libopencm3/lib/libopencm3_stm32f1.a(usart_common_f124.o)
 .group         0x0000000000000000        0x8 libopencm3/lib/libopencm3_stm32f1.a(usart_common_f124.o)
 .group         0x0000000000000000        0x8 libopencm3/lib/libopencm3_stm32f1.a(usart_common_f124.o)
 .group         0x0000000000000000        0x8 libopencm3/lib/libopencm3_stm32f1.a(usart_common_f124.o)
 .text          0x0000000000000000        0x0 libopencm3/lib/libopencm3_stm32f1.a(usart_common_f124.o)
 .data          0x0000000000000000        0x0 libopencm3/lib/libopencm3_stm32f1.a(usart_common_f124.o)
 .bss           0x0000000000000000        0x0 libopencm3/lib/libopencm3_stm32f1.a(usart_common_f124.o)
 .text.usart_wait_recv_ready
                0x0000000000000000        0x8 libopencm3/lib/libopencm3_stm32f1.a(usart_common_f124.o)
 .text.usart_get_flag
                0x0000000000000000        0xc libopencm3/lib/libopencm3_stm32f1.a(usart_common_f124.o)
 .text.usart_get_interrupt_source
                0x0000000000000000       0x30 libopencm3/lib/libopencm3_stm32f1.a(usart_common_f124.o)
 .debug_macro   0x0000000000000000      0x862 libopencm3/lib/libopencm3_stm32f1.a(usart_common_f124.o)
 .debug_macro   0x0000000000000000       0x22 libopencm3/lib/libopencm3_stm32f1.a(usart_common_f124.o)
 .debug_macro   0x0000000000000000       0x44 libopencm3/lib/libopencm3_stm32f1.a(usart_common_f124.o)
 .debug_macro   0x0000000000000000       0xe3 libopencm3/lib/libopencm3_stm32f1.a(usart_common_f124.o)
 .debug_macro   0x0000000000000000       0x22 libopencm3/lib/libopencm3_stm32f1.a(usart_common_f124.o)
 .debug_macro   0x0000000000000000      0x1df libopencm3/lib/libopencm3_stm32f1.a(usart_common_f124.o)
 .debug_macro   0x0000000000000000       0x22 libopencm3/lib/libopencm3_stm32f1.a(usart_common_f124.o)
 .debug_macro   0x0000000000000000       0xfa libopencm3/lib/libopencm3_stm32f1.a(usart_common_f124.o)
 .debug_macro   0x0000000000000000       0x58 libopencm3/lib/libopencm3_stm32f1.a(usart_common_f124.o)
 .debug_macro   0x0000000000000000      0x1b4 libopencm3/lib/libopencm3_stm32f1.a(usart_common_f124.o)
 .debug_macro   0x0000000000000000       0x8e libopencm3/lib/libopencm3_stm32f1.a(usart_common_f124.o)
 .debug_macro   0x0000000000000000      0x273 libopencm3/lib/libopencm3_stm32f1.a(usart_common_f124.o)
 .debug_macro   0x0000000000000000      0x825 libopencm3/lib/libopencm3_stm32f1.a(usart_common_f124.o)
 .group         0x0000000000000000        0x8 libopencm3/lib/libopencm3_stm32f1.a(rcc_common_all.o)
 .group         0x0000000000000000        0x8 libopencm3/lib/libopencm3_stm32f1.a(rcc_common_all.o)
 .group         0x0000000000000000        0x8 libopencm3/lib/libopencm3_stm32f1.a(rcc_common_all.o)
 .group         0x0000000000000000        0x8 libopencm3/lib/libopencm3_stm32f1.a(rcc_common_all.o)
 .group         0x0000000000000000        0x8 libopencm3/lib/libopencm3_stm32f1.a(rcc_common_all.o)
 .group         0x0000000000000000        0x8 libopencm3/lib/libopencm3_stm32f1.a(rcc_common_all.o)
 .group         0x0000000000000000        0x8 libopencm3/lib/libopencm3_stm32f1.a(rcc_common_all.o)
 .group         0x0000000000000000        0x8 libopencm3/lib/libopencm3_stm32f1.a(rcc_common_all.o)
 .group         0x0000000000000000        0x8 libopencm3/lib/libopencm3_stm32f1.a(rcc_common_all.o)
 .group         0x0000000000000000        0x8 libopencm3/lib/libopencm3_stm32f1.a(rcc_common_all.o)
 .group         0x0000000000000000        0x8 libopencm3/lib/libopencm3_stm32f1.a(rcc_common_all.o)
 .text          0x0000000000000000        0x0 libopencm3/lib/libopencm3_stm32f1.a(rcc_common_all.o)
 .data          0x0000000000000000        0x0 libopencm3/lib/libopencm3_stm32f1.a(rcc_common_all.o)
 .bss           0x0000000000000000        0x0 libopencm3/lib/libopencm3_stm32f1.a(rcc_common_all.o)
 .text.rcc_peripheral_reset
                0x0000000000000000        0x8 libopencm3/lib/libopencm3_stm32f1.a(rcc_common_all.o)
 .text.rcc_peripheral_clear_reset
                0x0000000000000000        0xa libopencm3/lib/libopencm3_stm32f1.a(rcc_common_all.o)
 .text.rcc_periph_clock_enable
                0x0000000000000000       0x1a libopencm3/lib/libopencm3_stm32f1.a(rcc_common_all.o)
 .text.rcc_periph_clock_disable
                0x0000000000000000       0x1c libopencm3/lib/libopencm3_stm32f1.a(rcc_common_all.o)
 .text.rcc_periph_reset_pulse
                0x0000000000000000       0x22 libopencm3/lib/libopencm3_stm32f1.a(rcc_common_all.o)
 .text.rcc_periph_reset_hold
                0x0000000000000000       0x1a libopencm3/lib/libopencm3_stm32f1.a(rcc_common_all.o)
 .text.rcc_periph_reset_release
                0x0000000000000000       0x1c libopencm3/lib/libopencm3_stm32f1.a(rcc_common_all.o)
 .text.rcc_set_mco
                0x0000000000000000       0x14 libopencm3/lib/libopencm3_stm32f1.a(rcc_common_all.o)
 .debug_macro   0x0000000000000000      0x862 libopencm3/lib/libopencm3_stm32f1.a(rcc_common_all.o)
 .debug_macro   0x0000000000000000       0x22 libopencm3/lib/libopencm3_stm32f1.a(rcc_common_all.o)
 .debug_macro   0x0000000000000000       0x44 libopencm3/lib/libopencm3_stm32f1.a(rcc_common_all.o)
 .debug_macro   0x0000000000000000       0xe3 libopencm3/lib/libopencm3_stm32f1.a(rcc_common_all.o)
 .debug_macro   0x0000000000000000       0x22 libopencm3/lib/libopencm3_stm32f1.a(rcc_common_all.o)
 .debug_macro   0x0000000000000000      0x1df libopencm3/lib/libopencm3_stm32f1.a(rcc_common_all.o)
 .debug_macro   0x0000000000000000       0x22 libopencm3/lib/libopencm3_stm32f1.a(rcc_common_all.o)
 .debug_macro   0x0000000000000000       0xfa libopencm3/lib/libopencm3_stm32f1.a(rcc_common_all.o)
 .debug_macro   0x0000000000000000       0x58 libopencm3/lib/libopencm3_stm32f1.a(rcc_common_all.o)
 .debug_macro   0x0000000000000000      0x1b4 libopencm3/lib/libopencm3_stm32f1.a(rcc_common_all.o)
 .debug_macro   0x0000000000000000      0x825 libopencm3/lib/libopencm3_stm32f1.a(rcc_common_all.o)
 .group         0x0000000000000000        0x8 libopencm3/lib/libopencm3_stm32f1.a(flash_common_f01.o)
 .group         0x0000000000000000        0x8 libopencm3/lib/libopencm3_stm32f1.a(flash_common_f01.o)
 .group         0x0000000000000000        0x8 libopencm3/lib/libopencm3_stm32f1.a(flash_common_f01.o)
 .group         0x0000000000000000        0x8 libopencm3/lib/libopencm3_stm32f1.a(flash_common_f01.o)
 .group         0x0000000000000000        0x8 libopencm3/lib/libopencm3_stm32f1.a(flash_common_f01.o)
 .group         0x0000000000000000        0x8 libopencm3/lib/libopencm3_stm32f1.a(flash_common_f01.o)
 .group         0x0000000000000000        0x8 libopencm3/lib/libopencm3_stm32f1.a(flash_common_f01.o)
 .group         0x0000000000000000        0x8 libopencm3/lib/libopencm3_stm32f1.a(flash_common_f01.o)
 .group         0x0000000000000000        0x8 libopencm3/lib/libopencm3_stm32f1.a(flash_common_f01.o)
 .group         0x0000000000000000        0x8 libopencm3/lib/libopencm3_stm32f1.a(flash_common_f01.o)
 .group         0x0000000000000000        0x8 libopencm3/lib/libopencm3_stm32f1.a(flash_common_f01.o)
 .group         0x0000000000000000        0x8 libopencm3/lib/libopencm3_stm32f1.a(flash_common_f01.o)
 .text          0x0000000000000000        0x0 libopencm3/lib/libopencm3_stm32f1.a(flash_common_f01.o)
 .data          0x0000000000000000        0x0 libopencm3/lib/libopencm3_stm32f1.a(flash_common_f01.o)
 .bss           0x0000000000000000        0x0 libopencm3/lib/libopencm3_stm32f1.a(flash_common_f01.o)
 .text.flash_prefetch_buffer_enable
                0x0000000000000000       0x10 libopencm3/lib/libopencm3_stm32f1.a(flash_common_f01.o)
 .text.flash_prefetch_buffer_disable
                0x0000000000000000       0x10 libopencm3/lib/libopencm3_stm32f1.a(flash_common_f01.o)
 .text.flash_clear_pgerr_flag
                0x0000000000000000       0x10 libopencm3/lib/libopencm3_stm32f1.a(flash_common_f01.o)
 .text.flash_clear_eop_flag
                0x0000000000000000       0x10 libopencm3/lib/libopencm3_stm32f1.a(flash_common_f01.o)
 .text.flash_clear_wrprterr_flag
                0x0000000000000000       0x10 libopencm3/lib/libopencm3_stm32f1.a(flash_common_f01.o)
 .text.flash_clear_bsy_flag
                0x0000000000000000       0x10 libopencm3/lib/libopencm3_stm32f1.a(flash_common_f01.o)
 .text.flash_unlock_option_bytes
                0x0000000000000000       0x18 libopencm3/lib/libopencm3_stm32f1.a(flash_common_f01.o)
 .text.flash_erase_option_bytes
                0x0000000000000000       0x34 libopencm3/lib/libopencm3_stm32f1.a(flash_common_f01.o)
 .text.flash_program_option_bytes
                0x0000000000000000       0x34 libopencm3/lib/libopencm3_stm32f1.a(flash_common_f01.o)
 .debug_macro   0x0000000000000000      0x862 libopencm3/lib/libopencm3_stm32f1.a(flash_common_f01.o)
 .debug_macro   0x0000000000000000       0x22 libopencm3/lib/libopencm3_stm32f1.a(flash_common_f01.o)
 .debug_macro   0x0000000000000000       0x44 libopencm3/lib/libopencm3_stm32f1.a(flash_common_f01.o)
 .debug_macro   0x0000000000000000       0xe3 libopencm3/lib/libopencm3_stm32f1.a(flash_common_f01.o)
 .debug_macro   0x0000000000000000       0x22 libopencm3/lib/libopencm3_stm32f1.a(flash_common_f01.o)
 .debug_macro   0x0000000000000000      0x1df libopencm3/lib/libopencm3_stm32f1.a(flash_common_f01.o)
 .debug_macro   0x0000000000000000       0x22 libopencm3/lib/libopencm3_stm32f1.a(flash_common_f01.o)
 .debug_macro   0x0000000000000000       0xfa libopencm3/lib/libopencm3_stm32f1.a(flash_common_f01.o)
 .debug_macro   0x0000000000000000       0x58 libopencm3/lib/libopencm3_stm32f1.a(flash_common_f01.o)
 .debug_macro   0x0000000000000000      0x1b4 libopencm3/lib/libopencm3_stm32f1.a(flash_common_f01.o)
 .debug_macro   0x0000000000000000       0xdc libopencm3/lib/libopencm3_stm32f1.a(flash_common_f01.o)
 .debug_macro   0x0000000000000000       0x82 libopencm3/lib/libopencm3_stm32f1.a(flash_common_f01.o)
 .group         0x0000000000000000        0x8 libopencm3/lib/libopencm3_stm32f1.a(vector.o)
 .group         0x0000000000000000        0x8 libopencm3/lib/libopencm3_stm32f1.a(vector.o)
 .group         0x0000000000000000        0x8 libopencm3/lib/libopencm3_stm32f1.a(vector.o)
 .group         0x0000000000000000        0x8 libopencm3/lib/libopencm3_stm32f1.a(vector.o)
 .group         0x0000000000000000        0x8 libopencm3/lib/libopencm3_stm32f1.a(vector.o)
 .group         0x0000000000000000        0x8 libopencm3/lib/libopencm3_stm32f1.a(vector.o)
 .group         0x0000000000000000        0x8 libopencm3/lib/libopencm3_stm32f1.a(vector.o)
 .group         0x0000000000000000        0x8 libopencm3/lib/libopencm3_stm32f1.a(vector.o)
 .group         0x0000000000000000        0x8 libopencm3/lib/libopencm3_stm32f1.a(vector.o)
 .group         0x0000000000000000        0x8 libopencm3/lib/libopencm3_stm32f1.a(vector.o)
 .group         0x0000000000000000        0x8 libopencm3/lib/libopencm3_stm32f1.a(vector.o)
 .group         0x0000000000000000        0x8 libopencm3/lib/libopencm3_stm32f1.a(vector.o)
 .text          0x0000000000000000        0x0 libopencm3/lib/libopencm3_stm32f1.a(vector.o)
 .data          0x0000000000000000        0x0 libopencm3/lib/libopencm3_stm32f1.a(vector.o)
 .bss           0x0000000000000000        0x0 libopencm3/lib/libopencm3_stm32f1.a(vector.o)
 .debug_macro   0x0000000000000000      0x862 libopencm3/lib/libopencm3_stm32f1.a(vector.o)
 .debug_macro   0x0000000000000000       0x58 libopencm3/lib/libopencm3_stm32f1.a(vector.o)
 .debug_macro   0x0000000000000000       0x22 libopencm3/lib/libopencm3_stm32f1.a(vector.o)
 .debug_macro   0x0000000000000000       0x44 libopencm3/lib/libopencm3_stm32f1.a(vector.o)
 .debug_macro   0x0000000000000000       0xe3 libopencm3/lib/libopencm3_stm32f1.a(vector.o)
 .debug_macro   0x0000000000000000       0x22 libopencm3/lib/libopencm3_stm32f1.a(vector.o)
 .debug_macro   0x0000000000000000      0x1df libopencm3/lib/libopencm3_stm32f1.a(vector.o)
 .debug_macro   0x0000000000000000       0x22 libopencm3/lib/libopencm3_stm32f1.a(vector.o)
 .debug_macro   0x0000000000000000       0xfa libopencm3/lib/libopencm3_stm32f1.a(vector.o)
 .group         0x0000000000000000        0x8 libopencm3/lib/libopencm3_stm32f1.a(systick.o)
 .group         0x0000000000000000        0x8 libopencm3/lib/libopencm3_stm32f1.a(systick.o)
 .group         0x0000000000000000        0x8 libopencm3/lib/libopencm3_stm32f1.a(systick.o)
 .group         0x0000000000000000        0x8 libopencm3/lib/libopencm3_stm32f1.a(systick.o)
 .group         0x0000000000000000        0x8 libopencm3/lib/libopencm3_stm32f1.a(systick.o)
 .group         0x0000000000000000        0x8 libopencm3/lib/libopencm3_stm32f1.a(systick.o)
 .group         0x0000000000000000        0x8 libopencm3/lib/libopencm3_stm32f1.a(systick.o)
 .group         0x0000000000000000        0x8 libopencm3/lib/libopencm3_stm32f1.a(systick.o)
 .group         0x0000000000000000        0x8 libopencm3/lib/libopencm3_stm32f1.a(systick.o)
 .group         0x0000000000000000        0x8 libopencm3/lib/libopencm3_stm32f1.a(systick.o)
 .text          0x0000000000000000        0x0 libopencm3/lib/libopencm3_stm32f1.a(systick.o)
 .data          0x0000000000000000        0x0 libopencm3/lib/libopencm3_stm32f1.a(systick.o)
 .bss           0x0000000000000000        0x0 libopencm3/lib/libopencm3_stm32f1.a(systick.o)
 .text.systick_get_reload
                0x0000000000000000       0x10 libopencm3/lib/libopencm3_stm32f1.a(systick.o)
 .text.systick_get_value
                0x0000000000000000       0x10 libopencm3/lib/libopencm3_stm32f1.a(systick.o)
 .text.systick_set_frequency
                0x0000000000000000       0x3c libopencm3/lib/libopencm3_stm32f1.a(systick.o)
 .text.systick_get_countflag
                0x0000000000000000       0x10 libopencm3/lib/libopencm3_stm32f1.a(systick.o)
 .text.systick_clear
                0x0000000000000000        0xc libopencm3/lib/libopencm3_stm32f1.a(systick.o)
 .text.systick_get_calib
                0x0000000000000000       0x10 libopencm3/lib/libopencm3_stm32f1.a(systick.o)
 .debug_macro   0x0000000000000000      0x862 libopencm3/lib/libopencm3_stm32f1.a(systick.o)
 .debug_macro   0x0000000000000000       0x58 libopencm3/lib/libopencm3_stm32f1.a(systick.o)
 .debug_macro   0x0000000000000000       0x22 libopencm3/lib/libopencm3_stm32f1.a(systick.o)
 .debug_macro   0x0000000000000000       0x44 libopencm3/lib/libopencm3_stm32f1.a(systick.o)
 .debug_macro   0x0000000000000000       0xe3 libopencm3/lib/libopencm3_stm32f1.a(systick.o)
 .debug_macro   0x0000000000000000       0x22 libopencm3/lib/libopencm3_stm32f1.a(systick.o)
 .debug_macro   0x0000000000000000      0x1df libopencm3/lib/libopencm3_stm32f1.a(systick.o)
 .debug_macro   0x0000000000000000       0x22 libopencm3/lib/libopencm3_stm32f1.a(systick.o)
 .debug_macro   0x0000000000000000       0xfa libopencm3/lib/libopencm3_stm32f1.a(systick.o)
 .group         0x0000000000000000        0x8 libopencm3/lib/libopencm3_stm32f1.a(assert.o)
 .group         0x0000000000000000        0x8 libopencm3/lib/libopencm3_stm32f1.a(assert.o)
 .group         0x0000000000000000        0x8 libopencm3/lib/libopencm3_stm32f1.a(assert.o)
 .group         0x0000000000000000        0x8 libopencm3/lib/libopencm3_stm32f1.a(assert.o)
 .group         0x0000000000000000        0x8 libopencm3/lib/libopencm3_stm32f1.a(assert.o)
 .group         0x0000000000000000        0x8 libopencm3/lib/libopencm3_stm32f1.a(assert.o)
 .group         0x0000000000000000        0x8 libopencm3/lib/libopencm3_stm32f1.a(assert.o)
 .group         0x0000000000000000        0x8 libopencm3/lib/libopencm3_stm32f1.a(assert.o)
 .group         0x0000000000000000        0x8 libopencm3/lib/libopencm3_stm32f1.a(assert.o)
 .text          0x0000000000000000        0x0 libopencm3/lib/libopencm3_stm32f1.a(assert.o)
 .data          0x0000000000000000        0x0 libopencm3/lib/libopencm3_stm32f1.a(assert.o)
 .bss           0x0000000000000000        0x0 libopencm3/lib/libopencm3_stm32f1.a(assert.o)
 .text.cm3_assert_failed
                0x0000000000000000        0x2 libopencm3/lib/libopencm3_stm32f1.a(assert.o)
 .text.cm3_assert_failed_verbose
                0x0000000000000000        0x6 libopencm3/lib/libopencm3_stm32f1.a(assert.o)
 .debug_info    0x0000000000000000       0xee libopencm3/lib/libopencm3_stm32f1.a(assert.o)
 .debug_abbrev  0x0000000000000000       0x89 libopencm3/lib/libopencm3_stm32f1.a(assert.o)
 .debug_loc     0x0000000000000000       0x84 libopencm3/lib/libopencm3_stm32f1.a(assert.o)
 .debug_aranges
                0x0000000000000000       0x28 libopencm3/lib/libopencm3_stm32f1.a(assert.o)
 .debug_ranges  0x0000000000000000       0x18 libopencm3/lib/libopencm3_stm32f1.a(assert.o)
 .debug_macro   0x0000000000000000       0x7b libopencm3/lib/libopencm3_stm32f1.a(assert.o)
 .debug_macro   0x0000000000000000      0x862 libopencm3/lib/libopencm3_stm32f1.a(assert.o)
 .debug_macro   0x0000000000000000       0x22 libopencm3/lib/libopencm3_stm32f1.a(assert.o)
 .debug_macro   0x0000000000000000       0x44 libopencm3/lib/libopencm3_stm32f1.a(assert.o)
 .debug_macro   0x0000000000000000       0xe3 libopencm3/lib/libopencm3_stm32f1.a(assert.o)
 .debug_macro   0x0000000000000000       0x22 libopencm3/lib/libopencm3_stm32f1.a(assert.o)
 .debug_macro   0x0000000000000000      0x1df libopencm3/lib/libopencm3_stm32f1.a(assert.o)
 .debug_macro   0x0000000000000000       0x22 libopencm3/lib/libopencm3_stm32f1.a(assert.o)
 .debug_macro   0x0000000000000000       0xfa libopencm3/lib/libopencm3_stm32f1.a(assert.o)
 .debug_macro   0x0000000000000000       0x16 libopencm3/lib/libopencm3_stm32f1.a(assert.o)
 .debug_line    0x0000000000000000      0x161 libopencm3/lib/libopencm3_stm32f1.a(assert.o)
 .debug_str     0x0000000000000000     0x352c libopencm3/lib/libopencm3_stm32f1.a(assert.o)
 .comment       0x0000000000000000       0x39 libopencm3/lib/libopencm3_stm32f1.a(assert.o)
 .debug_frame   0x0000000000000000       0x38 libopencm3/lib/libopencm3_stm32f1.a(assert.o)
 .ARM.attributes
                0x0000000000000000       0x33 libopencm3/lib/libopencm3_stm32f1.a(assert.o)
 .text          0x0000000000000000       0xec /usr/lib/gcc/arm-none-eabi/4.9.3/../../../arm-none-eabi/lib/armv7-m/libg.a(lib_a-memcpy.o)
 .data          0x0000000000000000        0x0 /usr/lib/gcc/arm-none-eabi/4.9.3/../../../arm-none-eabi/lib/armv7-m/libg.a(lib_a-memcpy.o)
 .bss           0x0000000000000000        0x0 /usr/lib/gcc/arm-none-eabi/4.9.3/../../../arm-none-eabi/lib/armv7-m/libg.a(lib_a-memcpy.o)
 .debug_line    0x0000000000000000       0xbb /usr/lib/gcc/arm-none-eabi/4.9.3/../../../arm-none-eabi/lib/armv7-m/libg.a(lib_a-memcpy.o)
 .debug_info    0x0000000000000000       0xcd /usr/lib/gcc/arm-none-eabi/4.9.3/../../../arm-none-eabi/lib/armv7-m/libg.a(lib_a-memcpy.o)
 .debug_abbrev  0x0000000000000000       0x14 /usr/lib/gcc/arm-none-eabi/4.9.3/../../../arm-none-eabi/lib/armv7-m/libg.a(lib_a-memcpy.o)
 .debug_aranges
                0x0000000000000000       0x20 /usr/lib/gcc/arm-none-eabi/4.9.3/../../../arm-none-eabi/lib/armv7-m/libg.a(lib_a-memcpy.o)
 .ARM.attributes
                0x0000000000000000       0x1b /usr/lib/gcc/arm-none-eabi/4.9.3/../../../arm-none-eabi/lib/armv7-m/libg.a(lib_a-memcpy.o)
 .text          0x0000000000000000        0x0 /usr/lib/gcc/arm-none-eabi/4.9.3/../../../arm-none-eabi/lib/armv7-m/libg.a(lib_a-memset.o)
 .data          0x0000000000000000        0x0 /usr/lib/gcc/arm-none-eabi/4.9.3/../../../arm-none-eabi/lib/armv7-m/libg.a(lib_a-memset.o)
 .bss           0x0000000000000000        0x0 /usr/lib/gcc/arm-none-eabi/4.9.3/../../../arm-none-eabi/lib/armv7-m/libg.a(lib_a-memset.o)
 .text.memset   0x0000000000000000       0x9c /usr/lib/gcc/arm-none-eabi/4.9.3/../../../arm-none-eabi/lib/armv7-m/libg.a(lib_a-memset.o)
 .debug_info    0x0000000000000000      0x117 /usr/lib/gcc/arm-none-eabi/4.9.3/../../../arm-none-eabi/lib/armv7-m/libg.a(lib_a-memset.o)
 .debug_abbrev  0x0000000000000000       0x9f /usr/lib/gcc/arm-none-eabi/4.9.3/../../../arm-none-eabi/lib/armv7-m/libg.a(lib_a-memset.o)
 .debug_loc     0x0000000000000000      0x1ae /usr/lib/gcc/arm-none-eabi/4.9.3/../../../arm-none-eabi/lib/armv7-m/libg.a(lib_a-memset.o)
 .debug_aranges
                0x0000000000000000       0x20 /usr/lib/gcc/arm-none-eabi/4.9.3/../../../arm-none-eabi/lib/armv7-m/libg.a(lib_a-memset.o)
 .debug_ranges  0x0000000000000000       0x10 /usr/lib/gcc/arm-none-eabi/4.9.3/../../../arm-none-eabi/lib/armv7-m/libg.a(lib_a-memset.o)
 .debug_line    0x0000000000000000      0x119 /usr/lib/gcc/arm-none-eabi/4.9.3/../../../arm-none-eabi/lib/armv7-m/libg.a(lib_a-memset.o)
 .debug_str     0x0000000000000000      0x1cf /usr/lib/gcc/arm-none-eabi/4.9.3/../../../arm-none-eabi/lib/armv7-m/libg.a(lib_a-memset.o)
 .comment       0x0000000000000000       0x39 /usr/lib/gcc/arm-none-eabi/4.9.3/../../../arm-none-eabi/lib/armv7-m/libg.a(lib_a-memset.o)
 .debug_frame   0x0000000000000000       0x34 /usr/lib/gcc/arm-none-eabi/4.9.3/../../../arm-none-eabi/lib/armv7-m/libg.a(lib_a-memset.o)
 .ARM.attributes
                0x0000000000000000       0x2d /usr/lib/gcc/arm-none-eabi/4.9.3/../../../arm-none-eabi/lib/armv7-m/libg.a(lib_a-memset.o)

Memory Configuration

Name             Origin             Length             Attributes
rom              0x0000000008000000 0x0000000000001000 xr
ram              0x0000000020000000 0x0000000000002000 xrw
*default*        0x0000000000000000 0xffffffffffffffff

Linker script and memory map

LOAD build/px4io_bl/bl.o
LOAD build/px4io_bl/cdcacm.o
LOAD build/px4io_bl/usart.o
LOAD build/px4io_bl/main_f1.o
LOAD /usr/lib/gcc/arm-none-eabi/4.9.3/../../../arm-none-eabi/lib/armv7-m/libnosys.a
LOAD libopencm3/lib/libopencm3_stm32f1.a
START GROUP
LOAD /usr/lib/gcc/arm-none-eabi/4.9.3/armv7-m/libgcc.a
LOAD /usr/lib/gcc/arm-none-eabi/4.9.3/../../../arm-none-eabi/lib/armv7-m/libg.a
LOAD /usr/lib/gcc/arm-none-eabi/4.9.3/../../../arm-none-eabi/lib/armv7-m/libc.a
END GROUP
                0x0000000008000000                . = ORIGIN (rom)

.text           0x0000000008000000      0xfe4
 *(.vectors)
 .vectors       0x0000000008000000      0x150 libopencm3/lib/libopencm3_stm32f1.a(vector.o)
                0x0000000008000000                vector_table
 *(.text*)
 .text.cinit    0x0000000008000150        0xa build/px4io_bl/bl.o
                0x0000000008000150                cinit
 *fill*         0x000000000800015a        0x2 
 .text.cin      0x000000000800015c       0x24 build/px4io_bl/bl.o
                0x000000000800015c                cin
 .text.cin_wait
                0x0000000008000180       0x2c build/px4io_bl/bl.o
 .text.wait_for_eoc
                0x00000000080001ac       0x10 build/px4io_bl/bl.o
 .text.cout     0x00000000080001bc       0x14 build/px4io_bl/bl.o
                0x00000000080001bc                cout
 .text.cout_word
                0x00000000080001d0       0x16 build/px4io_bl/bl.o
 *fill*         0x00000000080001e6        0x2 
 .text.sync_response
                0x00000000080001e8       0x1c build/px4io_bl/bl.o
 .text.jump_to_app
                0x0000000008000204       0x64 build/px4io_bl/bl.o
                0x0000000008000204                jump_to_app
 .text.sys_tick_handler
                0x0000000008000268       0x40 build/px4io_bl/bl.o
                0x0000000008000268                sys_tick_handler
 .text.delay    0x00000000080002a8       0x10 build/px4io_bl/bl.o
                0x00000000080002a8                delay
 .text.bootloader
                0x00000000080002b8      0x3ec build/px4io_bl/bl.o
                0x00000000080002b8                bootloader
 .text.uart_cinit
                0x00000000080006a4       0x44 build/px4io_bl/usart.o
                0x00000000080006a4                uart_cinit
 .text.uart_cfini
                0x00000000080006e8        0xc build/px4io_bl/usart.o
                0x00000000080006e8                uart_cfini
 .text.uart_cin
                0x00000000080006f4       0x1c build/px4io_bl/usart.o
                0x00000000080006f4                uart_cin
 .text.uart_cout
                0x0000000008000710       0x20 build/px4io_bl/usart.o
                0x0000000008000710                uart_cout
 .text.board_deinit
                0x0000000008000730       0x60 build/px4io_bl/main_f1.o
                0x0000000008000730                board_deinit
 .text.clock_deinit
                0x0000000008000790       0x38 build/px4io_bl/main_f1.o
                0x0000000008000790                clock_deinit
 .text.flash_func_sector_size
                0x00000000080007c8        0xc build/px4io_bl/main_f1.o
                0x00000000080007c8                flash_func_sector_size
 .text.flash_func_erase_sector
                0x00000000080007d4       0x12 build/px4io_bl/main_f1.o
                0x00000000080007d4                flash_func_erase_sector
 .text.flash_func_write_word
                0x00000000080007e6        0xc build/px4io_bl/main_f1.o
                0x00000000080007e6                flash_func_write_word
 .text.flash_func_read_word
                0x00000000080007f2        0xc build/px4io_bl/main_f1.o
                0x00000000080007f2                flash_func_read_word
 .text.flash_func_read_otp
                0x00000000080007fe        0x4 build/px4io_bl/main_f1.o
                0x00000000080007fe                flash_func_read_otp
 *fill*         0x0000000008000802        0x2 
 .text.get_mcu_id
                0x0000000008000804        0xc build/px4io_bl/main_f1.o
                0x0000000008000804                get_mcu_id
 .text.get_mcu_desc
                0x0000000008000810       0x44 build/px4io_bl/main_f1.o
                0x0000000008000810                get_mcu_desc
 .text.flash_func_read_sn
                0x0000000008000854        0xc build/px4io_bl/main_f1.o
                0x0000000008000854                flash_func_read_sn
 .text.led_on   0x0000000008000860       0x20 build/px4io_bl/main_f1.o
                0x0000000008000860                led_on
 .text.led_off  0x0000000008000880       0x20 build/px4io_bl/main_f1.o
                0x0000000008000880                led_off
 .text.led_toggle
                0x00000000080008a0       0x20 build/px4io_bl/main_f1.o
                0x00000000080008a0                led_toggle
 .text.startup.main
                0x00000000080008c0       0xd4 build/px4io_bl/main_f1.o
                0x00000000080008c0                main
 .text.flash_get_status_flags
                0x0000000008000994       0x28 libopencm3/lib/libopencm3_stm32f1.a(flash.o)
                0x0000000008000994                flash_get_status_flags
 .text.flash_program_half_word
                0x00000000080009bc       0x64 libopencm3/lib/libopencm3_stm32f1.a(flash.o)
                0x00000000080009bc                flash_program_half_word
 .text.flash_erase_page
                0x0000000008000a20       0x7c libopencm3/lib/libopencm3_stm32f1.a(flash.o)
                0x0000000008000a20                flash_erase_page
 .text.gpio_set_mode
                0x0000000008000a9c       0x64 libopencm3/lib/libopencm3_stm32f1.a(gpio.o)
                0x0000000008000a9c                gpio_set_mode
 .text.rcc_osc_on.part.1
                0x0000000008000b00       0x10 libopencm3/lib/libopencm3_stm32f1.a(rcc.o)
 .text.rcc_is_osc_ready
                0x0000000008000b10       0x5c libopencm3/lib/libopencm3_stm32f1.a(rcc.o)
                0x0000000008000b10                rcc_is_osc_ready
 .text.rcc_wait_for_osc_ready
                0x0000000008000b6c       0x10 libopencm3/lib/libopencm3_stm32f1.a(rcc.o)
                0x0000000008000b6c                rcc_wait_for_osc_ready
 .text.rcc_osc_on
                0x0000000008000b7c       0x54 libopencm3/lib/libopencm3_stm32f1.a(rcc.o)
                0x0000000008000b7c                rcc_osc_on
 .text.rcc_osc_off
                0x0000000008000bd0       0x58 libopencm3/lib/libopencm3_stm32f1.a(rcc.o)
                0x0000000008000bd0                rcc_osc_off
 .text.rcc_css_disable
                0x0000000008000c28       0x10 libopencm3/lib/libopencm3_stm32f1.a(rcc.o)
                0x0000000008000c28                rcc_css_disable
 .text.rcc_osc_bypass_disable
                0x0000000008000c38       0x28 libopencm3/lib/libopencm3_stm32f1.a(rcc.o)
                0x0000000008000c38                rcc_osc_bypass_disable
 .text.rcc_set_sysclk_source
                0x0000000008000c60       0x14 libopencm3/lib/libopencm3_stm32f1.a(rcc.o)
                0x0000000008000c60                rcc_set_sysclk_source
 .text.rcc_set_pll_multiplication_factor
                0x0000000008000c74       0x14 libopencm3/lib/libopencm3_stm32f1.a(rcc.o)
                0x0000000008000c74                rcc_set_pll_multiplication_factor
 .text.rcc_set_pll_source
                0x0000000008000c88       0x14 libopencm3/lib/libopencm3_stm32f1.a(rcc.o)
                0x0000000008000c88                rcc_set_pll_source
 .text.rcc_set_adcpre
                0x0000000008000c9c       0x14 libopencm3/lib/libopencm3_stm32f1.a(rcc.o)
                0x0000000008000c9c                rcc_set_adcpre
 .text.rcc_set_ppre2
                0x0000000008000cb0       0x14 libopencm3/lib/libopencm3_stm32f1.a(rcc.o)
                0x0000000008000cb0                rcc_set_ppre2
 .text.rcc_set_ppre1
                0x0000000008000cc4       0x14 libopencm3/lib/libopencm3_stm32f1.a(rcc.o)
                0x0000000008000cc4                rcc_set_ppre1
 .text.rcc_set_hpre
                0x0000000008000cd8       0x14 libopencm3/lib/libopencm3_stm32f1.a(rcc.o)
                0x0000000008000cd8                rcc_set_hpre
 .text.rcc_clock_setup_in_hsi_out_48mhz
                0x0000000008000cec       0x84 libopencm3/lib/libopencm3_stm32f1.a(rcc.o)
                0x0000000008000cec                rcc_clock_setup_in_hsi_out_48mhz
 .text.gpio_set
                0x0000000008000d70        0x4 libopencm3/lib/libopencm3_stm32f1.a(gpio_common_all.o)
                0x0000000008000d70                gpio_set
 .text.gpio_clear
                0x0000000008000d74        0x6 libopencm3/lib/libopencm3_stm32f1.a(gpio_common_all.o)
                0x0000000008000d74                gpio_clear
 .text.gpio_get
                0x0000000008000d7a        0x6 libopencm3/lib/libopencm3_stm32f1.a(gpio_common_all.o)
                0x0000000008000d7a                gpio_get
 .text.gpio_toggle
                0x0000000008000d80       0x10 libopencm3/lib/libopencm3_stm32f1.a(gpio_common_all.o)
                0x0000000008000d80                gpio_toggle
 .text.usart_set_baudrate
                0x0000000008000d90       0x28 libopencm3/lib/libopencm3_stm32f1.a(usart_common_all.o)
                0x0000000008000d90                usart_set_baudrate
 .text.usart_set_databits
                0x0000000008000db8       0x12 libopencm3/lib/libopencm3_stm32f1.a(usart_common_all.o)
                0x0000000008000db8                usart_set_databits
 .text.usart_set_stopbits
                0x0000000008000dca        0xc libopencm3/lib/libopencm3_stm32f1.a(usart_common_all.o)
                0x0000000008000dca                usart_set_stopbits
 .text.usart_set_parity
                0x0000000008000dd6        0xc libopencm3/lib/libopencm3_stm32f1.a(usart_common_all.o)
                0x0000000008000dd6                usart_set_parity
 .text.usart_set_mode
                0x0000000008000de2        0xc libopencm3/lib/libopencm3_stm32f1.a(usart_common_all.o)
                0x0000000008000de2                usart_set_mode
 .text.usart_set_flow_control
                0x0000000008000dee        0xc libopencm3/lib/libopencm3_stm32f1.a(usart_common_all.o)
                0x0000000008000dee                usart_set_flow_control
 .text.usart_enable
                0x0000000008000dfa        0xa libopencm3/lib/libopencm3_stm32f1.a(usart_common_all.o)
                0x0000000008000dfa                usart_enable
 .text.usart_disable
                0x0000000008000e04        0xa libopencm3/lib/libopencm3_stm32f1.a(usart_common_all.o)
                0x0000000008000e04                usart_disable
 .text.usart_send_blocking
                0x0000000008000e0e       0x16 libopencm3/lib/libopencm3_stm32f1.a(usart_common_all.o)
                0x0000000008000e0e                usart_send_blocking
 .text.usart_send
                0x0000000008000e24        0x8 libopencm3/lib/libopencm3_stm32f1.a(usart_common_f124.o)
                0x0000000008000e24                usart_send
 .text.usart_recv
                0x0000000008000e2c        0x8 libopencm3/lib/libopencm3_stm32f1.a(usart_common_f124.o)
                0x0000000008000e2c                usart_recv
 .text.usart_wait_send_ready
                0x0000000008000e34        0x8 libopencm3/lib/libopencm3_stm32f1.a(usart_common_f124.o)
                0x0000000008000e34                usart_wait_send_ready
 .text.rcc_peripheral_enable_clock
                0x0000000008000e3c        0x8 libopencm3/lib/libopencm3_stm32f1.a(rcc_common_all.o)
                0x0000000008000e3c                rcc_peripheral_enable_clock
 .text.rcc_peripheral_disable_clock
                0x0000000008000e44        0xa libopencm3/lib/libopencm3_stm32f1.a(rcc_common_all.o)
                0x0000000008000e44                rcc_peripheral_disable_clock
 *fill*         0x0000000008000e4e        0x2 
 .text.flash_set_ws
                0x0000000008000e50       0x14 libopencm3/lib/libopencm3_stm32f1.a(flash_common_f01.o)
                0x0000000008000e50                flash_set_ws
 .text.flash_unlock
                0x0000000008000e64       0x24 libopencm3/lib/libopencm3_stm32f1.a(flash_common_f01.o)
                0x0000000008000e64                flash_unlock
 .text.flash_lock
                0x0000000008000e88       0x10 libopencm3/lib/libopencm3_stm32f1.a(flash_common_f01.o)
                0x0000000008000e88                flash_lock
 .text.flash_wait_for_last_operation
                0x0000000008000e98        0xc libopencm3/lib/libopencm3_stm32f1.a(flash_common_f01.o)
                0x0000000008000e98                flash_wait_for_last_operation
 .text.flash_program_word
                0x0000000008000ea4       0x18 libopencm3/lib/libopencm3_stm32f1.a(flash_common_f01.o)
                0x0000000008000ea4                flash_program_word
 .text.blocking_handler
                0x0000000008000ebc        0x2 libopencm3/lib/libopencm3_stm32f1.a(vector.o)
                0x0000000008000ebc                usart3_isr
                0x0000000008000ebc                rtc_isr
                0x0000000008000ebc                tim7_isr
                0x0000000008000ebc                adc1_2_isr
                0x0000000008000ebc                tim1_trg_com_isr
                0x0000000008000ebc                usb_hp_can_tx_isr
                0x0000000008000ebc                tim6_isr
                0x0000000008000ebc                usb_wakeup_isr
                0x0000000008000ebc                blocking_handler
                0x0000000008000ebc                tim5_isr
                0x0000000008000ebc                otg_fs_isr
                0x0000000008000ebc                spi1_isr
                0x0000000008000ebc                dma1_channel6_isr
                0x0000000008000ebc                exti2_isr
                0x0000000008000ebc                can_rx1_isr
                0x0000000008000ebc                dma1_channel5_isr
                0x0000000008000ebc                dma2_channel5_isr
                0x0000000008000ebc                usart1_isr
                0x0000000008000ebc                usage_fault_handler
                0x0000000008000ebc                tim8_trg_com_isr
                0x0000000008000ebc                can2_rx0_isr
                0x0000000008000ebc                tim1_brk_isr
                0x0000000008000ebc                can2_rx1_isr
                0x0000000008000ebc                tim1_cc_isr
                0x0000000008000ebc                sdio_isr
                0x0000000008000ebc                eth_isr
                0x0000000008000ebc                dma1_channel4_isr
                0x0000000008000ebc                tim8_brk_isr
                0x0000000008000ebc                dma2_channel4_5_isr
                0x0000000008000ebc                pvd_isr
                0x0000000008000ebc                rcc_isr
                0x0000000008000ebc                flash_isr
                0x0000000008000ebc                uart4_isr
                0x0000000008000ebc                rtc_alarm_isr
                0x0000000008000ebc                exti15_10_isr
                0x0000000008000ebc                hard_fault_handler
                0x0000000008000ebc                exti1_isr
                0x0000000008000ebc                i2c1_ev_isr
                0x0000000008000ebc                dma2_channel1_isr
                0x0000000008000ebc                spi2_isr
                0x0000000008000ebc                tim8_up_isr
                0x0000000008000ebc                dma2_channel2_isr
                0x0000000008000ebc                adc3_isr
                0x0000000008000ebc                exti3_isr
                0x0000000008000ebc                tim3_isr
                0x0000000008000ebc                usart2_isr
                0x0000000008000ebc                usb_lp_can_rx0_isr
                0x0000000008000ebc                i2c2_er_isr
                0x0000000008000ebc                i2c2_ev_isr
                0x0000000008000ebc                uart5_isr
                0x0000000008000ebc                fsmc_isr
                0x0000000008000ebc                dma1_channel1_isr
                0x0000000008000ebc                exti4_isr
                0x0000000008000ebc                mem_manage_handler
                0x0000000008000ebc                can2_tx_isr
                0x0000000008000ebc                exti9_5_isr
                0x0000000008000ebc                dma2_channel3_isr
                0x0000000008000ebc                dma1_channel7_isr
                0x0000000008000ebc                tim1_up_isr
                0x0000000008000ebc                can2_sce_isr
                0x0000000008000ebc                tim4_isr
                0x0000000008000ebc                dma1_channel2_isr
                0x0000000008000ebc                i2c1_er_isr
                0x0000000008000ebc                can_sce_isr
                0x0000000008000ebc                tim8_cc_isr
                0x0000000008000ebc                tamper_isr
                0x0000000008000ebc                eth_wkup_isr
                0x0000000008000ebc                bus_fault_handler
                0x0000000008000ebc                wwdg_isr
                0x0000000008000ebc                dma1_channel3_isr
                0x0000000008000ebc                spi3_isr
                0x0000000008000ebc                tim2_isr
                0x0000000008000ebc                exti0_isr
 .text.null_handler
                0x0000000008000ebe        0x2 libopencm3/lib/libopencm3_stm32f1.a(vector.o)
                0x0000000008000ebe                null_handler
                0x0000000008000ebe                sv_call_handler
                0x0000000008000ebe                pend_sv_handler
                0x0000000008000ebe                debug_monitor_handler
                0x0000000008000ebe                nmi_handler
 .text.reset_handler
                0x0000000008000ec0       0x90 libopencm3/lib/libopencm3_stm32f1.a(vector.o)
                0x0000000008000ec0                reset_handler
 .text.systick_set_reload
                0x0000000008000f50       0x10 libopencm3/lib/libopencm3_stm32f1.a(systick.o)
                0x0000000008000f50                systick_set_reload
 .text.systick_set_clocksource
                0x0000000008000f60       0x18 libopencm3/lib/libopencm3_stm32f1.a(systick.o)
                0x0000000008000f60                systick_set_clocksource
 .text.systick_interrupt_enable
                0x0000000008000f78       0x10 libopencm3/lib/libopencm3_stm32f1.a(systick.o)
                0x0000000008000f78                systick_interrupt_enable
 .text.systick_interrupt_disable
                0x0000000008000f88       0x10 libopencm3/lib/libopencm3_stm32f1.a(systick.o)
                0x0000000008000f88                systick_interrupt_disable
 .text.systick_counter_enable
                0x0000000008000f98       0x10 libopencm3/lib/libopencm3_stm32f1.a(systick.o)
                0x0000000008000f98                systick_counter_enable
 .text.systick_counter_disable
                0x0000000008000fa8       0x10 libopencm3/lib/libopencm3_stm32f1.a(systick.o)
                0x0000000008000fa8                systick_counter_disable
                0x0000000008000fb8                . = ALIGN (0x4)
 *(.rodata*)
 .rodata        0x0000000008000fb8       0x1c build/px4io_bl/bl.o
 .rodata.str1.1
                0x0000000008000fd4        0xd build/px4io_bl/main_f1.o
                0x0000000008000fe4                . = ALIGN (0x4)
 *fill*         0x0000000008000fe1        0x3 
                0x0000000008000fe4                _etext = .

.glue_7         0x0000000008000fe4        0x0
 .glue_7        0x0000000008000fe4        0x0 linker stubs

.glue_7t        0x0000000008000fe4        0x0
 .glue_7t       0x0000000008000fe4        0x0 linker stubs

.vfp11_veneer   0x0000000008000fe4        0x0
 .vfp11_veneer  0x0000000008000fe4        0x0 linker stubs

.v4_bx          0x0000000008000fe4        0x0
 .v4_bx         0x0000000008000fe4        0x0 linker stubs

.iplt           0x0000000008000fe4        0x0
 .iplt          0x0000000008000fe4        0x0 build/px4io_bl/bl.o

.rel.dyn        0x0000000008000fe4        0x0
 .rel.iplt      0x0000000008000fe4        0x0 build/px4io_bl/bl.o

.preinit_array  0x0000000008000fe4        0x0
                0x0000000008000fe4                . = ALIGN (0x4)
                0x0000000008000fe4                __preinit_array_start = .
 *(.preinit_array)
                0x0000000008000fe4                __preinit_array_end = .

.init_array     0x0000000008000fe4        0x0
                0x0000000008000fe4                . = ALIGN (0x4)
                0x0000000008000fe4                __init_array_start = .
 *(SORT(.init_array.*))
 *(.init_array)
                0x0000000008000fe4                __init_array_end = .

.fini_array     0x0000000008000fe4        0x0
                0x0000000008000fe4                . = ALIGN (0x4)
                0x0000000008000fe4                __fini_array_start = .
 *(.fini_array)
 *(SORT(.fini_array.*))
                0x0000000008000fe4                __fini_array_end = .
                0x0000000020000000                . = ORIGIN (ram)

.data           0x0000000020000000       0x30 load address 0x0000000008000fe4
                0x0000000020000000                _data = .
 *(.data*)
 .data          0x0000000020000000       0x24 build/px4io_bl/main_f1.o
                0x0000000020000000                board_info
 .data.rcc_ahb_frequency
                0x0000000020000024        0x4 libopencm3/lib/libopencm3_stm32f1.a(rcc.o)
                0x0000000020000024                rcc_ahb_frequency
 .data.rcc_apb1_frequency
                0x0000000020000028        0x4 libopencm3/lib/libopencm3_stm32f1.a(rcc.o)
                0x0000000020000028                rcc_apb1_frequency
 .data.rcc_apb2_frequency
                0x000000002000002c        0x4 libopencm3/lib/libopencm3_stm32f1.a(rcc.o)
                0x000000002000002c                rcc_apb2_frequency
                0x0000000020000030                . = ALIGN (0x4)
                0x0000000020000030                _edata = .
                0x0000000008000fe4                _data_loadaddr = LOADADDR (.data)

.igot.plt       0x0000000020000030        0x0 load address 0x0000000008001014
 .igot.plt      0x0000000020000030        0x0 build/px4io_bl/bl.o

.bss            0x0000000020000030      0x728 load address 0x0000000008000fe4
 *(.bss*)
 .bss           0x0000000020000030      0x714 build/px4io_bl/bl.o
 *(COMMON)
 COMMON         0x0000000020000744       0x10 build/px4io_bl/bl.o
                0x0000000020000744                timer
 COMMON         0x0000000020000754        0x4 build/px4io_bl/usart.o
                0x0000000020000754                usart
                0x0000000020000758                . = ALIGN (0x4)
                0x0000000020000758                _ebss = .

/DISCARD/
 *(.eh_frame)
                0x0000000020000758                . = ALIGN (0x4)
                0x0000000020000758                end = .
                0x0000000020002000                PROVIDE (_stack, 0x20002000)
OUTPUT(build/px4io_bl/px4io_bl.elf elf32-littlearm)

.debug_info     0x0000000000000000     0x4ba4
 .debug_info    0x0000000000000000     0x14d9 build/px4io_bl/bl.o
 .debug_info    0x00000000000014d9      0x2d1 build/px4io_bl/usart.o
 .debug_info    0x00000000000017aa      0x8d9 build/px4io_bl/main_f1.o
 .debug_info    0x0000000000002083      0x297 libopencm3/lib/libopencm3_stm32f1.a(flash.o)
 .debug_info    0x000000000000231a      0x1df libopencm3/lib/libopencm3_stm32f1.a(gpio.o)
 .debug_info    0x00000000000024f9     0x1147 libopencm3/lib/libopencm3_stm32f1.a(rcc.o)
 .debug_info    0x0000000000003640      0x22c libopencm3/lib/libopencm3_stm32f1.a(gpio_common_all.o)
 .debug_info    0x000000000000386c      0x4cf libopencm3/lib/libopencm3_stm32f1.a(usart_common_all.o)
 .debug_info    0x0000000000003d3b      0x1bb libopencm3/lib/libopencm3_stm32f1.a(usart_common_f124.o)
 .debug_info    0x0000000000003ef6      0x53a libopencm3/lib/libopencm3_stm32f1.a(rcc_common_all.o)
 .debug_info    0x0000000000004430      0x27f libopencm3/lib/libopencm3_stm32f1.a(flash_common_f01.o)
 .debug_info    0x00000000000046af      0x2a0 libopencm3/lib/libopencm3_stm32f1.a(vector.o)
 .debug_info    0x000000000000494f      0x255 libopencm3/lib/libopencm3_stm32f1.a(systick.o)

.debug_abbrev   0x0000000000000000     0x139b
 .debug_abbrev  0x0000000000000000      0x456 build/px4io_bl/bl.o
 .debug_abbrev  0x0000000000000456      0x12d build/px4io_bl/usart.o
 .debug_abbrev  0x0000000000000583      0x2b4 build/px4io_bl/main_f1.o
 .debug_abbrev  0x0000000000000837      0x11a libopencm3/lib/libopencm3_stm32f1.a(flash.o)
 .debug_abbrev  0x0000000000000951       0xb7 libopencm3/lib/libopencm3_stm32f1.a(gpio.o)
 .debug_abbrev  0x0000000000000a08      0x291 libopencm3/lib/libopencm3_stm32f1.a(rcc.o)
 .debug_abbrev  0x0000000000000c99      0x10e libopencm3/lib/libopencm3_stm32f1.a(gpio_common_all.o)
 .debug_abbrev  0x0000000000000da7      0x12b libopencm3/lib/libopencm3_stm32f1.a(usart_common_all.o)
 .debug_abbrev  0x0000000000000ed2       0xb7 libopencm3/lib/libopencm3_stm32f1.a(usart_common_f124.o)
 .debug_abbrev  0x0000000000000f89       0xc1 libopencm3/lib/libopencm3_stm32f1.a(rcc_common_all.o)
 .debug_abbrev  0x000000000000104a       0xe7 libopencm3/lib/libopencm3_stm32f1.a(flash_common_f01.o)
 .debug_abbrev  0x0000000000001131      0x138 libopencm3/lib/libopencm3_stm32f1.a(vector.o)
 .debug_abbrev  0x0000000000001269      0x132 libopencm3/lib/libopencm3_stm32f1.a(systick.o)

.debug_loc      0x0000000000000000     0x16fe
 .debug_loc     0x0000000000000000      0x5ac build/px4io_bl/bl.o
 .debug_loc     0x00000000000005ac       0xb7 build/px4io_bl/usart.o
 .debug_loc     0x0000000000000663      0x2f1 build/px4io_bl/main_f1.o
 .debug_loc     0x0000000000000954       0x9c libopencm3/lib/libopencm3_stm32f1.a(flash.o)
 .debug_loc     0x00000000000009f0      0x19f libopencm3/lib/libopencm3_stm32f1.a(gpio.o)
 .debug_loc     0x0000000000000b8f      0x3f2 libopencm3/lib/libopencm3_stm32f1.a(rcc.o)
 .debug_loc     0x0000000000000f81       0x84 libopencm3/lib/libopencm3_stm32f1.a(gpio_common_all.o)
 .debug_loc     0x0000000000001005      0x1ca libopencm3/lib/libopencm3_stm32f1.a(usart_common_all.o)
 .debug_loc     0x00000000000011cf       0xd4 libopencm3/lib/libopencm3_stm32f1.a(usart_common_f124.o)
 .debug_loc     0x00000000000012a3      0x14a libopencm3/lib/libopencm3_stm32f1.a(rcc_common_all.o)
 .debug_loc     0x00000000000013ed       0xd3 libopencm3/lib/libopencm3_stm32f1.a(flash_common_f01.o)
 .debug_loc     0x00000000000014c0       0xac libopencm3/lib/libopencm3_stm32f1.a(vector.o)
 .debug_loc     0x000000000000156c      0x192 libopencm3/lib/libopencm3_stm32f1.a(systick.o)

.debug_aranges  0x0000000000000000      0x668
 .debug_aranges
                0x0000000000000000       0x98 build/px4io_bl/bl.o
 .debug_aranges
                0x0000000000000098       0x38 build/px4io_bl/usart.o
 .debug_aranges
                0x00000000000000d0       0x90 build/px4io_bl/main_f1.o
 .debug_aranges
                0x0000000000000160       0x80 libopencm3/lib/libopencm3_stm32f1.a(flash.o)
 .debug_aranges
                0x00000000000001e0       0x38 libopencm3/lib/libopencm3_stm32f1.a(gpio.o)
 .debug_aranges
                0x0000000000000218      0x168 libopencm3/lib/libopencm3_stm32f1.a(rcc.o)
 .debug_aranges
                0x0000000000000380       0x50 libopencm3/lib/libopencm3_stm32f1.a(gpio_common_all.o)
 .debug_aranges
                0x00000000000003d0       0xb8 libopencm3/lib/libopencm3_stm32f1.a(usart_common_all.o)
 .debug_aranges
                0x0000000000000488       0x48 libopencm3/lib/libopencm3_stm32f1.a(usart_common_f124.o)
 .debug_aranges
                0x00000000000004d0       0x68 libopencm3/lib/libopencm3_stm32f1.a(rcc_common_all.o)
 .debug_aranges
                0x0000000000000538       0x88 libopencm3/lib/libopencm3_stm32f1.a(flash_common_f01.o)
 .debug_aranges
                0x00000000000005c0       0x30 libopencm3/lib/libopencm3_stm32f1.a(vector.o)
 .debug_aranges
                0x00000000000005f0       0x78 libopencm3/lib/libopencm3_stm32f1.a(systick.o)

.debug_ranges   0x0000000000000000      0x6d8
 .debug_ranges  0x0000000000000000      0x150 build/px4io_bl/bl.o
 .debug_ranges  0x0000000000000150       0x28 build/px4io_bl/usart.o
 .debug_ranges  0x0000000000000178       0x98 build/px4io_bl/main_f1.o
 .debug_ranges  0x0000000000000210       0x70 libopencm3/lib/libopencm3_stm32f1.a(flash.o)
 .debug_ranges  0x0000000000000280       0x28 libopencm3/lib/libopencm3_stm32f1.a(gpio.o)
 .debug_ranges  0x00000000000002a8      0x1b8 libopencm3/lib/libopencm3_stm32f1.a(rcc.o)
 .debug_ranges  0x0000000000000460       0x40 libopencm3/lib/libopencm3_stm32f1.a(gpio_common_all.o)
 .debug_ranges  0x00000000000004a0       0xa8 libopencm3/lib/libopencm3_stm32f1.a(usart_common_all.o)
 .debug_ranges  0x0000000000000548       0x38 libopencm3/lib/libopencm3_stm32f1.a(usart_common_f124.o)
 .debug_ranges  0x0000000000000580       0x58 libopencm3/lib/libopencm3_stm32f1.a(rcc_common_all.o)
 .debug_ranges  0x00000000000005d8       0x78 libopencm3/lib/libopencm3_stm32f1.a(flash_common_f01.o)
 .debug_ranges  0x0000000000000650       0x20 libopencm3/lib/libopencm3_stm32f1.a(vector.o)
 .debug_ranges  0x0000000000000670       0x68 libopencm3/lib/libopencm3_stm32f1.a(systick.o)

.debug_line     0x0000000000000000     0x2768
 .debug_line    0x0000000000000000      0x4f1 build/px4io_bl/bl.o
 .debug_line    0x00000000000004f1      0x118 build/px4io_bl/usart.o
 .debug_line    0x0000000000000609      0x29a build/px4io_bl/main_f1.o
 .debug_line    0x00000000000008a3      0x318 libopencm3/lib/libopencm3_stm32f1.a(flash.o)
 .debug_line    0x0000000000000bbb      0x247 libopencm3/lib/libopencm3_stm32f1.a(gpio.o)
 .debug_line    0x0000000000000e02      0x5fa libopencm3/lib/libopencm3_stm32f1.a(rcc.o)
 .debug_line    0x00000000000013fc      0x280 libopencm3/lib/libopencm3_stm32f1.a(gpio_common_all.o)
 .debug_line    0x000000000000167c      0x3b6 libopencm3/lib/libopencm3_stm32f1.a(usart_common_all.o)
 .debug_line    0x0000000000001a32      0x2c6 libopencm3/lib/libopencm3_stm32f1.a(usart_common_f124.o)
 .debug_line    0x0000000000001cf8      0x2a5 libopencm3/lib/libopencm3_stm32f1.a(rcc_common_all.o)
 .debug_line    0x0000000000001f9d      0x30b libopencm3/lib/libopencm3_stm32f1.a(flash_common_f01.o)
 .debug_line    0x00000000000022a8      0x291 libopencm3/lib/libopencm3_stm32f1.a(vector.o)
 .debug_line    0x0000000000002539      0x22f libopencm3/lib/libopencm3_stm32f1.a(systick.o)

.debug_str      0x0000000000000000     0xee80
 .debug_str     0x0000000000000000      0x491 build/px4io_bl/bl.o
                                        0x571 (size before relaxing)
 .debug_str     0x0000000000000491       0xc3 build/px4io_bl/usart.o
                                        0x239 (size before relaxing)
 .debug_str     0x0000000000000554      0x199 build/px4io_bl/main_f1.o
                                        0x45b (size before relaxing)
 .debug_str     0x00000000000006ed     0x48eb libopencm3/lib/libopencm3_stm32f1.a(flash.o)
                                       0x4a92 (size before relaxing)
 .debug_str     0x0000000000004fd8     0x3811 libopencm3/lib/libopencm3_stm32f1.a(gpio.o)
                                       0x795e (size before relaxing)
 .debug_str     0x00000000000087e9     0x2864 libopencm3/lib/libopencm3_stm32f1.a(rcc.o)
                                       0x71b5 (size before relaxing)
 .debug_str     0x000000000000b04d       0x51 libopencm3/lib/libopencm3_stm32f1.a(gpio_common_all.o)
                                       0x7952 (size before relaxing)
 .debug_str     0x000000000000b09e      0xff7 libopencm3/lib/libopencm3_stm32f1.a(usart_common_all.o)
                                       0x75dc (size before relaxing)
 .debug_str     0x000000000000c095       0x51 libopencm3/lib/libopencm3_stm32f1.a(usart_common_f124.o)
                                       0x7414 (size before relaxing)
 .debug_str     0x000000000000c0e6      0x543 libopencm3/lib/libopencm3_stm32f1.a(rcc_common_all.o)
                                       0x6a64 (size before relaxing)
 .debug_str     0x000000000000c629       0xa6 libopencm3/lib/libopencm3_stm32f1.a(flash_common_f01.o)
                                       0x4a05 (size before relaxing)
 .debug_str     0x000000000000c6cf     0x24f3 libopencm3/lib/libopencm3_stm32f1.a(vector.o)
                                       0x5ab0 (size before relaxing)
 .debug_str     0x000000000000ebc2      0x2be libopencm3/lib/libopencm3_stm32f1.a(systick.o)
                                       0x391e (size before relaxing)

.comment        0x0000000000000000       0x38
 .comment       0x0000000000000000       0x38 build/px4io_bl/bl.o
                                         0x39 (size before relaxing)
 .comment       0x0000000000000038       0x39 build/px4io_bl/usart.o
 .comment       0x0000000000000038       0x39 build/px4io_bl/main_f1.o
 .comment       0x0000000000000038       0x39 libopencm3/lib/libopencm3_stm32f1.a(flash.o)
 .comment       0x0000000000000038       0x39 libopencm3/lib/libopencm3_stm32f1.a(gpio.o)
 .comment       0x0000000000000038       0x39 libopencm3/lib/libopencm3_stm32f1.a(rcc.o)
 .comment       0x0000000000000038       0x39 libopencm3/lib/libopencm3_stm32f1.a(gpio_common_all.o)
 .comment       0x0000000000000038       0x39 libopencm3/lib/libopencm3_stm32f1.a(usart_common_all.o)
 .comment       0x0000000000000038       0x39 libopencm3/lib/libopencm3_stm32f1.a(usart_common_f124.o)
 .comment       0x0000000000000038       0x39 libopencm3/lib/libopencm3_stm32f1.a(rcc_common_all.o)
 .comment       0x0000000000000038       0x39 libopencm3/lib/libopencm3_stm32f1.a(flash_common_f01.o)
 .comment       0x0000000000000038       0x39 libopencm3/lib/libopencm3_stm32f1.a(vector.o)
 .comment       0x0000000000000038       0x39 libopencm3/lib/libopencm3_stm32f1.a(systick.o)

.ARM.attributes
                0x0000000000000000       0x31
 .ARM.attributes
                0x0000000000000000       0x33 build/px4io_bl/bl.o
 .ARM.attributes
                0x0000000000000033       0x33 build/px4io_bl/usart.o
 .ARM.attributes
                0x0000000000000066       0x33 build/px4io_bl/main_f1.o
 .ARM.attributes
                0x0000000000000099       0x33 libopencm3/lib/libopencm3_stm32f1.a(flash.o)
 .ARM.attributes
                0x00000000000000cc       0x33 libopencm3/lib/libopencm3_stm32f1.a(gpio.o)
 .ARM.attributes
                0x00000000000000ff       0x33 libopencm3/lib/libopencm3_stm32f1.a(rcc.o)
 .ARM.attributes
                0x0000000000000132       0x33 libopencm3/lib/libopencm3_stm32f1.a(gpio_common_all.o)
 .ARM.attributes
                0x0000000000000165       0x33 libopencm3/lib/libopencm3_stm32f1.a(usart_common_all.o)
 .ARM.attributes
                0x0000000000000198       0x33 libopencm3/lib/libopencm3_stm32f1.a(usart_common_f124.o)
 .ARM.attributes
                0x00000000000001cb       0x33 libopencm3/lib/libopencm3_stm32f1.a(rcc_common_all.o)
 .ARM.attributes
                0x00000000000001fe       0x33 libopencm3/lib/libopencm3_stm32f1.a(flash_common_f01.o)
 .ARM.attributes
                0x0000000000000231       0x33 libopencm3/lib/libopencm3_stm32f1.a(vector.o)
 .ARM.attributes
                0x0000000000000264       0x33 libopencm3/lib/libopencm3_stm32f1.a(systick.o)

.debug_frame    0x0000000000000000      0xcdc
 .debug_frame   0x0000000000000000      0x18c build/px4io_bl/bl.o
 .debug_frame   0x000000000000018c       0x70 build/px4io_bl/usart.o
 .debug_frame   0x00000000000001fc      0x12c build/px4io_bl/main_f1.o
 .debug_frame   0x0000000000000328      0x10c libopencm3/lib/libopencm3_stm32f1.a(flash.o)
 .debug_frame   0x0000000000000434       0x60 libopencm3/lib/libopencm3_stm32f1.a(gpio.o)
 .debug_frame   0x0000000000000494      0x300 libopencm3/lib/libopencm3_stm32f1.a(rcc.o)
 .debug_frame   0x0000000000000794       0x80 libopencm3/lib/libopencm3_stm32f1.a(gpio_common_all.o)
 .debug_frame   0x0000000000000814      0x170 libopencm3/lib/libopencm3_stm32f1.a(usart_common_all.o)
 .debug_frame   0x0000000000000984       0x70 libopencm3/lib/libopencm3_stm32f1.a(usart_common_f124.o)
 .debug_frame   0x00000000000009f4       0xb0 libopencm3/lib/libopencm3_stm32f1.a(rcc_common_all.o)
 .debug_frame   0x0000000000000aa4      0x120 libopencm3/lib/libopencm3_stm32f1.a(flash_common_f01.o)
 .debug_frame   0x0000000000000bc4       0x40 libopencm3/lib/libopencm3_stm32f1.a(vector.o)
 .debug_frame   0x0000000000000c04       0xd8 libopencm3/lib/libopencm3_stm32f1.a(systick.o)

.debug_macro    0x0000000000000000     0x3718
 .debug_macro   0x0000000000000000       0xba libopencm3/lib/libopencm3_stm32f1.a(flash.o)
 .debug_macro   0x00000000000000ba      0x862 libopencm3/lib/libopencm3_stm32f1.a(flash.o)
 .debug_macro   0x000000000000091c       0x22 libopencm3/lib/libopencm3_stm32f1.a(flash.o)
 .debug_macro   0x000000000000093e       0x44 libopencm3/lib/libopencm3_stm32f1.a(flash.o)
 .debug_macro   0x0000000000000982       0xe3 libopencm3/lib/libopencm3_stm32f1.a(flash.o)
 .debug_macro   0x0000000000000a65       0x22 libopencm3/lib/libopencm3_stm32f1.a(flash.o)
 .debug_macro   0x0000000000000a87      0x1df libopencm3/lib/libopencm3_stm32f1.a(flash.o)
 .debug_macro   0x0000000000000c66       0x22 libopencm3/lib/libopencm3_stm32f1.a(flash.o)
 .debug_macro   0x0000000000000c88       0xfa libopencm3/lib/libopencm3_stm32f1.a(flash.o)
 .debug_macro   0x0000000000000d82       0x58 libopencm3/lib/libopencm3_stm32f1.a(flash.o)
 .debug_macro   0x0000000000000dda      0x1b4 libopencm3/lib/libopencm3_stm32f1.a(flash.o)
 .debug_macro   0x0000000000000f8e       0xdc libopencm3/lib/libopencm3_stm32f1.a(flash.o)
 .debug_macro   0x000000000000106a       0x82 libopencm3/lib/libopencm3_stm32f1.a(flash.o)
 .debug_macro   0x00000000000010ec       0xaa libopencm3/lib/libopencm3_stm32f1.a(gpio.o)
 .debug_macro   0x0000000000001196       0x76 libopencm3/lib/libopencm3_stm32f1.a(gpio.o)
 .debug_macro   0x000000000000120c      0xdfd libopencm3/lib/libopencm3_stm32f1.a(gpio.o)
 .debug_macro   0x0000000000002009       0xd1 libopencm3/lib/libopencm3_stm32f1.a(rcc.o)
 .debug_macro   0x00000000000020da       0x16 libopencm3/lib/libopencm3_stm32f1.a(rcc.o)
 .debug_macro   0x00000000000020f0      0x825 libopencm3/lib/libopencm3_stm32f1.a(rcc.o)
 .debug_macro   0x0000000000002915       0xaa libopencm3/lib/libopencm3_stm32f1.a(gpio_common_all.o)
 .debug_macro   0x00000000000029bf       0xcc libopencm3/lib/libopencm3_stm32f1.a(usart_common_all.o)
 .debug_macro   0x0000000000002a8b       0x8e libopencm3/lib/libopencm3_stm32f1.a(usart_common_all.o)
 .debug_macro   0x0000000000002b19      0x273 libopencm3/lib/libopencm3_stm32f1.a(usart_common_all.o)
 .debug_macro   0x0000000000002d8c       0xcc libopencm3/lib/libopencm3_stm32f1.a(usart_common_f124.o)
 .debug_macro   0x0000000000002e58       0xc0 libopencm3/lib/libopencm3_stm32f1.a(rcc_common_all.o)
 .debug_macro   0x0000000000002f18       0xaa libopencm3/lib/libopencm3_stm32f1.a(flash_common_f01.o)
 .debug_macro   0x0000000000002fc2       0xc1 libopencm3/lib/libopencm3_stm32f1.a(vector.o)
 .debug_macro   0x0000000000003083      0x3a1 libopencm3/lib/libopencm3_stm32f1.a(vector.o)
 .debug_macro   0x0000000000003424       0x6a libopencm3/lib/libopencm3_stm32f1.a(vector.o)
 .debug_macro   0x000000000000348e      0x1a2 libopencm3/lib/libopencm3_stm32f1.a(vector.o)
 .debug_macro   0x0000000000003630       0x84 libopencm3/lib/libopencm3_stm32f1.a(systick.o)
 .debug_macro   0x00000000000036b4       0x64 libopencm3/lib/libopencm3_stm32f1.a(systick.o)
