Archive member included to satisfy reference by file (symbol)

libopencm3/lib/libopencm3_stm32f4.a(rcc.o)
                              build/px4fmuv4_bl/main_f4.o (rcc_wait_for_osc_ready)
libopencm3/lib/libopencm3_stm32f4.a(gpio_common_all.o)
                              build/px4fmuv4_bl/main_f4.o (gpio_set)
libopencm3/lib/libopencm3_stm32f4.a(gpio_common_f0234.o)
                              build/px4fmuv4_bl/cdcacm.o (gpio_mode_setup)
libopencm3/lib/libopencm3_stm32f4.a(usart_common_all.o)
                              build/px4fmuv4_bl/usart.o (usart_set_baudrate)
libopencm3/lib/libopencm3_stm32f4.a(usart_common_f124.o)
                              libopencm3/lib/libopencm3_stm32f4.a(usart_common_all.o) (usart_send)
libopencm3/lib/libopencm3_stm32f4.a(flash_common_f234.o)
                              libopencm3/lib/libopencm3_stm32f4.a(rcc.o) (flash_set_ws)
libopencm3/lib/libopencm3_stm32f4.a(flash_common_f24.o)
                              build/px4fmuv4_bl/main_f4.o (flash_program_word)
libopencm3/lib/libopencm3_stm32f4.a(rcc_common_all.o)
                              build/px4fmuv4_bl/cdcacm.o (rcc_peripheral_enable_clock)
libopencm3/lib/libopencm3_stm32f4.a(usb.o)
                              build/px4fmuv4_bl/cdcacm.o (usbd_init)
libopencm3/lib/libopencm3_stm32f4.a(usb_standard.o)
                              build/px4fmuv4_bl/cdcacm.o (usbd_register_set_config_callback)
libopencm3/lib/libopencm3_stm32f4.a(usb_control.o)
                              build/px4fmuv4_bl/cdcacm.o (usbd_register_control_callback)
libopencm3/lib/libopencm3_stm32f4.a(usb_f107.o)
                              build/px4fmuv4_bl/cdcacm.o (stm32f107_usb_driver)
libopencm3/lib/libopencm3_stm32f4.a(vector.o)
                              (vector_table)
libopencm3/lib/libopencm3_stm32f4.a(systick.o)
                              build/px4fmuv4_bl/bl.o (systick_set_reload)
libopencm3/lib/libopencm3_stm32f4.a(nvic.o)
                              build/px4fmuv4_bl/cdcacm.o (nvic_enable_irq)
libopencm3/lib/libopencm3_stm32f4.a(pwr.o)
                              libopencm3/lib/libopencm3_stm32f4.a(rcc.o) (pwr_set_vos_scale)
libopencm3/lib/libopencm3_stm32f4.a(usb_fx07_common.o)
                              libopencm3/lib/libopencm3_stm32f4.a(usb_f107.o) (stm32fx07_set_address)
/usr/lib/gcc/arm-none-eabi/4.9.3/../../../arm-none-eabi/lib/armv7e-m/fpu/libg.a(lib_a-memcpy.o)
                              build/px4fmuv4_bl/bl.o (memcpy)
/usr/lib/gcc/arm-none-eabi/4.9.3/../../../arm-none-eabi/lib/armv7e-m/fpu/libg.a(lib_a-memset.o)
                              build/px4fmuv4_bl/bl.o (memset)
/usr/lib/gcc/arm-none-eabi/4.9.3/../../../arm-none-eabi/lib/armv7e-m/fpu/libg.a(lib_a-strlen.o)
                              libopencm3/lib/libopencm3_stm32f4.a(usb_standard.o) (strlen)

Allocating common symbols
Common symbol       size              file

timer               0x10              build/px4fmuv4_bl/bl.o
usart               0x4               build/px4fmuv4_bl/usart.o

Discarded input sections

 .text          0x0000000000000000        0x0 build/px4fmuv4_bl/bl.o
 .data          0x0000000000000000        0x0 build/px4fmuv4_bl/bl.o
 .text.bootloader_b2
                0x0000000000000000      0x244 build/px4fmuv4_bl/bl.o
 .text          0x0000000000000000        0x0 build/px4fmuv4_bl/cdcacm.o
 .text          0x0000000000000000        0x0 build/px4fmuv4_bl/usart.o
 .data          0x0000000000000000        0x0 build/px4fmuv4_bl/usart.o
 .bss           0x0000000000000000        0x0 build/px4fmuv4_bl/usart.o
 .text          0x0000000000000000        0x0 build/px4fmuv4_bl/main_f4.o
 .text.jump_to_erase
                0x0000000000000000       0x4c build/px4fmuv4_bl/main_f4.o
 .reset_eb2     0x0000000000000000       0x98 build/px4fmuv4_bl/main_f4.o
 .group         0x0000000000000000        0x8 libopencm3/lib/libopencm3_stm32f4.a(rcc.o)
 .group         0x0000000000000000        0x8 libopencm3/lib/libopencm3_stm32f4.a(rcc.o)
 .group         0x0000000000000000        0x8 libopencm3/lib/libopencm3_stm32f4.a(rcc.o)
 .group         0x0000000000000000        0x8 libopencm3/lib/libopencm3_stm32f4.a(rcc.o)
 .group         0x0000000000000000        0x8 libopencm3/lib/libopencm3_stm32f4.a(rcc.o)
 .group         0x0000000000000000        0x8 libopencm3/lib/libopencm3_stm32f4.a(rcc.o)
 .group         0x0000000000000000        0x8 libopencm3/lib/libopencm3_stm32f4.a(rcc.o)
 .group         0x0000000000000000        0x8 libopencm3/lib/libopencm3_stm32f4.a(rcc.o)
 .group         0x0000000000000000        0x8 libopencm3/lib/libopencm3_stm32f4.a(rcc.o)
 .group         0x0000000000000000        0x8 libopencm3/lib/libopencm3_stm32f4.a(rcc.o)
 .group         0x0000000000000000        0x8 libopencm3/lib/libopencm3_stm32f4.a(rcc.o)
 .group         0x0000000000000000        0x8 libopencm3/lib/libopencm3_stm32f4.a(rcc.o)
 .group         0x0000000000000000        0x8 libopencm3/lib/libopencm3_stm32f4.a(rcc.o)
[...]
Memory Configuration

Name             Origin             Length             Attributes
rom              0x0000000008000000 0x0000000000004000 xr
ram              0x0000000020000000 0x0000000000020000 xrw
*default*        0x0000000000000000 0xffffffffffffffff

Linker script and memory map

LOAD build/px4fmuv4_bl/bl.o
LOAD build/px4fmuv4_bl/cdcacm.o
LOAD build/px4fmuv4_bl/usart.o
LOAD build/px4fmuv4_bl/main_f4.o
LOAD /usr/lib/gcc/arm-none-eabi/4.9.3/../../../arm-none-eabi/lib/armv7e-m/fpu/libnosys.a
LOAD libopencm3/lib/libopencm3_stm32f4.a
START GROUP
LOAD /usr/lib/gcc/arm-none-eabi/4.9.3/armv7e-m/fpu/libgcc.a
LOAD /usr/lib/gcc/arm-none-eabi/4.9.3/../../../arm-none-eabi/lib/armv7e-m/fpu/libg.a
LOAD /usr/lib/gcc/arm-none-eabi/4.9.3/../../../arm-none-eabi/lib/armv7e-m/fpu/libc.a
END GROUP
                0x0000000008000000                . = ORIGIN (rom)

.text           0x0000000008000000     0x2a1c
 *(.vectors)
 .vectors       0x0000000008000000      0x1ac libopencm3/lib/libopencm3_stm32f4.a(vector.o)
                0x0000000008000000                vector_table
 *(.text*)
 .text.cinit    0x00000000080001ac       0x12 build/px4fmuv4_bl/bl.o
                0x00000000080001ac                cinit
 .text.cfini    0x00000000080001be        0xe build/px4fmuv4_bl/bl.o
                0x00000000080001be                cfini
 .text.cin      0x00000000080001cc       0x3c build/px4fmuv4_bl/bl.o
                0x00000000080001cc                cin
 .text.cin_wait
                0x0000000008000208       0x2c build/px4fmuv4_bl/bl.o
 .text.wait_for_eoc
                0x0000000008000234       0x10 build/px4fmuv4_bl/bl.o
 .text.cout     0x0000000008000244       0x2c build/px4fmuv4_bl/bl.o
                0x0000000008000244                cout
 .text.cout_word
                0x0000000008000270       0x16 build/px4fmuv4_bl/bl.o
 *fill*         0x0000000008000286        0x2 
 .text.sync_response
                0x0000000008000288       0x1c build/px4fmuv4_bl/bl.o
 .text.buf_put  0x00000000080002a4       0x1c build/px4fmuv4_bl/bl.o
                0x00000000080002a4                buf_put
 .text.buf_get  0x00000000080002c0       0x20 build/px4fmuv4_bl/bl.o
                0x00000000080002c0                buf_get
 .text.jump_to_app
                0x00000000080002e0       0x64 build/px4fmuv4_bl/bl.o
                0x00000000080002e0                jump_to_app
 .text.sys_tick_handler
                0x0000000008000344       0x40 build/px4fmuv4_bl/bl.o
                0x0000000008000344                sys_tick_handler
 .text.delay    0x0000000008000384       0x10 build/px4fmuv4_bl/bl.o
                0x0000000008000384                delay
 .text.led_blink_off
                0x0000000008000394       0x10 build/px4fmuv4_bl/bl.o
                0x0000000008000394                led_blink_off
 .text.bootloader
                0x00000000080003a4      0x468 build/px4fmuv4_bl/bl.o
                0x00000000080003a4                bootloader
 .text.cdcacm_control_request
                0x000000000800080c       0x2c build/px4fmuv4_bl/cdcacm.o
 .text.cdcacm_set_config
                0x0000000008000838       0x4c build/px4fmuv4_bl/cdcacm.o
 .text.cdcacm_data_rx_cb
                0x0000000008000884       0x26 build/px4fmuv4_bl/cdcacm.o
 *fill*         0x00000000080008aa        0x2 
 .text.otg_fs_isr
                0x00000000080008ac       0x10 build/px4fmuv4_bl/cdcacm.o
                0x00000000080008ac                otg_fs_isr
 .text.usb_cinit
                0x00000000080008bc       0xa4 build/px4fmuv4_bl/cdcacm.o
                0x00000000080008bc                usb_cinit
 .text.usb_cfini
                0x0000000008000960       0x40 build/px4fmuv4_bl/cdcacm.o
                0x0000000008000960                usb_cfini
 .text.usb_cin  0x00000000080009a0       0x14 build/px4fmuv4_bl/cdcacm.o
                0x00000000080009a0                usb_cin
 .text.usb_cout
                0x00000000080009b4       0x34 build/px4fmuv4_bl/cdcacm.o
                0x00000000080009b4                usb_cout
 .text.uart_cinit
                0x00000000080009e8       0x44 build/px4fmuv4_bl/usart.o
                0x00000000080009e8                uart_cinit
 .text.uart_cfini
                0x0000000008000a2c        0xc build/px4fmuv4_bl/usart.o
                0x0000000008000a2c                uart_cfini
 .text.uart_cin
                0x0000000008000a38       0x1c build/px4fmuv4_bl/usart.o
                0x0000000008000a38                uart_cin
 .text.uart_cout
                0x0000000008000a54       0x20 build/px4fmuv4_bl/usart.o
                0x0000000008000a54                uart_cout
 .text.unlikely.board_set_rtc_signature
                0x0000000008000a74       0x38 build/px4fmuv4_bl/main_f4.o
 .text.board_test_usart_receiving_break
                0x0000000008000aac       0x70 build/px4fmuv4_bl/main_f4.o
 .text.board_deinit
                0x0000000008000b1c       0x58 build/px4fmuv4_bl/main_f4.o
                0x0000000008000b1c                board_deinit
 .text.clock_init
                0x0000000008000b74        0xc build/px4fmuv4_bl/main_f4.o
                0x0000000008000b74                clock_init
 .text.clock_deinit
                0x0000000008000b80       0x48 build/px4fmuv4_bl/main_f4.o
                0x0000000008000b80                clock_deinit
 .text.flash_func_sector_size
                0x0000000008000bc8       0x28 build/px4fmuv4_bl/main_f4.o
                0x0000000008000bc8                flash_func_sector_size
 .text.flash_func_write_word
                0x0000000008000bf0        0xc build/px4fmuv4_bl/main_f4.o
                0x0000000008000bf0                flash_func_write_word
 .text.flash_func_read_word
                0x0000000008000bfc       0x12 build/px4fmuv4_bl/main_f4.o
                0x0000000008000bfc                flash_func_read_word
 *fill*         0x0000000008000c0e        0x2 
 .text.flash_func_erase_sector
                0x0000000008000c10       0x64 build/px4fmuv4_bl/main_f4.o
                0x0000000008000c10                flash_func_erase_sector
 .text.flash_func_read_otp
                0x0000000008000c74       0x1e build/px4fmuv4_bl/main_f4.o
                0x0000000008000c74                flash_func_read_otp
 *fill*         0x0000000008000c92        0x2 
 .text.get_mcu_id
                0x0000000008000c94        0xc build/px4fmuv4_bl/main_f4.o
                0x0000000008000c94                get_mcu_id
 .text.get_mcu_desc
                0x0000000008000ca0       0xa8 build/px4fmuv4_bl/main_f4.o
                0x0000000008000ca0                get_mcu_desc
 .text.check_silicon
                0x0000000008000d48       0x30 build/px4fmuv4_bl/main_f4.o
                0x0000000008000d48                check_silicon
 .text.board_init
                0x0000000008000d78       0xcc build/px4fmuv4_bl/main_f4.o
                0x0000000008000d78                board_init
 .text.flash_func_read_sn
                0x0000000008000e44        0xc build/px4fmuv4_bl/main_f4.o
                0x0000000008000e44                flash_func_read_sn
 .text.led_on   0x0000000008000e50       0x20 build/px4fmuv4_bl/main_f4.o
                0x0000000008000e50                led_on
 .text.led_off  0x0000000008000e70       0x20 build/px4fmuv4_bl/main_f4.o
                0x0000000008000e70                led_off
 .text.led_toggle
                0x0000000008000e90       0x20 build/px4fmuv4_bl/main_f4.o
                0x0000000008000e90                led_toggle
 .text.encoding
                0x0000000008000eb0       0xa4 build/px4fmuv4_bl/main_f4.o
                0x0000000008000eb0                encoding
 .text.test_entry
                0x0000000008000f54       0x64 build/px4fmuv4_bl/main_f4.o
                0x0000000008000f54                test_entry
 .text.startup.main
                0x0000000008000fb8      0x160 build/px4fmuv4_bl/main_f4.o
                0x0000000008000fb8                main
 .text.rcc_is_osc_ready
                0x0000000008001118       0x5c libopencm3/lib/libopencm3_stm32f4.a(rcc.o)
                0x0000000008001118                rcc_is_osc_ready
 .text.rcc_wait_for_osc_ready
                0x0000000008001174       0x10 libopencm3/lib/libopencm3_stm32f4.a(rcc.o)
                0x0000000008001174                rcc_wait_for_osc_ready
 .text.rcc_osc_on
                0x0000000008001184       0x58 libopencm3/lib/libopencm3_stm32f4.a(rcc.o)
                0x0000000008001184                rcc_osc_on
 .text.rcc_osc_off
                0x00000000080011dc       0x58 libopencm3/lib/libopencm3_stm32f4.a(rcc.o)
                0x00000000080011dc                rcc_osc_off
 .text.rcc_css_disable
                0x0000000008001234       0x10 libopencm3/lib/libopencm3_stm32f4.a(rcc.o)
                0x0000000008001234                rcc_css_disable
 .text.rcc_osc_bypass_disable
                0x0000000008001244       0x28 libopencm3/lib/libopencm3_stm32f4.a(rcc.o)
                0x0000000008001244                rcc_osc_bypass_disable
 .text.rcc_set_sysclk_source
                0x000000000800126c       0x14 libopencm3/lib/libopencm3_stm32f4.a(rcc.o)
                0x000000000800126c                rcc_set_sysclk_source
 .text.rcc_set_ppre2
                0x0000000008001280       0x14 libopencm3/lib/libopencm3_stm32f4.a(rcc.o)
                0x0000000008001280                rcc_set_ppre2
 .text.rcc_set_ppre1
                0x0000000008001294       0x14 libopencm3/lib/libopencm3_stm32f4.a(rcc.o)
                0x0000000008001294                rcc_set_ppre1
 .text.rcc_set_hpre
                0x00000000080012a8       0x14 libopencm3/lib/libopencm3_stm32f4.a(rcc.o)
                0x00000000080012a8                rcc_set_hpre
 .text.rcc_set_main_pll_hse
                0x00000000080012bc       0x44 libopencm3/lib/libopencm3_stm32f4.a(rcc.o)
                0x00000000080012bc                rcc_set_main_pll_hse
 .text.rcc_clock_setup_hse_3v3
                0x0000000008001300       0xa8 libopencm3/lib/libopencm3_stm32f4.a(rcc.o)
                0x0000000008001300                rcc_clock_setup_hse_3v3
 .text.gpio_set
                0x00000000080013a8        0x4 libopencm3/lib/libopencm3_stm32f4.a(gpio_common_all.o)
                0x00000000080013a8                gpio_set
 .text.gpio_clear
                0x00000000080013ac        0x6 libopencm3/lib/libopencm3_stm32f4.a(gpio_common_all.o)
                0x00000000080013ac                gpio_clear
 .text.gpio_get
                0x00000000080013b2        0x6 libopencm3/lib/libopencm3_stm32f4.a(gpio_common_all.o)
                0x00000000080013b2                gpio_get
 .text.gpio_toggle
                0x00000000080013b8       0x10 libopencm3/lib/libopencm3_stm32f4.a(gpio_common_all.o)
                0x00000000080013b8                gpio_toggle
 .text.gpio_mode_setup
                0x00000000080013c8       0x3a libopencm3/lib/libopencm3_stm32f4.a(gpio_common_f0234.o)
                0x00000000080013c8                gpio_mode_setup
 .text.gpio_set_output_options
                0x0000000008001402       0x36 libopencm3/lib/libopencm3_stm32f4.a(gpio_common_f0234.o)
                0x0000000008001402                gpio_set_output_options
 .text.gpio_set_af
                0x0000000008001438       0x54 libopencm3/lib/libopencm3_stm32f4.a(gpio_common_f0234.o)
                0x0000000008001438                gpio_set_af
 .text.usart_set_baudrate
                0x000000000800148c       0x30 libopencm3/lib/libopencm3_stm32f4.a(usart_common_all.o)
                0x000000000800148c                usart_set_baudrate
 .text.usart_set_databits
                0x00000000080014bc       0x12 libopencm3/lib/libopencm3_stm32f4.a(usart_common_all.o)
                0x00000000080014bc                usart_set_databits
 .text.usart_set_stopbits
                0x00000000080014ce        0xc libopencm3/lib/libopencm3_stm32f4.a(usart_common_all.o)
                0x00000000080014ce                usart_set_stopbits
 .text.usart_set_parity
                0x00000000080014da        0xc libopencm3/lib/libopencm3_stm32f4.a(usart_common_all.o)
                0x00000000080014da                usart_set_parity
 .text.usart_set_mode
                0x00000000080014e6        0xc libopencm3/lib/libopencm3_stm32f4.a(usart_common_all.o)
                0x00000000080014e6                usart_set_mode
 .text.usart_set_flow_control
                0x00000000080014f2        0xc libopencm3/lib/libopencm3_stm32f4.a(usart_common_all.o)
                0x00000000080014f2                usart_set_flow_control
 .text.usart_enable
                0x00000000080014fe        0xa libopencm3/lib/libopencm3_stm32f4.a(usart_common_all.o)
                0x00000000080014fe                usart_enable
 .text.usart_disable
                0x0000000008001508        0xa libopencm3/lib/libopencm3_stm32f4.a(usart_common_all.o)
                0x0000000008001508                usart_disable
 .text.usart_send_blocking
                0x0000000008001512       0x16 libopencm3/lib/libopencm3_stm32f4.a(usart_common_all.o)
                0x0000000008001512                usart_send_blocking
 .text.usart_send
                0x0000000008001528        0x8 libopencm3/lib/libopencm3_stm32f4.a(usart_common_f124.o)
                0x0000000008001528                usart_send
 .text.usart_recv
                0x0000000008001530        0x8 libopencm3/lib/libopencm3_stm32f4.a(usart_common_f124.o)
                0x0000000008001530                usart_recv
 .text.usart_wait_send_ready
                0x0000000008001538        0x8 libopencm3/lib/libopencm3_stm32f4.a(usart_common_f124.o)
                0x0000000008001538                usart_wait_send_ready
 .text.flash_set_ws
                0x0000000008001540       0x14 libopencm3/lib/libopencm3_stm32f4.a(flash_common_f234.o)
                0x0000000008001540                flash_set_ws
 .text.flash_unlock
                0x0000000008001554       0x24 libopencm3/lib/libopencm3_stm32f4.a(flash_common_f234.o)
                0x0000000008001554                flash_unlock
 .text.flash_lock
                0x0000000008001578       0x10 libopencm3/lib/libopencm3_stm32f4.a(flash_common_f234.o)
                0x0000000008001578                flash_lock
 .text.flash_wait_for_last_operation
                0x0000000008001588       0x10 libopencm3/lib/libopencm3_stm32f4.a(flash_common_f234.o)
                0x0000000008001588                flash_wait_for_last_operation
 .text.flash_set_program_size
                0x0000000008001598       0x18 libopencm3/lib/libopencm3_stm32f4.a(flash_common_f24.o)
 .text.flash_program_word
                0x00000000080015b0       0x30 libopencm3/lib/libopencm3_stm32f4.a(flash_common_f24.o)
                0x00000000080015b0                flash_program_word
 .text.flash_erase_sector
                0x00000000080015e0       0x50 libopencm3/lib/libopencm3_stm32f4.a(flash_common_f24.o)
                0x00000000080015e0                flash_erase_sector
 .text.rcc_peripheral_enable_clock
                0x0000000008001630        0x8 libopencm3/lib/libopencm3_stm32f4.a(rcc_common_all.o)
                0x0000000008001630                rcc_peripheral_enable_clock
 .text.rcc_peripheral_disable_clock
                0x0000000008001638        0xa libopencm3/lib/libopencm3_stm32f4.a(rcc_common_all.o)
                0x0000000008001638                rcc_peripheral_disable_clock
 *fill*         0x0000000008001642        0x2 
 .text.usbd_init
                0x0000000008001644       0x58 libopencm3/lib/libopencm3_stm32f4.a(usb.o)
                0x0000000008001644                usbd_init
 .text.usbd_poll
                0x000000000800169c        0x8 libopencm3/lib/libopencm3_stm32f4.a(usb.o)
                0x000000000800169c                usbd_poll
 .text.usbd_disconnect
                0x00000000080016a4        0xc libopencm3/lib/libopencm3_stm32f4.a(usb.o)
                0x00000000080016a4                usbd_disconnect
 .text.usbd_ep_setup
                0x00000000080016b0       0x10 libopencm3/lib/libopencm3_stm32f4.a(usb.o)
                0x00000000080016b0                usbd_ep_setup
 .text._usbd_reset
                0x00000000080016c0       0x34 libopencm3/lib/libopencm3_stm32f4.a(usb.o)
                0x00000000080016c0                _usbd_reset
 .text.usbd_ep_write_packet
                0x00000000080016f4       0x10 libopencm3/lib/libopencm3_stm32f4.a(usb.o)
                0x00000000080016f4                usbd_ep_write_packet
 .text.usbd_ep_read_packet
                0x0000000008001704       0x10 libopencm3/lib/libopencm3_stm32f4.a(usb.o)
                0x0000000008001704                usbd_ep_read_packet
 .text.usbd_ep_stall_set
                0x0000000008001714        0x8 libopencm3/lib/libopencm3_stm32f4.a(usb.o)
                0x0000000008001714                usbd_ep_stall_set
 .text.usbd_ep_stall_get
                0x000000000800171c        0x8 libopencm3/lib/libopencm3_stm32f4.a(usb.o)
                0x000000000800171c                usbd_ep_stall_get
 .text.usb_standard_set_configuration
                0x0000000008001724       0x96 libopencm3/lib/libopencm3_stm32f4.a(usb_standard.o)
 .text.usb_standard_get_configuration
                0x00000000080017ba       0x22 libopencm3/lib/libopencm3_stm32f4.a(usb_standard.o)
 .text.usb_standard_get_interface
                0x00000000080017dc       0x38 libopencm3/lib/libopencm3_stm32f4.a(usb_standard.o)
 .text.usb_standard_device_get_status
                0x0000000008001814       0x18 libopencm3/lib/libopencm3_stm32f4.a(usb_standard.o)
 .text.usb_standard_interface_get_status
                0x000000000800182c       0x18 libopencm3/lib/libopencm3_stm32f4.a(usb_standard.o)
 .text.usb_standard_endpoint_get_status
                0x0000000008001844       0x2a libopencm3/lib/libopencm3_stm32f4.a(usb_standard.o)
 .text.usb_standard_endpoint_stall
                0x000000000800186e       0x10 libopencm3/lib/libopencm3_stm32f4.a(usb_standard.o)
 .text.usb_standard_endpoint_unstall
                0x000000000800187e       0x10 libopencm3/lib/libopencm3_stm32f4.a(usb_standard.o)
 .text.usb_standard_set_address
                0x000000000800188e       0x2a libopencm3/lib/libopencm3_stm32f4.a(usb_standard.o)
 .text.usb_standard_set_interface
                0x00000000080018b8       0x50 libopencm3/lib/libopencm3_stm32f4.a(usb_standard.o)
 .text.usb_standard_get_descriptor
                0x0000000008001908      0x25e libopencm3/lib/libopencm3_stm32f4.a(usb_standard.o)
 .text.usbd_register_set_config_callback
                0x0000000008001b66       0x24 libopencm3/lib/libopencm3_stm32f4.a(usb_standard.o)
                0x0000000008001b66                usbd_register_set_config_callback
 *fill*         0x0000000008001b8a        0x2 
 .text._usbd_standard_request_device
                0x0000000008001b8c       0x20 libopencm3/lib/libopencm3_stm32f4.a(usb_standard.o)
                0x0000000008001b8c                _usbd_standard_request_device
 .text._usbd_standard_request_interface
                0x0000000008001bac       0x20 libopencm3/lib/libopencm3_stm32f4.a(usb_standard.o)
                0x0000000008001bac                _usbd_standard_request_interface
 .text._usbd_standard_request_endpoint
                0x0000000008001bcc       0x3c libopencm3/lib/libopencm3_stm32f4.a(usb_standard.o)
                0x0000000008001bcc                _usbd_standard_request_endpoint
 .text._usbd_standard_request
                0x0000000008001c08       0x34 libopencm3/lib/libopencm3_stm32f4.a(usb_standard.o)
                0x0000000008001c08                _usbd_standard_request
 .text.stall_transaction
                0x0000000008001c3c       0x14 libopencm3/lib/libopencm3_stm32f4.a(usb_control.o)
 .text.usb_control_recv_chunk
                0x0000000008001c50       0x3a libopencm3/lib/libopencm3_stm32f4.a(usb_control.o)
 .text.usb_control_send_chunk
                0x0000000008001c8a       0x54 libopencm3/lib/libopencm3_stm32f4.a(usb_control.o)
 .text.usb_control_request_dispatch
                0x0000000008001cde       0x5c libopencm3/lib/libopencm3_stm32f4.a(usb_control.o)
 .text.usb_control_setup_read
                0x0000000008001d3a       0x66 libopencm3/lib/libopencm3_stm32f4.a(usb_control.o)
 .text.usbd_register_control_callback
                0x0000000008001da0       0x26 libopencm3/lib/libopencm3_stm32f4.a(usb_control.o)
                0x0000000008001da0                usbd_register_control_callback
 .text._usbd_control_setup
                0x0000000008001dc6       0x5a libopencm3/lib/libopencm3_stm32f4.a(usb_control.o)
                0x0000000008001dc6                _usbd_control_setup
 .text._usbd_control_out
                0x0000000008001e20       0x86 libopencm3/lib/libopencm3_stm32f4.a(usb_control.o)
                0x0000000008001e20                _usbd_control_out
 .text._usbd_control_in
                0x0000000008001ea6       0x56 libopencm3/lib/libopencm3_stm32f4.a(usb_control.o)
                0x0000000008001ea6                _usbd_control_in
 .text.stm32f107_usbd_init
                0x0000000008001efc       0x9c libopencm3/lib/libopencm3_stm32f4.a(usb_f107.o)
 .text.blocking_handler
                0x0000000008001f98        0x2 libopencm3/lib/libopencm3_stm32f4.a(vector.o)
                0x0000000008001f98                dma2_stream1_isr
                0x0000000008001f98                tim8_brk_tim12_isr
                0x0000000008001f98                dma1_stream7_isr
                0x0000000008001f98                usart3_isr
                0x0000000008001f98                tim7_isr
                0x0000000008001f98                dma2d_isr
                0x0000000008001f98                uart8_isr
                0x0000000008001f98                dma1_stream2_isr
                0x0000000008001f98                otg_hs_isr
                0x0000000008001f98                blocking_handler
                0x0000000008001f98                tim5_isr
                0x0000000008001f98                rtc_wkup_isr
                0x0000000008001f98                spi1_isr
                0x0000000008001f98                i2c3_er_isr
                0x0000000008001f98                exti2_isr
                0x0000000008001f98                spi5_isr
                0x0000000008001f98                usb_fs_wkup_isr
                0x0000000008001f98                tamp_stamp_isr
                0x0000000008001f98                can1_rx1_isr
                0x0000000008001f98                dma2_stream0_isr
                0x0000000008001f98                usart1_isr
                0x0000000008001f98                i2c3_ev_isr
                0x0000000008001f98                usage_fault_handler
                0x0000000008001f98                can2_rx0_isr
                0x0000000008001f98                dma1_stream6_isr
                0x0000000008001f98                can2_rx1_isr
                0x0000000008001f98                can1_sce_isr
                0x0000000008001f98                tim1_cc_isr
                0x0000000008001f98                can1_tx_isr
                0x0000000008001f98                tim1_up_tim10_isr
                0x0000000008001f98                sdio_isr
                0x0000000008001f98                eth_isr
                0x0000000008001f98                spi6_isr
                0x0000000008001f98                dma2_stream5_isr
                0x0000000008001f98                pvd_isr
                0x0000000008001f98                can1_rx0_isr
                0x0000000008001f98                rcc_isr
                0x0000000008001f98                dma2_stream3_isr
                0x0000000008001f98                flash_isr
                0x0000000008001f98                uart4_isr
                0x0000000008001f98                lcd_tft_isr
                0x0000000008001f98                rtc_alarm_isr
                0x0000000008001f98                exti15_10_isr
                0x0000000008001f98                hash_rng_isr
                0x0000000008001f98                tim1_trg_com_tim11_isr
                0x0000000008001f98                hard_fault_handler
                0x0000000008001f98                exti1_isr
                0x0000000008001f98                i2c1_ev_isr
                0x0000000008001f98                usart6_isr
                0x0000000008001f98                spi2_isr
                0x0000000008001f98                cryp_isr
                0x0000000008001f98                nvic_wwdg_isr
                0x0000000008001f98                dma1_stream1_isr
                0x0000000008001f98                dma2_stream4_isr
                0x0000000008001f98                exti3_isr
                0x0000000008001f98                tim3_isr
                0x0000000008001f98                usart2_isr
                0x0000000008001f98                sai1_isr
                0x0000000008001f98                fpu_isr
                0x0000000008001f98                dma1_stream4_isr
                0x0000000008001f98                i2c2_er_isr
                0x0000000008001f98                i2c2_ev_isr
                0x0000000008001f98                uart5_isr
                0x0000000008001f98                dma2_stream6_isr
                0x0000000008001f98                spi4_isr
                0x0000000008001f98                adc_isr
                0x0000000008001f98                dma2_stream7_isr
                0x0000000008001f98                tim8_up_tim13_isr
                0x0000000008001f98                fsmc_isr
                0x0000000008001f98                exti4_isr
                0x0000000008001f98                tim6_dac_isr
                0x0000000008001f98                dma1_stream3_isr
                0x0000000008001f98                tim8_trg_com_tim14_isr
                0x0000000008001f98                mem_manage_handler
                0x0000000008001f98                lcd_tft_err_isr
                0x0000000008001f98                can2_tx_isr
                0x0000000008001f98                exti9_5_isr
                0x0000000008001f98                tim1_brk_tim9_isr
                0x0000000008001f98                uart7_isr
                0x0000000008001f98                can2_sce_isr
                0x0000000008001f98                tim4_isr
                0x0000000008001f98                otg_hs_wkup_isr
                0x0000000008001f98                i2c1_er_isr
                0x0000000008001f98                dma1_stream0_isr
                0x0000000008001f98                tim8_cc_isr
                0x0000000008001f98                dcmi_isr
                0x0000000008001f98                dma2_stream2_isr
                0x0000000008001f98                eth_wkup_isr
                0x0000000008001f98                bus_fault_handler
                0x0000000008001f98                otg_hs_ep1_out_isr
                0x0000000008001f98                spi3_isr
                0x0000000008001f98                dma1_stream5_isr
                0x0000000008001f98                otg_hs_ep1_in_isr
                0x0000000008001f98                tim2_isr
                0x0000000008001f98                exti0_isr
 .text.null_handler
                0x0000000008001f9a        0x2 libopencm3/lib/libopencm3_stm32f4.a(vector.o)
                0x0000000008001f9a                null_handler
                0x0000000008001f9a                sv_call_handler
                0x0000000008001f9a                pend_sv_handler
                0x0000000008001f9a                debug_monitor_handler
                0x0000000008001f9a                nmi_handler
 .text.reset_handler
                0x0000000008001f9c       0x98 libopencm3/lib/libopencm3_stm32f4.a(vector.o)
                0x0000000008001f9c                reset_handler
 .text.systick_set_reload
                0x0000000008002034       0x10 libopencm3/lib/libopencm3_stm32f4.a(systick.o)
                0x0000000008002034                systick_set_reload
 .text.systick_set_clocksource
                0x0000000008002044       0x18 libopencm3/lib/libopencm3_stm32f4.a(systick.o)
                0x0000000008002044                systick_set_clocksource
 .text.systick_interrupt_enable
                0x000000000800205c       0x10 libopencm3/lib/libopencm3_stm32f4.a(systick.o)
                0x000000000800205c                systick_interrupt_enable
 .text.systick_interrupt_disable
                0x000000000800206c       0x10 libopencm3/lib/libopencm3_stm32f4.a(systick.o)
                0x000000000800206c                systick_interrupt_disable
 .text.systick_counter_enable
                0x000000000800207c       0x10 libopencm3/lib/libopencm3_stm32f4.a(systick.o)
                0x000000000800207c                systick_counter_enable
 .text.systick_counter_disable
                0x000000000800208c       0x10 libopencm3/lib/libopencm3_stm32f4.a(systick.o)
                0x000000000800208c                systick_counter_disable
 .text.systick_get_countflag
                0x000000000800209c       0x10 libopencm3/lib/libopencm3_stm32f4.a(systick.o)
                0x000000000800209c                systick_get_countflag
 .text.nvic_enable_irq
                0x00000000080020ac       0x18 libopencm3/lib/libopencm3_stm32f4.a(nvic.o)
                0x00000000080020ac                nvic_enable_irq
 .text.nvic_disable_irq
                0x00000000080020c4       0x18 libopencm3/lib/libopencm3_stm32f4.a(nvic.o)
                0x00000000080020c4                nvic_disable_irq
 .text.pwr_set_vos_scale
                0x00000000080020dc       0x20 libopencm3/lib/libopencm3_stm32f4.a(pwr.o)
                0x00000000080020dc                pwr_set_vos_scale
 .text.stm32fx07_set_address
                0x00000000080020fc       0x18 libopencm3/lib/libopencm3_stm32f4.a(usb_fx07_common.o)
                0x00000000080020fc                stm32fx07_set_address
 .text.stm32fx07_ep_setup
                0x0000000008002114      0x144 libopencm3/lib/libopencm3_stm32f4.a(usb_fx07_common.o)
                0x0000000008002114                stm32fx07_ep_setup
 .text.stm32fx07_endpoints_reset
                0x0000000008002258       0x4c libopencm3/lib/libopencm3_stm32f4.a(usb_fx07_common.o)
                0x0000000008002258                stm32fx07_endpoints_reset
 .text.stm32fx07_ep_stall_set
                0x00000000080022a4       0x4e libopencm3/lib/libopencm3_stm32f4.a(usb_fx07_common.o)
                0x00000000080022a4                stm32fx07_ep_stall_set
 .text.stm32fx07_ep_stall_get
                0x00000000080022f2       0x1e libopencm3/lib/libopencm3_stm32f4.a(usb_fx07_common.o)
                0x00000000080022f2                stm32fx07_ep_stall_get
 .text.stm32fx07_ep_nak_set
                0x0000000008002310       0x2a libopencm3/lib/libopencm3_stm32f4.a(usb_fx07_common.o)
                0x0000000008002310                stm32fx07_ep_nak_set
 .text.stm32fx07_ep_write_packet
                0x000000000800233a       0x52 libopencm3/lib/libopencm3_stm32f4.a(usb_fx07_common.o)
                0x000000000800233a                stm32fx07_ep_write_packet
 .text.stm32fx07_ep_read_packet
                0x000000000800238c       0x84 libopencm3/lib/libopencm3_stm32f4.a(usb_fx07_common.o)
                0x000000000800238c                stm32fx07_ep_read_packet
 .text.stm32fx07_poll
                0x0000000008002410      0x122 libopencm3/lib/libopencm3_stm32f4.a(usb_fx07_common.o)
                0x0000000008002410                stm32fx07_poll
 .text.stm32fx07_disconnect
                0x0000000008002532       0x1c libopencm3/lib/libopencm3_stm32f4.a(usb_fx07_common.o)
                0x0000000008002532                stm32fx07_disconnect
 *fill*         0x000000000800254e        0x2 
 .text          0x0000000008002550      0x134 /usr/lib/gcc/arm-none-eabi/4.9.3/../../../arm-none-eabi/lib/armv7e-m/fpu/libg.a(lib_a-memcpy.o)
                0x0000000008002550                memcpy
 .text.memset   0x0000000008002684       0x9c /usr/lib/gcc/arm-none-eabi/4.9.3/../../../arm-none-eabi/lib/armv7e-m/fpu/libg.a(lib_a-memset.o)
                0x0000000008002684                memset
 .text.strlen   0x0000000008002720       0x5c /usr/lib/gcc/arm-none-eabi/4.9.3/../../../arm-none-eabi/lib/armv7e-m/fpu/libg.a(lib_a-strlen.o)
                0x0000000008002720                strlen
                0x000000000800277c                . = ALIGN (0x4)
 *(.rodata*)
 .rodata        0x000000000800277c       0x20 build/px4fmuv4_bl/bl.o
 .rodata        0x000000000800279c       0xb2 build/px4fmuv4_bl/cdcacm.o
 .rodata.str1.1
                0x000000000800284e       0x1e build/px4fmuv4_bl/cdcacm.o
 .rodata        0x000000000800286c       0xf8 build/px4fmuv4_bl/main_f4.o
                0x0000000008002950                silicon_revs
 .rodata.str1.1
                0x0000000008002964       0x2a build/px4fmuv4_bl/main_f4.o
 *fill*         0x000000000800298e        0x2 
 .rodata.CSWTCH.24
                0x0000000008002990       0x28 libopencm3/lib/libopencm3_stm32f4.a(usb_standard.o)
 .rodata.CSWTCH.26
                0x00000000080029b8       0x30 libopencm3/lib/libopencm3_stm32f4.a(usb_standard.o)
 .rodata.stm32f107_usb_driver
                0x00000000080029e8       0x34 libopencm3/lib/libopencm3_stm32f4.a(usb_f107.o)
                0x00000000080029e8                stm32f107_usb_driver
                0x0000000008002a1c                . = ALIGN (0x4)
                0x0000000008002a1c                _etext = .

.glue_7         0x0000000008002a1c        0x0
 .glue_7        0x0000000008002a1c        0x0 linker stubs

.glue_7t        0x0000000008002a1c        0x0
 .glue_7t       0x0000000008002a1c        0x0 linker stubs

.vfp11_veneer   0x0000000008002a1c        0x0
 .vfp11_veneer  0x0000000008002a1c        0x0 linker stubs

.v4_bx          0x0000000008002a1c        0x0
 .v4_bx         0x0000000008002a1c        0x0 linker stubs

.iplt           0x0000000008002a1c        0x0
 .iplt          0x0000000008002a1c        0x0 build/px4fmuv4_bl/bl.o

.rel.dyn        0x0000000008002a1c        0x0
 .rel.iplt      0x0000000008002a1c        0x0 build/px4fmuv4_bl/bl.o

.preinit_array  0x0000000008002a1c        0x0
                0x0000000008002a1c                . = ALIGN (0x4)
                0x0000000008002a1c                __preinit_array_start = .
 *(.preinit_array)
                0x0000000008002a1c                __preinit_array_end = .

.init_array     0x0000000008002a1c        0x0
                0x0000000008002a1c                . = ALIGN (0x4)
                0x0000000008002a1c                __init_array_start = .
 *(SORT(.init_array.*))
 *(.init_array)
                0x0000000008002a1c                __init_array_end = .

.fini_array     0x0000000008002a1c        0x0
                0x0000000008002a1c                . = ALIGN (0x4)
                0x0000000008002a1c                __fini_array_start = .
 *(.fini_array)
 *(SORT(.fini_array.*))
                0x0000000008002a1c                __fini_array_end = .
                0x0000000020000000                . = ORIGIN (ram)

.data           0x0000000020000000       0x6c load address 0x0000000008002a1c
                0x0000000020000000                _data = .
 *(.data*)
 .data          0x0000000020000000        0xc build/px4fmuv4_bl/cdcacm.o
 .data          0x000000002000000c       0x54 build/px4fmuv4_bl/main_f4.o
                0x000000002000000c                board_info
                0x0000000020000030                mcu_descriptions
 .data.rcc_ahb_frequency
                0x0000000020000060        0x4 libopencm3/lib/libopencm3_stm32f4.a(rcc.o)
                0x0000000020000060                rcc_ahb_frequency
 .data.rcc_apb1_frequency
                0x0000000020000064        0x4 libopencm3/lib/libopencm3_stm32f4.a(rcc.o)
                0x0000000020000064                rcc_apb1_frequency
 .data.rcc_apb2_frequency
                0x0000000020000068        0x4 libopencm3/lib/libopencm3_stm32f4.a(rcc.o)
                0x0000000020000068                rcc_apb2_frequency
                0x000000002000006c                . = ALIGN (0x4)
                0x000000002000006c                _edata = .
                0x0000000008002a1c                _data_loadaddr = LOADADDR (.data)

.igot.plt       0x000000002000006c        0x0 load address 0x0000000008002a88
 .igot.plt      0x000000002000006c        0x0 build/px4fmuv4_bl/bl.o

.bss            0x000000002000006c      0x8ac load address 0x0000000008002a1c
 *(.bss*)
 .bss           0x000000002000006c      0x714 build/px4fmuv4_bl/bl.o
 .bss           0x0000000020000780       0x84 build/px4fmuv4_bl/cdcacm.o
 .bss           0x0000000020000804        0x4 build/px4fmuv4_bl/main_f4.o
                0x0000000020000804                erase_flag
 .bss.usbd_dev  0x0000000020000808       0xfc libopencm3/lib/libopencm3_stm32f4.a(usb_f107.o)
 *(COMMON)
 COMMON         0x0000000020000904       0x10 build/px4fmuv4_bl/bl.o
                0x0000000020000904                timer
 COMMON         0x0000000020000914        0x4 build/px4fmuv4_bl/usart.o
                0x0000000020000914                usart
                0x0000000020000918                . = ALIGN (0x4)
                0x0000000020000918                _ebss = .

/DISCARD/
 *(.eh_frame)
                0x0000000020000918                . = ALIGN (0x4)
                0x0000000020000918                end = .
                0x0000000020020000                PROVIDE (_stack, 0x20020000)
OUTPUT(build/px4fmuv4_bl/px4fmuv4_bl.elf elf32-littlearm)

.debug_info     0x0000000000000000     0xaff9
 .debug_info    0x0000000000000000     0x169d build/px4fmuv4_bl/bl.o
 .debug_info    0x000000000000169d      0xe73 build/px4fmuv4_bl/cdcacm.o
 .debug_info    0x0000000000002510      0x2fd build/px4fmuv4_bl/usart.o
 .debug_info    0x000000000000280d     0x1304 build/px4fmuv4_bl/main_f4.o
 .debug_info    0x0000000000003b11      0x953 libopencm3/lib/libopencm3_stm32f4.a(rcc.o)
 .debug_info    0x0000000000004464      0x22c libopencm3/lib/libopencm3_stm32f4.a(gpio_common_all.o)
 .debug_info    0x0000000000004690      0x1eb libopencm3/lib/libopencm3_stm32f4.a(gpio_common_f0234.o)
 .debug_info    0x000000000000487b      0x4cf libopencm3/lib/libopencm3_stm32f4.a(usart_common_all.o)
 .debug_info    0x0000000000004d4a      0x1bb libopencm3/lib/libopencm3_stm32f4.a(usart_common_f124.o)
 .debug_info    0x0000000000004f05      0x11f libopencm3/lib/libopencm3_stm32f4.a(flash_common_f234.o)
 .debug_info    0x0000000000005024      0x4fc libopencm3/lib/libopencm3_stm32f4.a(flash_common_f24.o)
 .debug_info    0x0000000000005520      0x858 libopencm3/lib/libopencm3_stm32f4.a(rcc_common_all.o)
 .debug_info    0x0000000000005d78      0xda2 libopencm3/lib/libopencm3_stm32f4.a(usb.o)
 .debug_info    0x0000000000006b1a     0x14d3 libopencm3/lib/libopencm3_stm32f4.a(usb_standard.o)
 .debug_info    0x0000000000007fed      0xf1b libopencm3/lib/libopencm3_stm32f4.a(usb_control.o)
 .debug_info    0x0000000000008f08      0x953 libopencm3/lib/libopencm3_stm32f4.a(usb_f107.o)
 .debug_info    0x000000000000985b      0x2af libopencm3/lib/libopencm3_stm32f4.a(vector.o)
 .debug_info    0x0000000000009b0a      0x255 libopencm3/lib/libopencm3_stm32f4.a(systick.o)
 .debug_info    0x0000000000009d5f      0x214 libopencm3/lib/libopencm3_stm32f4.a(nvic.o)
 .debug_info    0x0000000000009f73       0xbe libopencm3/lib/libopencm3_stm32f4.a(pwr.o)
 .debug_info    0x000000000000a031      0xd27 libopencm3/lib/libopencm3_stm32f4.a(usb_fx07_common.o)
 .debug_info    0x000000000000ad58       0xd5 /usr/lib/gcc/arm-none-eabi/4.9.3/../../../arm-none-eabi/lib/armv7e-m/fpu/libg.a(lib_a-memcpy.o)
 .debug_info    0x000000000000ae2d      0x117 /usr/lib/gcc/arm-none-eabi/4.9.3/../../../arm-none-eabi/lib/armv7e-m/fpu/libg.a(lib_a-memset.o)
 .debug_info    0x000000000000af44       0xb5 /usr/lib/gcc/arm-none-eabi/4.9.3/../../../arm-none-eabi/lib/armv7e-m/fpu/libg.a(lib_a-strlen.o)

.debug_abbrev   0x0000000000000000     0x2687
 .debug_abbrev  0x0000000000000000      0x45a build/px4fmuv4_bl/bl.o
 .debug_abbrev  0x000000000000045a      0x2eb build/px4fmuv4_bl/cdcacm.o
 .debug_abbrev  0x0000000000000745      0x145 build/px4fmuv4_bl/usart.o
 .debug_abbrev  0x000000000000088a      0x430 build/px4fmuv4_bl/main_f4.o
 .debug_abbrev  0x0000000000000cba      0x241 libopencm3/lib/libopencm3_stm32f4.a(rcc.o)
 .debug_abbrev  0x0000000000000efb      0x10e libopencm3/lib/libopencm3_stm32f4.a(gpio_common_all.o)
 .debug_abbrev  0x0000000000001009       0xb7 libopencm3/lib/libopencm3_stm32f4.a(gpio_common_f0234.o)
 .debug_abbrev  0x00000000000010c0      0x12b libopencm3/lib/libopencm3_stm32f4.a(usart_common_all.o)
 .debug_abbrev  0x00000000000011eb       0xb7 libopencm3/lib/libopencm3_stm32f4.a(usart_common_f124.o)
 .debug_abbrev  0x00000000000012a2       0x8a libopencm3/lib/libopencm3_stm32f4.a(flash_common_f234.o)
 .debug_abbrev  0x000000000000132c      0x131 libopencm3/lib/libopencm3_stm32f4.a(flash_common_f24.o)
 .debug_abbrev  0x000000000000145d       0xc1 libopencm3/lib/libopencm3_stm32f4.a(rcc_common_all.o)
 .debug_abbrev  0x000000000000151e      0x1ee libopencm3/lib/libopencm3_stm32f4.a(usb.o)
 .debug_abbrev  0x000000000000170c      0x40c libopencm3/lib/libopencm3_stm32f4.a(usb_standard.o)
 .debug_abbrev  0x0000000000001b18      0x33d libopencm3/lib/libopencm3_stm32f4.a(usb_control.o)
 .debug_abbrev  0x0000000000001e55      0x11d libopencm3/lib/libopencm3_stm32f4.a(usb_f107.o)
 .debug_abbrev  0x0000000000001f72      0x147 libopencm3/lib/libopencm3_stm32f4.a(vector.o)
 .debug_abbrev  0x00000000000020b9      0x132 libopencm3/lib/libopencm3_stm32f4.a(systick.o)
 .debug_abbrev  0x00000000000021eb       0xa6 libopencm3/lib/libopencm3_stm32f4.a(nvic.o)
 .debug_abbrev  0x0000000000002291       0x79 libopencm3/lib/libopencm3_stm32f4.a(pwr.o)
 .debug_abbrev  0x000000000000230a      0x25a libopencm3/lib/libopencm3_stm32f4.a(usb_fx07_common.o)
 .debug_abbrev  0x0000000000002564       0x14 /usr/lib/gcc/arm-none-eabi/4.9.3/../../../arm-none-eabi/lib/armv7e-m/fpu/libg.a(lib_a-memcpy.o)
 .debug_abbrev  0x0000000000002578       0x9f /usr/lib/gcc/arm-none-eabi/4.9.3/../../../arm-none-eabi/lib/armv7e-m/fpu/libg.a(lib_a-memset.o)
 .debug_abbrev  0x0000000000002617       0x70 /usr/lib/gcc/arm-none-eabi/4.9.3/../../../arm-none-eabi/lib/armv7e-m/fpu/libg.a(lib_a-strlen.o)

.debug_loc      0x0000000000000000     0x4805
 .debug_loc     0x0000000000000000      0x6ad build/px4fmuv4_bl/bl.o
 .debug_loc     0x00000000000006ad      0x1a6 build/px4fmuv4_bl/cdcacm.o
 .debug_loc     0x0000000000000853       0xb7 build/px4fmuv4_bl/usart.o
 .debug_loc     0x000000000000090a      0x86a build/px4fmuv4_bl/main_f4.o
 .debug_loc     0x0000000000001174      0x5c0 libopencm3/lib/libopencm3_stm32f4.a(rcc.o)
 .debug_loc     0x0000000000001734       0x84 libopencm3/lib/libopencm3_stm32f4.a(gpio_common_all.o)
 .debug_loc     0x00000000000017b8       0xcd libopencm3/lib/libopencm3_stm32f4.a(gpio_common_f0234.o)
 .debug_loc     0x0000000000001885      0x1ca libopencm3/lib/libopencm3_stm32f4.a(usart_common_all.o)
 .debug_loc     0x0000000000001a4f       0xd4 libopencm3/lib/libopencm3_stm32f4.a(usart_common_f124.o)
 .debug_loc     0x0000000000001b23       0x3f libopencm3/lib/libopencm3_stm32f4.a(flash_common_f234.o)
 .debug_loc     0x0000000000001b62      0x2c4 libopencm3/lib/libopencm3_stm32f4.a(flash_common_f24.o)
 .debug_loc     0x0000000000001e26      0x14a libopencm3/lib/libopencm3_stm32f4.a(rcc_common_all.o)
 .debug_loc     0x0000000000001f70      0x4b1 libopencm3/lib/libopencm3_stm32f4.a(usb.o)
 .debug_loc     0x0000000000002421     0x1265 libopencm3/lib/libopencm3_stm32f4.a(usb_standard.o)
 .debug_loc     0x0000000000003686      0x5c7 libopencm3/lib/libopencm3_stm32f4.a(usb_control.o)
 .debug_loc     0x0000000000003c4d       0xac libopencm3/lib/libopencm3_stm32f4.a(vector.o)
 .debug_loc     0x0000000000003cf9      0x192 libopencm3/lib/libopencm3_stm32f4.a(systick.o)
 .debug_loc     0x0000000000003e8b      0x129 libopencm3/lib/libopencm3_stm32f4.a(nvic.o)
 .debug_loc     0x0000000000003fb4      0x682 libopencm3/lib/libopencm3_stm32f4.a(usb_fx07_common.o)
 .debug_loc     0x0000000000004636      0x1ae /usr/lib/gcc/arm-none-eabi/4.9.3/../../../arm-none-eabi/lib/armv7e-m/fpu/libg.a(lib_a-memset.o)
 .debug_loc     0x00000000000047e4       0x21 /usr/lib/gcc/arm-none-eabi/4.9.3/../../../arm-none-eabi/lib/armv7e-m/fpu/libg.a(lib_a-strlen.o)

.debug_aranges  0x0000000000000000      0x988
 .debug_aranges
                0x0000000000000000       0x98 build/px4fmuv4_bl/bl.o
 .debug_aranges
                0x0000000000000098       0x58 build/px4fmuv4_bl/cdcacm.o
 .debug_aranges
                0x00000000000000f0       0x38 build/px4fmuv4_bl/usart.o
 .debug_aranges
                0x0000000000000128       0xd0 build/px4fmuv4_bl/main_f4.o
 .debug_aranges
                0x00000000000001f8       0xf0 libopencm3/lib/libopencm3_stm32f4.a(rcc.o)
 .debug_aranges
                0x00000000000002e8       0x50 libopencm3/lib/libopencm3_stm32f4.a(gpio_common_all.o)
 .debug_aranges
                0x0000000000000338       0x30 libopencm3/lib/libopencm3_stm32f4.a(gpio_common_f0234.o)
 .debug_aranges
                0x0000000000000368       0xb8 libopencm3/lib/libopencm3_stm32f4.a(usart_common_all.o)
 .debug_aranges
                0x0000000000000420       0x48 libopencm3/lib/libopencm3_stm32f4.a(usart_common_f124.o)
 .debug_aranges
                0x0000000000000468       0x50 libopencm3/lib/libopencm3_stm32f4.a(flash_common_f234.o)
 .debug_aranges
                0x00000000000004b8       0xd0 libopencm3/lib/libopencm3_stm32f4.a(flash_common_f24.o)
 .debug_aranges
                0x0000000000000588       0x68 libopencm3/lib/libopencm3_stm32f4.a(rcc_common_all.o)
 .debug_aranges
                0x00000000000005f0       0x88 libopencm3/lib/libopencm3_stm32f4.a(usb.o)
 .debug_aranges
                0x0000000000000678       0xa0 libopencm3/lib/libopencm3_stm32f4.a(usb_standard.o)
 .debug_aranges
                0x0000000000000718       0x60 libopencm3/lib/libopencm3_stm32f4.a(usb_control.o)
 .debug_aranges
                0x0000000000000778       0x20 libopencm3/lib/libopencm3_stm32f4.a(usb_f107.o)
 .debug_aranges
                0x0000000000000798       0x30 libopencm3/lib/libopencm3_stm32f4.a(vector.o)
 .debug_aranges
                0x00000000000007c8       0x78 libopencm3/lib/libopencm3_stm32f4.a(systick.o)
 .debug_aranges
                0x0000000000000840       0x60 libopencm3/lib/libopencm3_stm32f4.a(nvic.o)
 .debug_aranges
                0x00000000000008a0       0x20 libopencm3/lib/libopencm3_stm32f4.a(pwr.o)
 .debug_aranges
                0x00000000000008c0       0x68 libopencm3/lib/libopencm3_stm32f4.a(usb_fx07_common.o)
 .debug_aranges
                0x0000000000000928       0x20 /usr/lib/gcc/arm-none-eabi/4.9.3/../../../arm-none-eabi/lib/armv7e-m/fpu/libg.a(lib_a-memcpy.o)
 .debug_aranges
                0x0000000000000948       0x20 /usr/lib/gcc/arm-none-eabi/4.9.3/../../../arm-none-eabi/lib/armv7e-m/fpu/libg.a(lib_a-memset.o)
 .debug_aranges
                0x0000000000000968       0x20 /usr/lib/gcc/arm-none-eabi/4.9.3/../../../arm-none-eabi/lib/armv7e-m/fpu/libg.a(lib_a-strlen.o)

.debug_ranges   0x0000000000000000      0x978
 .debug_ranges  0x0000000000000000      0x138 build/px4fmuv4_bl/bl.o
 .debug_ranges  0x0000000000000138       0x48 build/px4fmuv4_bl/cdcacm.o
 .debug_ranges  0x0000000000000180       0x28 build/px4fmuv4_bl/usart.o
 .debug_ranges  0x00000000000001a8      0x120 build/px4fmuv4_bl/main_f4.o
 .debug_ranges  0x00000000000002c8       0xe0 libopencm3/lib/libopencm3_stm32f4.a(rcc.o)
 .debug_ranges  0x00000000000003a8       0x40 libopencm3/lib/libopencm3_stm32f4.a(gpio_common_all.o)
 .debug_ranges  0x00000000000003e8       0x20 libopencm3/lib/libopencm3_stm32f4.a(gpio_common_f0234.o)
 .debug_ranges  0x0000000000000408       0xa8 libopencm3/lib/libopencm3_stm32f4.a(usart_common_all.o)
 .debug_ranges  0x00000000000004b0       0x38 libopencm3/lib/libopencm3_stm32f4.a(usart_common_f124.o)
 .debug_ranges  0x00000000000004e8       0x40 libopencm3/lib/libopencm3_stm32f4.a(flash_common_f234.o)
 .debug_ranges  0x0000000000000528       0xc0 libopencm3/lib/libopencm3_stm32f4.a(flash_common_f24.o)
 .debug_ranges  0x00000000000005e8       0x58 libopencm3/lib/libopencm3_stm32f4.a(rcc_common_all.o)
 .debug_ranges  0x0000000000000640       0x78 libopencm3/lib/libopencm3_stm32f4.a(usb.o)
 .debug_ranges  0x00000000000006b8       0xe8 libopencm3/lib/libopencm3_stm32f4.a(usb_standard.o)
 .debug_ranges  0x00000000000007a0       0x68 libopencm3/lib/libopencm3_stm32f4.a(usb_control.o)
 .debug_ranges  0x0000000000000808       0x10 libopencm3/lib/libopencm3_stm32f4.a(usb_f107.o)
 .debug_ranges  0x0000000000000818       0x20 libopencm3/lib/libopencm3_stm32f4.a(vector.o)
 .debug_ranges  0x0000000000000838       0x68 libopencm3/lib/libopencm3_stm32f4.a(systick.o)
 .debug_ranges  0x00000000000008a0       0x50 libopencm3/lib/libopencm3_stm32f4.a(nvic.o)
 .debug_ranges  0x00000000000008f0       0x10 libopencm3/lib/libopencm3_stm32f4.a(pwr.o)
 .debug_ranges  0x0000000000000900       0x58 libopencm3/lib/libopencm3_stm32f4.a(usb_fx07_common.o)
 .debug_ranges  0x0000000000000958       0x10 /usr/lib/gcc/arm-none-eabi/4.9.3/../../../arm-none-eabi/lib/armv7e-m/fpu/libg.a(lib_a-memset.o)
 .debug_ranges  0x0000000000000968       0x10 /usr/lib/gcc/arm-none-eabi/4.9.3/../../../arm-none-eabi/lib/armv7e-m/fpu/libg.a(lib_a-strlen.o)

.debug_line     0x0000000000000000     0x45b5
 .debug_line    0x0000000000000000      0x533 build/px4fmuv4_bl/bl.o
 .debug_line    0x0000000000000533      0x257 build/px4fmuv4_bl/cdcacm.o
 .debug_line    0x000000000000078a      0x148 build/px4fmuv4_bl/usart.o
 .debug_line    0x00000000000008d2      0x4b3 build/px4fmuv4_bl/main_f4.o
 .debug_line    0x0000000000000d85      0x4d1 libopencm3/lib/libopencm3_stm32f4.a(rcc.o)
 .debug_line    0x0000000000001256      0x2ab libopencm3/lib/libopencm3_stm32f4.a(gpio_common_all.o)
 .debug_line    0x0000000000001501      0x28c libopencm3/lib/libopencm3_stm32f4.a(gpio_common_f0234.o)
 .debug_line    0x000000000000178d      0x3c5 libopencm3/lib/libopencm3_stm32f4.a(usart_common_all.o)
 .debug_line    0x0000000000001b52      0x2dc libopencm3/lib/libopencm3_stm32f4.a(usart_common_f124.o)
 .debug_line    0x0000000000001e2e      0x29b libopencm3/lib/libopencm3_stm32f4.a(flash_common_f234.o)
 .debug_line    0x00000000000020c9      0x3f1 libopencm3/lib/libopencm3_stm32f4.a(flash_common_f24.o)
 .debug_line    0x00000000000024ba      0x2a5 libopencm3/lib/libopencm3_stm32f4.a(rcc_common_all.o)
 .debug_line    0x000000000000275f      0x312 libopencm3/lib/libopencm3_stm32f4.a(usb.o)
 .debug_line    0x0000000000002a71      0x4a5 libopencm3/lib/libopencm3_stm32f4.a(usb_standard.o)
 .debug_line    0x0000000000002f16      0x356 libopencm3/lib/libopencm3_stm32f4.a(usb_control.o)
 .debug_line    0x000000000000326c      0x2e2 libopencm3/lib/libopencm3_stm32f4.a(usb_f107.o)
 .debug_line    0x000000000000354e      0x2ae libopencm3/lib/libopencm3_stm32f4.a(vector.o)
 .debug_line    0x00000000000037fc      0x233 libopencm3/lib/libopencm3_stm32f4.a(systick.o)
 .debug_line    0x0000000000003a2f      0x250 libopencm3/lib/libopencm3_stm32f4.a(nvic.o)
 .debug_line    0x0000000000003c7f      0x1fa libopencm3/lib/libopencm3_stm32f4.a(pwr.o)
 .debug_line    0x0000000000003e79      0x470 libopencm3/lib/libopencm3_stm32f4.a(usb_fx07_common.o)
 .debug_line    0x00000000000042e9       0xbb /usr/lib/gcc/arm-none-eabi/4.9.3/../../../arm-none-eabi/lib/armv7e-m/fpu/libg.a(lib_a-memcpy.o)
 .debug_line    0x00000000000043a4      0x11c /usr/lib/gcc/arm-none-eabi/4.9.3/../../../arm-none-eabi/lib/armv7e-m/fpu/libg.a(lib_a-memset.o)
 .debug_line    0x00000000000044c0       0xf5 /usr/lib/gcc/arm-none-eabi/4.9.3/../../../arm-none-eabi/lib/armv7e-m/fpu/libg.a(lib_a-strlen.o)

.debug_str      0x0000000000000000    0x17946
 .debug_str     0x0000000000000000      0x572 build/px4fmuv4_bl/bl.o
                                        0x67c (size before relaxing)
 .debug_str     0x0000000000000572      0x763 build/px4fmuv4_bl/cdcacm.o
                                        0xa04 (size before relaxing)
 .debug_str     0x0000000000000cd5       0xb8 build/px4fmuv4_bl/usart.o
                                        0x2ce (size before relaxing)
 .debug_str     0x0000000000000d8d      0x378 build/px4fmuv4_bl/main_f4.o
                                        0x870 (size before relaxing)
 .debug_str     0x0000000000001105     0x81dc libopencm3/lib/libopencm3_stm32f4.a(rcc.o)
                                       0x854d (size before relaxing)
 .debug_str     0x00000000000092e1     0x13f6 libopencm3/lib/libopencm3_stm32f4.a(gpio_common_all.o)
                                       0x5a06 (size before relaxing)
 .debug_str     0x000000000000a6d7       0x61 libopencm3/lib/libopencm3_stm32f4.a(gpio_common_f0234.o)
                                       0x5a28 (size before relaxing)
 .debug_str     0x000000000000a738     0x12e2 libopencm3/lib/libopencm3_stm32f4.a(usart_common_all.o)
                                       0x8a04 (size before relaxing)
 .debug_str     0x000000000000ba1a       0x51 libopencm3/lib/libopencm3_stm32f4.a(usart_common_f124.o)
                                       0x883c (size before relaxing)
 .debug_str     0x000000000000ba6b       0x7e libopencm3/lib/libopencm3_stm32f4.a(flash_common_f234.o)
                                       0x4d43 (size before relaxing)
 .debug_str     0x000000000000bae9      0x203 libopencm3/lib/libopencm3_stm32f4.a(flash_common_f24.o)
                                       0x4f73 (size before relaxing)
 .debug_str     0x000000000000bcec      0x9a8 libopencm3/lib/libopencm3_stm32f4.a(rcc_common_all.o)
                                       0x8006 (size before relaxing)
 .debug_str     0x000000000000c694     0x2f1e libopencm3/lib/libopencm3_stm32f4.a(usb.o)
                                       0x6942 (size before relaxing)
 .debug_str     0x000000000000f5b2      0x315 libopencm3/lib/libopencm3_stm32f4.a(usb_standard.o)
                                       0x6aff (size before relaxing)
 .debug_str     0x000000000000f8c7      0x1d0 libopencm3/lib/libopencm3_stm32f4.a(usb_control.o)
                                       0x6a12 (size before relaxing)
 .debug_str     0x000000000000fa97     0x334a libopencm3/lib/libopencm3_stm32f4.a(usb_f107.o)
                                       0xac21 (size before relaxing)
 .debug_str     0x0000000000012de1     0x2a45 libopencm3/lib/libopencm3_stm32f4.a(vector.o)
                                       0x6072 (size before relaxing)
 .debug_str     0x0000000000015826      0x2a8 libopencm3/lib/libopencm3_stm32f4.a(systick.o)
                                       0x3988 (size before relaxing)
 .debug_str     0x0000000000015ace      0x9cf libopencm3/lib/libopencm3_stm32f4.a(nvic.o)
                                       0x4a1b (size before relaxing)
 .debug_str     0x000000000001649d        0x6 libopencm3/lib/libopencm3_stm32f4.a(pwr.o)
                                       0x4938 (size before relaxing)
 .debug_str     0x00000000000164a3     0x1283 libopencm3/lib/libopencm3_stm32f4.a(usb_fx07_common.o)
                                       0xbee1 (size before relaxing)
 .debug_str     0x0000000000017726      0x178 /usr/lib/gcc/arm-none-eabi/4.9.3/../../../arm-none-eabi/lib/armv7e-m/fpu/libg.a(lib_a-memset.o)
                                        0x21f (size before relaxing)
 .debug_str     0x000000000001789e       0xa8 /usr/lib/gcc/arm-none-eabi/4.9.3/../../../arm-none-eabi/lib/armv7e-m/fpu/libg.a(lib_a-strlen.o)
                                        0x218 (size before relaxing)

.comment        0x0000000000000000       0x70
 .comment       0x0000000000000000       0x38 build/px4fmuv4_bl/bl.o
                                         0x39 (size before relaxing)
 .comment       0x0000000000000038       0x39 build/px4fmuv4_bl/cdcacm.o
 .comment       0x0000000000000038       0x39 build/px4fmuv4_bl/usart.o
 .comment       0x0000000000000038       0x39 build/px4fmuv4_bl/main_f4.o
 .comment       0x0000000000000038       0x39 libopencm3/lib/libopencm3_stm32f4.a(rcc.o)
 .comment       0x0000000000000038       0x39 libopencm3/lib/libopencm3_stm32f4.a(gpio_common_all.o)
 .comment       0x0000000000000038       0x39 libopencm3/lib/libopencm3_stm32f4.a(gpio_common_f0234.o)
 .comment       0x0000000000000038       0x39 libopencm3/lib/libopencm3_stm32f4.a(usart_common_all.o)
 .comment       0x0000000000000038       0x39 libopencm3/lib/libopencm3_stm32f4.a(usart_common_f124.o)
 .comment       0x0000000000000038       0x39 libopencm3/lib/libopencm3_stm32f4.a(flash_common_f234.o)
 .comment       0x0000000000000038       0x39 libopencm3/lib/libopencm3_stm32f4.a(flash_common_f24.o)
 .comment       0x0000000000000038       0x39 libopencm3/lib/libopencm3_stm32f4.a(rcc_common_all.o)
 .comment       0x0000000000000038       0x39 libopencm3/lib/libopencm3_stm32f4.a(usb.o)
 .comment       0x0000000000000038       0x39 libopencm3/lib/libopencm3_stm32f4.a(usb_standard.o)
 .comment       0x0000000000000038       0x39 libopencm3/lib/libopencm3_stm32f4.a(usb_control.o)
 .comment       0x0000000000000038       0x39 libopencm3/lib/libopencm3_stm32f4.a(usb_f107.o)
 .comment       0x0000000000000038       0x39 libopencm3/lib/libopencm3_stm32f4.a(vector.o)
 .comment       0x0000000000000038       0x39 libopencm3/lib/libopencm3_stm32f4.a(systick.o)
 .comment       0x0000000000000038       0x39 libopencm3/lib/libopencm3_stm32f4.a(nvic.o)
 .comment       0x0000000000000038       0x39 libopencm3/lib/libopencm3_stm32f4.a(pwr.o)
 .comment       0x0000000000000038       0x39 libopencm3/lib/libopencm3_stm32f4.a(usb_fx07_common.o)
 .comment       0x0000000000000038       0x38 /usr/lib/gcc/arm-none-eabi/4.9.3/../../../arm-none-eabi/lib/armv7e-m/fpu/libg.a(lib_a-memset.o)
                                         0x39 (size before relaxing)
 .comment       0x0000000000000070       0x39 /usr/lib/gcc/arm-none-eabi/4.9.3/../../../arm-none-eabi/lib/armv7e-m/fpu/libg.a(lib_a-strlen.o)

.ARM.attributes
                0x0000000000000000       0x37
 .ARM.attributes
                0x0000000000000000       0x39 build/px4fmuv4_bl/bl.o
 .ARM.attributes
                0x0000000000000039       0x39 build/px4fmuv4_bl/cdcacm.o
 .ARM.attributes
                0x0000000000000072       0x39 build/px4fmuv4_bl/usart.o
 .ARM.attributes
                0x00000000000000ab       0x39 build/px4fmuv4_bl/main_f4.o
 .ARM.attributes
                0x00000000000000e4       0x39 libopencm3/lib/libopencm3_stm32f4.a(rcc.o)
 .ARM.attributes
                0x000000000000011d       0x39 libopencm3/lib/libopencm3_stm32f4.a(gpio_common_all.o)
 .ARM.attributes
                0x0000000000000156       0x39 libopencm3/lib/libopencm3_stm32f4.a(gpio_common_f0234.o)
 .ARM.attributes
                0x000000000000018f       0x39 libopencm3/lib/libopencm3_stm32f4.a(usart_common_all.o)
 .ARM.attributes
                0x00000000000001c8       0x39 libopencm3/lib/libopencm3_stm32f4.a(usart_common_f124.o)
 .ARM.attributes
                0x0000000000000201       0x39 libopencm3/lib/libopencm3_stm32f4.a(flash_common_f234.o)
 .ARM.attributes
                0x000000000000023a       0x39 libopencm3/lib/libopencm3_stm32f4.a(flash_common_f24.o)
 .ARM.attributes
                0x0000000000000273       0x39 libopencm3/lib/libopencm3_stm32f4.a(rcc_common_all.o)
 .ARM.attributes
                0x00000000000002ac       0x39 libopencm3/lib/libopencm3_stm32f4.a(usb.o)
 .ARM.attributes
                0x00000000000002e5       0x39 libopencm3/lib/libopencm3_stm32f4.a(usb_standard.o)
 .ARM.attributes
                0x000000000000031e       0x39 libopencm3/lib/libopencm3_stm32f4.a(usb_control.o)
 .ARM.attributes
                0x0000000000000357       0x39 libopencm3/lib/libopencm3_stm32f4.a(usb_f107.o)
 .ARM.attributes
                0x0000000000000390       0x39 libopencm3/lib/libopencm3_stm32f4.a(vector.o)
 .ARM.attributes
                0x00000000000003c9       0x39 libopencm3/lib/libopencm3_stm32f4.a(systick.o)
 .ARM.attributes
                0x0000000000000402       0x39 libopencm3/lib/libopencm3_stm32f4.a(nvic.o)
 .ARM.attributes
                0x000000000000043b       0x39 libopencm3/lib/libopencm3_stm32f4.a(pwr.o)
 .ARM.attributes
                0x0000000000000474       0x39 libopencm3/lib/libopencm3_stm32f4.a(usb_fx07_common.o)
 .ARM.attributes
                0x00000000000004ad       0x20 /usr/lib/gcc/arm-none-eabi/4.9.3/../../../arm-none-eabi/lib/armv7e-m/fpu/libg.a(lib_a-memcpy.o)
 .ARM.attributes
                0x00000000000004cd       0x34 /usr/lib/gcc/arm-none-eabi/4.9.3/../../../arm-none-eabi/lib/armv7e-m/fpu/libg.a(lib_a-memset.o)
 .ARM.attributes
                0x0000000000000501       0x34 /usr/lib/gcc/arm-none-eabi/4.9.3/../../../arm-none-eabi/lib/armv7e-m/fpu/libg.a(lib_a-strlen.o)

.debug_frame    0x0000000000000000     0x14e0
 .debug_frame   0x0000000000000000      0x1b4 build/px4fmuv4_bl/bl.o
 .debug_frame   0x00000000000001b4       0xdc build/px4fmuv4_bl/cdcacm.o
 .debug_frame   0x0000000000000290       0x70 build/px4fmuv4_bl/usart.o
 .debug_frame   0x0000000000000300      0x224 build/px4fmuv4_bl/main_f4.o
 .debug_frame   0x0000000000000524      0x1ec libopencm3/lib/libopencm3_stm32f4.a(rcc.o)
 .debug_frame   0x0000000000000710       0x80 libopencm3/lib/libopencm3_stm32f4.a(gpio_common_all.o)
 .debug_frame   0x0000000000000790       0x6c libopencm3/lib/libopencm3_stm32f4.a(gpio_common_f0234.o)
 .debug_frame   0x00000000000007fc      0x178 libopencm3/lib/libopencm3_stm32f4.a(usart_common_all.o)
 .debug_frame   0x0000000000000974       0x70 libopencm3/lib/libopencm3_stm32f4.a(usart_common_f124.o)
 .debug_frame   0x00000000000009e4       0x80 libopencm3/lib/libopencm3_stm32f4.a(flash_common_f234.o)
 .debug_frame   0x0000000000000a64      0x1f8 libopencm3/lib/libopencm3_stm32f4.a(flash_common_f24.o)
 .debug_frame   0x0000000000000c5c       0xb0 libopencm3/lib/libopencm3_stm32f4.a(rcc_common_all.o)
 .debug_frame   0x0000000000000d0c      0x13c libopencm3/lib/libopencm3_stm32f4.a(usb.o)
 .debug_frame   0x0000000000000e48      0x1ec libopencm3/lib/libopencm3_stm32f4.a(usb_standard.o)
 .debug_frame   0x0000000000001034      0x150 libopencm3/lib/libopencm3_stm32f4.a(usb_control.o)
 .debug_frame   0x0000000000001184       0x20 libopencm3/lib/libopencm3_stm32f4.a(usb_f107.o)
 .debug_frame   0x00000000000011a4       0x40 libopencm3/lib/libopencm3_stm32f4.a(vector.o)
 .debug_frame   0x00000000000011e4       0xd8 libopencm3/lib/libopencm3_stm32f4.a(systick.o)
 .debug_frame   0x00000000000012bc       0xa0 libopencm3/lib/libopencm3_stm32f4.a(nvic.o)
 .debug_frame   0x000000000000135c       0x20 libopencm3/lib/libopencm3_stm32f4.a(pwr.o)
 .debug_frame   0x000000000000137c      0x110 libopencm3/lib/libopencm3_stm32f4.a(usb_fx07_common.o)
 .debug_frame   0x000000000000148c       0x34 /usr/lib/gcc/arm-none-eabi/4.9.3/../../../arm-none-eabi/lib/armv7e-m/fpu/libg.a(lib_a-memset.o)
 .debug_frame   0x00000000000014c0       0x20 /usr/lib/gcc/arm-none-eabi/4.9.3/../../../arm-none-eabi/lib/armv7e-m/fpu/libg.a(lib_a-strlen.o)

.debug_macro    0x0000000000000000     0x5759
 .debug_macro   0x0000000000000000       0xf7 libopencm3/lib/libopencm3_stm32f4.a(rcc.o)
 .debug_macro   0x00000000000000f7      0x874 libopencm3/lib/libopencm3_stm32f4.a(rcc.o)
 .debug_macro   0x000000000000096b       0x22 libopencm3/lib/libopencm3_stm32f4.a(rcc.o)
 .debug_macro   0x000000000000098d       0x44 libopencm3/lib/libopencm3_stm32f4.a(rcc.o)
 .debug_macro   0x00000000000009d1       0xe3 libopencm3/lib/libopencm3_stm32f4.a(rcc.o)
 .debug_macro   0x0000000000000ab4       0x22 libopencm3/lib/libopencm3_stm32f4.a(rcc.o)
 .debug_macro   0x0000000000000ad6      0x1df libopencm3/lib/libopencm3_stm32f4.a(rcc.o)
 .debug_macro   0x0000000000000cb5       0x22 libopencm3/lib/libopencm3_stm32f4.a(rcc.o)
 .debug_macro   0x0000000000000cd7       0xfa libopencm3/lib/libopencm3_stm32f4.a(rcc.o)
 .debug_macro   0x0000000000000dd1       0x16 libopencm3/lib/libopencm3_stm32f4.a(rcc.o)
 .debug_macro   0x0000000000000de7       0x58 libopencm3/lib/libopencm3_stm32f4.a(rcc.o)
 .debug_macro   0x0000000000000e3f      0x26d libopencm3/lib/libopencm3_stm32f4.a(rcc.o)
 .debug_macro   0x00000000000010ac      0xb38 libopencm3/lib/libopencm3_stm32f4.a(rcc.o)
 .debug_macro   0x0000000000001be4       0x8e libopencm3/lib/libopencm3_stm32f4.a(rcc.o)
 .debug_macro   0x0000000000001c72       0x22 libopencm3/lib/libopencm3_stm32f4.a(rcc.o)
 .debug_macro   0x0000000000001c94       0x64 libopencm3/lib/libopencm3_stm32f4.a(rcc.o)
 .debug_macro   0x0000000000001cf8       0xf4 libopencm3/lib/libopencm3_stm32f4.a(rcc.o)
 .debug_macro   0x0000000000001dec       0xc3 libopencm3/lib/libopencm3_stm32f4.a(gpio_common_all.o)
 .debug_macro   0x0000000000001eaf       0x76 libopencm3/lib/libopencm3_stm32f4.a(gpio_common_all.o)
 .debug_macro   0x0000000000001f25      0x2e6 libopencm3/lib/libopencm3_stm32f4.a(gpio_common_all.o)
 .debug_macro   0x000000000000220b      0x14e libopencm3/lib/libopencm3_stm32f4.a(gpio_common_all.o)
 .debug_macro   0x0000000000002359       0xc3 libopencm3/lib/libopencm3_stm32f4.a(gpio_common_f0234.o)
 .debug_macro   0x000000000000241c       0xdb libopencm3/lib/libopencm3_stm32f4.a(usart_common_all.o)
 .debug_macro   0x00000000000024f7       0x8e libopencm3/lib/libopencm3_stm32f4.a(usart_common_all.o)
 .debug_macro   0x0000000000002585      0x273 libopencm3/lib/libopencm3_stm32f4.a(usart_common_all.o)
 .debug_macro   0x00000000000027f8       0xa0 libopencm3/lib/libopencm3_stm32f4.a(usart_common_all.o)
 .debug_macro   0x0000000000002898       0xdb libopencm3/lib/libopencm3_stm32f4.a(usart_common_f124.o)
 .debug_macro   0x0000000000002973       0xb4 libopencm3/lib/libopencm3_stm32f4.a(flash_common_f234.o)
 .debug_macro   0x0000000000002a27       0xb4 libopencm3/lib/libopencm3_stm32f4.a(flash_common_f24.o)
 .debug_macro   0x0000000000002adb       0xc0 libopencm3/lib/libopencm3_stm32f4.a(rcc_common_all.o)
 .debug_macro   0x0000000000002b9b      0x135 libopencm3/lib/libopencm3_stm32f4.a(usb.o)
 .debug_macro   0x0000000000002cd0       0x58 libopencm3/lib/libopencm3_stm32f4.a(usb.o)
 .debug_macro   0x0000000000002d28       0x35 libopencm3/lib/libopencm3_stm32f4.a(usb.o)
 .debug_macro   0x0000000000002d5d       0x9c libopencm3/lib/libopencm3_stm32f4.a(usb.o)
 .debug_macro   0x0000000000002df9      0x166 libopencm3/lib/libopencm3_stm32f4.a(usb.o)
 .debug_macro   0x0000000000002f5f       0x4a libopencm3/lib/libopencm3_stm32f4.a(usb.o)
 .debug_macro   0x0000000000002fa9       0x52 libopencm3/lib/libopencm3_stm32f4.a(usb.o)
 .debug_macro   0x0000000000002ffb       0x16 libopencm3/lib/libopencm3_stm32f4.a(usb.o)
 .debug_macro   0x0000000000003011       0x43 libopencm3/lib/libopencm3_stm32f4.a(usb.o)
 .debug_macro   0x0000000000003054      0x180 libopencm3/lib/libopencm3_stm32f4.a(usb.o)
 .debug_macro   0x00000000000031d4      0x29d libopencm3/lib/libopencm3_stm32f4.a(usb.o)
 .debug_macro   0x0000000000003471       0x10 libopencm3/lib/libopencm3_stm32f4.a(usb.o)
 .debug_macro   0x0000000000003481       0x35 libopencm3/lib/libopencm3_stm32f4.a(usb.o)
 .debug_macro   0x00000000000034b6      0x196 libopencm3/lib/libopencm3_stm32f4.a(usb.o)
 .debug_macro   0x000000000000364c       0x10 libopencm3/lib/libopencm3_stm32f4.a(usb.o)
 .debug_macro   0x000000000000365c       0x1c libopencm3/lib/libopencm3_stm32f4.a(usb.o)
 .debug_macro   0x0000000000003678      0x135 libopencm3/lib/libopencm3_stm32f4.a(usb_standard.o)
 .debug_macro   0x00000000000037ad      0x14c libopencm3/lib/libopencm3_stm32f4.a(usb_control.o)
 .debug_macro   0x00000000000038f9       0x16 libopencm3/lib/libopencm3_stm32f4.a(usb_control.o)
 .debug_macro   0x000000000000390f      0x10e libopencm3/lib/libopencm3_stm32f4.a(usb_control.o)
 .debug_macro   0x0000000000003a1d       0x7f libopencm3/lib/libopencm3_stm32f4.a(usb_control.o)
 .debug_macro   0x0000000000003a9c       0x16 libopencm3/lib/libopencm3_stm32f4.a(usb_control.o)
 .debug_macro   0x0000000000003ab2       0x29 libopencm3/lib/libopencm3_stm32f4.a(usb_control.o)
 .debug_macro   0x0000000000003adb      0x182 libopencm3/lib/libopencm3_stm32f4.a(usb_f107.o)
 .debug_macro   0x0000000000003c5d       0x3a libopencm3/lib/libopencm3_stm32f4.a(usb_f107.o)
 .debug_macro   0x0000000000003c97      0x8c9 libopencm3/lib/libopencm3_stm32f4.a(usb_f107.o)
 .debug_macro   0x0000000000004560      0x130 libopencm3/lib/libopencm3_stm32f4.a(usb_f107.o)
 .debug_macro   0x0000000000004690      0x19c libopencm3/lib/libopencm3_stm32f4.a(usb_f107.o)
 .debug_macro   0x000000000000482c       0xc5 libopencm3/lib/libopencm3_stm32f4.a(vector.o)
 .debug_macro   0x00000000000048f1      0x3a1 libopencm3/lib/libopencm3_stm32f4.a(vector.o)
 .debug_macro   0x0000000000004c92       0x6a libopencm3/lib/libopencm3_stm32f4.a(vector.o)
 .debug_macro   0x0000000000004cfc      0x22c libopencm3/lib/libopencm3_stm32f4.a(vector.o)
 .debug_macro   0x0000000000004f28       0x84 libopencm3/lib/libopencm3_stm32f4.a(systick.o)
 .debug_macro   0x0000000000004fac       0x64 libopencm3/lib/libopencm3_stm32f4.a(systick.o)
 .debug_macro   0x0000000000005010       0xa5 libopencm3/lib/libopencm3_stm32f4.a(nvic.o)
 .debug_macro   0x00000000000050b5       0x64 libopencm3/lib/libopencm3_stm32f4.a(nvic.o)
 .debug_macro   0x0000000000005119      0x1b0 libopencm3/lib/libopencm3_stm32f4.a(nvic.o)
 .debug_macro   0x00000000000052c9       0xaa libopencm3/lib/libopencm3_stm32f4.a(pwr.o)
 .debug_macro   0x0000000000005373      0x197 libopencm3/lib/libopencm3_stm32f4.a(usb_fx07_common.o)
 .debug_macro   0x000000000000550a      0x24f libopencm3/lib/libopencm3_stm32f4.a(usb_fx07_common.o)
