Archive member included to satisfy reference by file (symbol)

libopencm3/lib/libopencm3_stm32f4.a(rcc.o)
                              build/usbs_px4fmuv4_bl_update/usbs_src/bl_update_main_f4.o (rcc_wait_for_osc_ready)
libopencm3/lib/libopencm3_stm32f4.a(gpio_common_all.o)
                              build/usbs_px4fmuv4_bl_update/usbs_src/bl_update_main_f4.o (gpio_set)
libopencm3/lib/libopencm3_stm32f4.a(gpio_common_f0234.o)
                              build/usbs_px4fmuv4_bl_update/usbs_src/bl_update_main_f4.o (gpio_mode_setup)
libopencm3/lib/libopencm3_stm32f4.a(flash_common_f234.o)
                              libopencm3/lib/libopencm3_stm32f4.a(rcc.o) (flash_set_ws)
libopencm3/lib/libopencm3_stm32f4.a(flash_common_f24.o)
                              build/usbs_px4fmuv4_bl_update/usbs_src/bl_update_main_f4.o (flash_program_word)
libopencm3/lib/libopencm3_stm32f4.a(rcc_common_all.o)
                              build/usbs_px4fmuv4_bl_update/usbs_src/bl_update_main_f4.o (rcc_peripheral_enable_clock)
libopencm3/lib/libopencm3_stm32f4.a(scb.o)
                              build/usbs_px4fmuv4_bl_update/usbs_src/bl_update_main_f4.o (scb_reset_system)
libopencm3/lib/libopencm3_stm32f4.a(pwr.o)
                              libopencm3/lib/libopencm3_stm32f4.a(rcc.o) (pwr_set_vos_scale)

Allocating common symbols
Common symbol       size              file

code                0x4000            build/usbs_px4fmuv4_bl_update/usbs_src/bl_update_main_f4.o

Discarded input sections

 .text          0x0000000000000000        0x0 build/usbs_px4fmuv4_bl_update/usbs_src/bl_update_main_f4.o
 .bss           0x0000000000000000        0x0 build/usbs_px4fmuv4_bl_update/usbs_src/bl_update_main_f4.o
 .text.board_deinit
                0x0000000000000000       0x54 build/usbs_px4fmuv4_bl_update/usbs_src/bl_update_main_f4.o
 .text.clock_deinit
                0x0000000000000000       0x48 build/usbs_px4fmuv4_bl_update/usbs_src/bl_update_main_f4.o
 .text.flash_func_read_otp
                0x0000000000000000       0x1e build/usbs_px4fmuv4_bl_update/usbs_src/bl_update_main_f4.o
 .text.get_mcu_id
                0x0000000000000000        0xc build/usbs_px4fmuv4_bl_update/usbs_src/bl_update_main_f4.o
 .text.get_mcu_desc
                0x0000000000000000       0xa4 build/usbs_px4fmuv4_bl_update/usbs_src/bl_update_main_f4.o
 .text.check_silicon
                0x0000000000000000        0x4 build/usbs_px4fmuv4_bl_update/usbs_src/bl_update_main_f4.o
 .text.flash_func_read_sn
                0x0000000000000000        0xc build/usbs_px4fmuv4_bl_update/usbs_src/bl_update_main_f4.o
 .text.led_on   0x0000000000000000       0x18 build/usbs_px4fmuv4_bl_update/usbs_src/bl_update_main_f4.o
 .text.led_off  0x0000000000000000       0x18 build/usbs_px4fmuv4_bl_update/usbs_src/bl_update_main_f4.o
 .text.led_toggle
                0x0000000000000000       0x18 build/usbs_px4fmuv4_bl_update/usbs_src/bl_update_main_f4.o
 .text          0x0000000000000000        0x0 build/usbs_px4fmuv4_bl_update/usbs_src/bl_update_vectors.o
 .data          0x0000000000000000        0x0 build/usbs_px4fmuv4_bl_update/usbs_src/bl_update_vectors.o
 .bss           0x0000000000000000        0x0 build/usbs_px4fmuv4_bl_update/usbs_src/bl_update_vectors.o
 .text          0x0000000000000000        0x0 build/usbs_px4fmuv4_bl_update/usbs_src/bl_update_frame.o
 .bss           0x0000000000000000        0x0 build/usbs_px4fmuv4_bl_update/usbs_src/bl_update_frame.o
 .group         0x0000000000000000        0x8 libopencm3/lib/libopencm3_stm32f4.a(rcc.o)
 .group         0x0000000000000000        0x8 libopencm3/lib/libopencm3_stm32f4.a(rcc.o)
 .group         0x0000000000000000        0x8 libopencm3/lib/libopencm3_stm32f4.a(rcc.o)
 .group         0x0000000000000000        0x8 libopencm3/lib/libopencm3_stm32f4.a(rcc.o)
 .group         0x0000000000000000        0x8 libopencm3/lib/libopencm3_stm32f4.a(rcc.o)
 .group         0x0000000000000000        0x8 libopencm3/lib/libopencm3_stm32f4.a(rcc.o)
 .group         0x0000000000000000        0x8 libopencm3/lib/libopencm3_stm32f4.a(rcc.o)
 .group         0x0000000000000000        0x8 libopencm3/lib/libopencm3_stm32f4.a(rcc.o)
 .group         0x0000000000000000        0x8 libopencm3/lib/libopencm3_stm32f4.a(rcc.o)
 .group         0x0000000000000000        0x8 libopencm3/lib/libopencm3_stm32f4.a(rcc.o)
 .group         0x0000000000000000        0x8 libopencm3/lib/libopencm3_stm32f4.a(rcc.o)
 .group         0x0000000000000000        0x8 libopencm3/lib/libopencm3_stm32f4.a(rcc.o)
 .group         0x0000000000000000        0x8 libopencm3/lib/libopencm3_stm32f4.a(rcc.o)
 .group         0x0000000000000000        0x8 libopencm3/lib/libopencm3_stm32f4.a(rcc.o)
 .group         0x0000000000000000        0x8 libopencm3/lib/libopencm3_stm32f4.a(rcc.o)
 .group         0x0000000000000000        0x8 libopencm3/lib/libopencm3_stm32f4.a(rcc.o)
 .text          0x0000000000000000        0x0 libopencm3/lib/libopencm3_stm32f4.a(rcc.o)
 .data          0x0000000000000000        0x0 libopencm3/lib/libopencm3_stm32f4.a(rcc.o)
 .bss           0x0000000000000000        0x0 libopencm3/lib/libopencm3_stm32f4.a(rcc.o)
 .text.rcc_osc_ready_int_clear
                0x0000000000000000       0x5c libopencm3/lib/libopencm3_stm32f4.a(rcc.o)
 .text.rcc_osc_ready_int_enable
                0x0000000000000000       0x5c libopencm3/lib/libopencm3_stm32f4.a(rcc.o)
 .text.rcc_osc_ready_int_disable
                0x0000000000000000       0x5c libopencm3/lib/libopencm3_stm32f4.a(rcc.o)
 .text.rcc_osc_ready_int_flag
                0x0000000000000000       0x60 libopencm3/lib/libopencm3_stm32f4.a(rcc.o)
 .text.rcc_css_int_clear
                0x0000000000000000       0x10 libopencm3/lib/libopencm3_stm32f4.a(rcc.o)
 .text.rcc_css_int_flag
                0x0000000000000000       0x10 libopencm3/lib/libopencm3_stm32f4.a(rcc.o)
 .text.rcc_wait_for_sysclk_status
                0x0000000000000000       0x38 libopencm3/lib/libopencm3_stm32f4.a(rcc.o)
 .text.rcc_css_enable
                0x0000000000000000       0x10 libopencm3/lib/libopencm3_stm32f4.a(rcc.o)
 .text.rcc_css_disable
                0x0000000000000000       0x10 libopencm3/lib/libopencm3_stm32f4.a(rcc.o)
 .text.rcc_osc_bypass_enable
                0x0000000000000000       0x28 libopencm3/lib/libopencm3_stm32f4.a(rcc.o)
 .text.rcc_osc_bypass_disable
                0x0000000000000000       0x28 libopencm3/lib/libopencm3_stm32f4.a(rcc.o)
 .text.rcc_pllsai_config
                0x0000000000000000       0x28 libopencm3/lib/libopencm3_stm32f4.a(rcc.o)
 .text.rcc_pllsai_postscalers
                0x0000000000000000       0x24 libopencm3/lib/libopencm3_stm32f4.a(rcc.o)
 .text.rcc_set_pll_source
                0x0000000000000000       0x14 libopencm3/lib/libopencm3_stm32f4.a(rcc.o)
 .text.rcc_set_rtcpre
                0x0000000000000000       0x14 libopencm3/lib/libopencm3_stm32f4.a(rcc.o)
 .text.rcc_set_main_pll_hsi
                0x0000000000000000       0x40 libopencm3/lib/libopencm3_stm32f4.a(rcc.o)
 .text.rcc_system_clock_source
                0x0000000000000000       0x10 libopencm3/lib/libopencm3_stm32f4.a(rcc.o)
 .rodata.rcc_hse_16mhz_3v3
                0x0000000000000000       0x70 libopencm3/lib/libopencm3_stm32f4.a(rcc.o)
 .rodata.rcc_hse_12mhz_3v3
                0x0000000000000000       0x70 libopencm3/lib/libopencm3_stm32f4.a(rcc.o)
 .rodata.rcc_hse_25mhz_3v3
                0x0000000000000000       0x70 libopencm3/lib/libopencm3_stm32f4.a(rcc.o)
 .rodata.rcc_hse_8mhz_3v3
                0x0000000000000000       0x70 libopencm3/lib/libopencm3_stm32f4.a(rcc.o)
 .group         0x0000000000000000        0x8 libopencm3/lib/libopencm3_stm32f4.a(gpio_common_all.o)
 .group         0x0000000000000000        0x8 libopencm3/lib/libopencm3_stm32f4.a(gpio_common_all.o)
 .group         0x0000000000000000        0x8 libopencm3/lib/libopencm3_stm32f4.a(gpio_common_all.o)
 .group         0x0000000000000000        0x8 libopencm3/lib/libopencm3_stm32f4.a(gpio_common_all.o)
 .group         0x0000000000000000        0x8 libopencm3/lib/libopencm3_stm32f4.a(gpio_common_all.o)
 .group         0x0000000000000000        0x8 libopencm3/lib/libopencm3_stm32f4.a(gpio_common_all.o)
 .group         0x0000000000000000        0x8 libopencm3/lib/libopencm3_stm32f4.a(gpio_common_all.o)
 .group         0x0000000000000000        0x8 libopencm3/lib/libopencm3_stm32f4.a(gpio_common_all.o)
 .group         0x0000000000000000        0x8 libopencm3/lib/libopencm3_stm32f4.a(gpio_common_all.o)
 .group         0x0000000000000000        0x8 libopencm3/lib/libopencm3_stm32f4.a(gpio_common_all.o)
 .group         0x0000000000000000        0x8 libopencm3/lib/libopencm3_stm32f4.a(gpio_common_all.o)
 .group         0x0000000000000000        0x8 libopencm3/lib/libopencm3_stm32f4.a(gpio_common_all.o)
 .group         0x0000000000000000        0x8 libopencm3/lib/libopencm3_stm32f4.a(gpio_common_all.o)
 .text          0x0000000000000000        0x0 libopencm3/lib/libopencm3_stm32f4.a(gpio_common_all.o)
 .data          0x0000000000000000        0x0 libopencm3/lib/libopencm3_stm32f4.a(gpio_common_all.o)
 .bss           0x0000000000000000        0x0 libopencm3/lib/libopencm3_stm32f4.a(gpio_common_all.o)
 .text.gpio_set
                0x0000000000000000        0x4 libopencm3/lib/libopencm3_stm32f4.a(gpio_common_all.o)
 .text.gpio_get
                0x0000000000000000        0x6 libopencm3/lib/libopencm3_stm32f4.a(gpio_common_all.o)
 .text.gpio_toggle
                0x0000000000000000       0x10 libopencm3/lib/libopencm3_stm32f4.a(gpio_common_all.o)
 .text.gpio_port_read
                0x0000000000000000        0x6 libopencm3/lib/libopencm3_stm32f4.a(gpio_common_all.o)
 .text.gpio_port_write
                0x0000000000000000        0x4 libopencm3/lib/libopencm3_stm32f4.a(gpio_common_all.o)
 .text.gpio_port_config_lock
                0x0000000000000000       0x10 libopencm3/lib/libopencm3_stm32f4.a(gpio_common_all.o)
 .debug_macro   0x0000000000000000      0x874 libopencm3/lib/libopencm3_stm32f4.a(gpio_common_all.o)
 .debug_macro   0x0000000000000000       0x22 libopencm3/lib/libopencm3_stm32f4.a(gpio_common_all.o)
 .debug_macro   0x0000000000000000       0x44 libopencm3/lib/libopencm3_stm32f4.a(gpio_common_all.o)
 .debug_macro   0x0000000000000000       0xe3 libopencm3/lib/libopencm3_stm32f4.a(gpio_common_all.o)
 .debug_macro   0x0000000000000000       0x22 libopencm3/lib/libopencm3_stm32f4.a(gpio_common_all.o)
 .debug_macro   0x0000000000000000      0x1df libopencm3/lib/libopencm3_stm32f4.a(gpio_common_all.o)
 .debug_macro   0x0000000000000000       0x22 libopencm3/lib/libopencm3_stm32f4.a(gpio_common_all.o)
 .debug_macro   0x0000000000000000       0xfa libopencm3/lib/libopencm3_stm32f4.a(gpio_common_all.o)
 .debug_macro   0x0000000000000000       0x58 libopencm3/lib/libopencm3_stm32f4.a(gpio_common_all.o)
 .debug_macro   0x0000000000000000      0x26d libopencm3/lib/libopencm3_stm32f4.a(gpio_common_all.o)
 .group         0x0000000000000000        0x8 libopencm3/lib/libopencm3_stm32f4.a(gpio_common_f0234.o)
 .group         0x0000000000000000        0x8 libopencm3/lib/libopencm3_stm32f4.a(gpio_common_f0234.o)
 .group         0x0000000000000000        0x8 libopencm3/lib/libopencm3_stm32f4.a(gpio_common_f0234.o)
 .group         0x0000000000000000        0x8 libopencm3/lib/libopencm3_stm32f4.a(gpio_common_f0234.o)
 .group         0x0000000000000000        0x8 libopencm3/lib/libopencm3_stm32f4.a(gpio_common_f0234.o)
 .group         0x0000000000000000        0x8 libopencm3/lib/libopencm3_stm32f4.a(gpio_common_f0234.o)
 .group         0x0000000000000000        0x8 libopencm3/lib/libopencm3_stm32f4.a(gpio_common_f0234.o)
 .group         0x0000000000000000        0x8 libopencm3/lib/libopencm3_stm32f4.a(gpio_common_f0234.o)
 .group         0x0000000000000000        0x8 libopencm3/lib/libopencm3_stm32f4.a(gpio_common_f0234.o)
 .group         0x0000000000000000        0x8 libopencm3/lib/libopencm3_stm32f4.a(gpio_common_f0234.o)
 .group         0x0000000000000000        0x8 libopencm3/lib/libopencm3_stm32f4.a(gpio_common_f0234.o)
 .group         0x0000000000000000        0x8 libopencm3/lib/libopencm3_stm32f4.a(gpio_common_f0234.o)
 .group         0x0000000000000000        0x8 libopencm3/lib/libopencm3_stm32f4.a(gpio_common_f0234.o)
 .text          0x0000000000000000        0x0 libopencm3/lib/libopencm3_stm32f4.a(gpio_common_f0234.o)
 .data          0x0000000000000000        0x0 libopencm3/lib/libopencm3_stm32f4.a(gpio_common_f0234.o)
 .bss           0x0000000000000000        0x0 libopencm3/lib/libopencm3_stm32f4.a(gpio_common_f0234.o)
 .debug_macro   0x0000000000000000      0x874 libopencm3/lib/libopencm3_stm32f4.a(gpio_common_f0234.o)
 .debug_macro   0x0000000000000000       0x22 libopencm3/lib/libopencm3_stm32f4.a(gpio_common_f0234.o)
 .debug_macro   0x0000000000000000       0x44 libopencm3/lib/libopencm3_stm32f4.a(gpio_common_f0234.o)
 .debug_macro   0x0000000000000000       0xe3 libopencm3/lib/libopencm3_stm32f4.a(gpio_common_f0234.o)
 .debug_macro   0x0000000000000000       0x22 libopencm3/lib/libopencm3_stm32f4.a(gpio_common_f0234.o)
 .debug_macro   0x0000000000000000      0x1df libopencm3/lib/libopencm3_stm32f4.a(gpio_common_f0234.o)
 .debug_macro   0x0000000000000000       0x22 libopencm3/lib/libopencm3_stm32f4.a(gpio_common_f0234.o)
 .debug_macro   0x0000000000000000       0xfa libopencm3/lib/libopencm3_stm32f4.a(gpio_common_f0234.o)
 .debug_macro   0x0000000000000000       0x58 libopencm3/lib/libopencm3_stm32f4.a(gpio_common_f0234.o)
 .debug_macro   0x0000000000000000      0x26d libopencm3/lib/libopencm3_stm32f4.a(gpio_common_f0234.o)
 .debug_macro   0x0000000000000000       0x76 libopencm3/lib/libopencm3_stm32f4.a(gpio_common_f0234.o)
 .debug_macro   0x0000000000000000      0x2e6 libopencm3/lib/libopencm3_stm32f4.a(gpio_common_f0234.o)
 .debug_macro   0x0000000000000000      0x14e libopencm3/lib/libopencm3_stm32f4.a(gpio_common_f0234.o)
 .group         0x0000000000000000        0x8 libopencm3/lib/libopencm3_stm32f4.a(flash_common_f234.o)
 .group         0x0000000000000000        0x8 libopencm3/lib/libopencm3_stm32f4.a(flash_common_f234.o)
 .group         0x0000000000000000        0x8 libopencm3/lib/libopencm3_stm32f4.a(flash_common_f234.o)
 .group         0x0000000000000000        0x8 libopencm3/lib/libopencm3_stm32f4.a(flash_common_f234.o)
 .group         0x0000000000000000        0x8 libopencm3/lib/libopencm3_stm32f4.a(flash_common_f234.o)
 .group         0x0000000000000000        0x8 libopencm3/lib/libopencm3_stm32f4.a(flash_common_f234.o)
 .group         0x0000000000000000        0x8 libopencm3/lib/libopencm3_stm32f4.a(flash_common_f234.o)
 .group         0x0000000000000000        0x8 libopencm3/lib/libopencm3_stm32f4.a(flash_common_f234.o)
 .group         0x0000000000000000        0x8 libopencm3/lib/libopencm3_stm32f4.a(flash_common_f234.o)
 .group         0x0000000000000000        0x8 libopencm3/lib/libopencm3_stm32f4.a(flash_common_f234.o)
 .group         0x0000000000000000        0x8 libopencm3/lib/libopencm3_stm32f4.a(flash_common_f234.o)
 .group         0x0000000000000000        0x8 libopencm3/lib/libopencm3_stm32f4.a(flash_common_f234.o)
 .text          0x0000000000000000        0x0 libopencm3/lib/libopencm3_stm32f4.a(flash_common_f234.o)
 .data          0x0000000000000000        0x0 libopencm3/lib/libopencm3_stm32f4.a(flash_common_f234.o)
 .bss           0x0000000000000000        0x0 libopencm3/lib/libopencm3_stm32f4.a(flash_common_f234.o)
 .text.flash_clear_pgperr_flag
                0x0000000000000000       0x10 libopencm3/lib/libopencm3_stm32f4.a(flash_common_f234.o)
 .text.flash_clear_eop_flag
                0x0000000000000000       0x10 libopencm3/lib/libopencm3_stm32f4.a(flash_common_f234.o)
 .text.flash_clear_bsy_flag
                0x0000000000000000       0x10 libopencm3/lib/libopencm3_stm32f4.a(flash_common_f234.o)
 .debug_macro   0x0000000000000000      0x874 libopencm3/lib/libopencm3_stm32f4.a(flash_common_f234.o)
 .debug_macro   0x0000000000000000       0x22 libopencm3/lib/libopencm3_stm32f4.a(flash_common_f234.o)
 .debug_macro   0x0000000000000000       0x44 libopencm3/lib/libopencm3_stm32f4.a(flash_common_f234.o)
 .debug_macro   0x0000000000000000       0xe3 libopencm3/lib/libopencm3_stm32f4.a(flash_common_f234.o)
 .debug_macro   0x0000000000000000       0x22 libopencm3/lib/libopencm3_stm32f4.a(flash_common_f234.o)
 .debug_macro   0x0000000000000000      0x1df libopencm3/lib/libopencm3_stm32f4.a(flash_common_f234.o)
 .debug_macro   0x0000000000000000       0x22 libopencm3/lib/libopencm3_stm32f4.a(flash_common_f234.o)
 .debug_macro   0x0000000000000000       0xfa libopencm3/lib/libopencm3_stm32f4.a(flash_common_f234.o)
 .debug_macro   0x0000000000000000       0x58 libopencm3/lib/libopencm3_stm32f4.a(flash_common_f234.o)
 .debug_macro   0x0000000000000000      0x26d libopencm3/lib/libopencm3_stm32f4.a(flash_common_f234.o)
 .debug_macro   0x0000000000000000       0x64 libopencm3/lib/libopencm3_stm32f4.a(flash_common_f234.o)
 .debug_macro   0x0000000000000000       0xf4 libopencm3/lib/libopencm3_stm32f4.a(flash_common_f234.o)
 .group         0x0000000000000000        0x8 libopencm3/lib/libopencm3_stm32f4.a(flash_common_f24.o)
 .group         0x0000000000000000        0x8 libopencm3/lib/libopencm3_stm32f4.a(flash_common_f24.o)
 .group         0x0000000000000000        0x8 libopencm3/lib/libopencm3_stm32f4.a(flash_common_f24.o)
 .group         0x0000000000000000        0x8 libopencm3/lib/libopencm3_stm32f4.a(flash_common_f24.o)
 .group         0x0000000000000000        0x8 libopencm3/lib/libopencm3_stm32f4.a(flash_common_f24.o)
 .group         0x0000000000000000        0x8 libopencm3/lib/libopencm3_stm32f4.a(flash_common_f24.o)
 .group         0x0000000000000000        0x8 libopencm3/lib/libopencm3_stm32f4.a(flash_common_f24.o)
 .group         0x0000000000000000        0x8 libopencm3/lib/libopencm3_stm32f4.a(flash_common_f24.o)
 .group         0x0000000000000000        0x8 libopencm3/lib/libopencm3_stm32f4.a(flash_common_f24.o)
 .group         0x0000000000000000        0x8 libopencm3/lib/libopencm3_stm32f4.a(flash_common_f24.o)
 .group         0x0000000000000000        0x8 libopencm3/lib/libopencm3_stm32f4.a(flash_common_f24.o)
 .group         0x0000000000000000        0x8 libopencm3/lib/libopencm3_stm32f4.a(flash_common_f24.o)
 .text          0x0000000000000000        0x0 libopencm3/lib/libopencm3_stm32f4.a(flash_common_f24.o)
 .data          0x0000000000000000        0x0 libopencm3/lib/libopencm3_stm32f4.a(flash_common_f24.o)
 .bss           0x0000000000000000        0x0 libopencm3/lib/libopencm3_stm32f4.a(flash_common_f24.o)
 .text.flash_dcache_enable
                0x0000000000000000       0x10 libopencm3/lib/libopencm3_stm32f4.a(flash_common_f24.o)
 .text.flash_dcache_disable
                0x0000000000000000       0x10 libopencm3/lib/libopencm3_stm32f4.a(flash_common_f24.o)
 .text.flash_icache_enable
                0x0000000000000000       0x10 libopencm3/lib/libopencm3_stm32f4.a(flash_common_f24.o)
 .text.flash_icache_disable
                0x0000000000000000       0x10 libopencm3/lib/libopencm3_stm32f4.a(flash_common_f24.o)
 .text.flash_prefetch_enable
                0x0000000000000000       0x10 libopencm3/lib/libopencm3_stm32f4.a(flash_common_f24.o)
 .text.flash_prefetch_disable
                0x0000000000000000       0x10 libopencm3/lib/libopencm3_stm32f4.a(flash_common_f24.o)
 .text.flash_dcache_reset
                0x0000000000000000       0x10 libopencm3/lib/libopencm3_stm32f4.a(flash_common_f24.o)
 .text.flash_icache_reset
                0x0000000000000000       0x10 libopencm3/lib/libopencm3_stm32f4.a(flash_common_f24.o)
 .text.flash_clear_pgserr_flag
                0x0000000000000000       0x10 libopencm3/lib/libopencm3_stm32f4.a(flash_common_f24.o)
 .text.flash_clear_pgaerr_flag
                0x0000000000000000       0x10 libopencm3/lib/libopencm3_stm32f4.a(flash_common_f24.o)
 .text.flash_clear_wrperr_flag
                0x0000000000000000       0x10 libopencm3/lib/libopencm3_stm32f4.a(flash_common_f24.o)
 .text.flash_clear_status_flags
                0x0000000000000000       0x1e libopencm3/lib/libopencm3_stm32f4.a(flash_common_f24.o)
 .text.flash_unlock_option_bytes
                0x0000000000000000       0x24 libopencm3/lib/libopencm3_stm32f4.a(flash_common_f24.o)
 .text.flash_lock_option_bytes
                0x0000000000000000       0x10 libopencm3/lib/libopencm3_stm32f4.a(flash_common_f24.o)
 .text.flash_program_double_word
                0x0000000000000000       0x34 libopencm3/lib/libopencm3_stm32f4.a(flash_common_f24.o)
 .text.flash_program_half_word
                0x0000000000000000       0x30 libopencm3/lib/libopencm3_stm32f4.a(flash_common_f24.o)
 .text.flash_program_byte
                0x0000000000000000       0x30 libopencm3/lib/libopencm3_stm32f4.a(flash_common_f24.o)
 .text.flash_program
                0x0000000000000000       0x1e libopencm3/lib/libopencm3_stm32f4.a(flash_common_f24.o)
 .text.flash_erase_all_sectors
                0x0000000000000000       0x34 libopencm3/lib/libopencm3_stm32f4.a(flash_common_f24.o)
 .text.flash_program_option_bytes
                0x0000000000000000       0x30 libopencm3/lib/libopencm3_stm32f4.a(flash_common_f24.o)
 .debug_macro   0x0000000000000000      0x874 libopencm3/lib/libopencm3_stm32f4.a(flash_common_f24.o)
 .debug_macro   0x0000000000000000       0x22 libopencm3/lib/libopencm3_stm32f4.a(flash_common_f24.o)
 .debug_macro   0x0000000000000000       0x44 libopencm3/lib/libopencm3_stm32f4.a(flash_common_f24.o)
 .debug_macro   0x0000000000000000       0xe3 libopencm3/lib/libopencm3_stm32f4.a(flash_common_f24.o)
 .debug_macro   0x0000000000000000       0x22 libopencm3/lib/libopencm3_stm32f4.a(flash_common_f24.o)
 .debug_macro   0x0000000000000000      0x1df libopencm3/lib/libopencm3_stm32f4.a(flash_common_f24.o)
 .debug_macro   0x0000000000000000       0x22 libopencm3/lib/libopencm3_stm32f4.a(flash_common_f24.o)
 .debug_macro   0x0000000000000000       0xfa libopencm3/lib/libopencm3_stm32f4.a(flash_common_f24.o)
 .debug_macro   0x0000000000000000       0x58 libopencm3/lib/libopencm3_stm32f4.a(flash_common_f24.o)
 .debug_macro   0x0000000000000000      0x26d libopencm3/lib/libopencm3_stm32f4.a(flash_common_f24.o)
 .debug_macro   0x0000000000000000       0x64 libopencm3/lib/libopencm3_stm32f4.a(flash_common_f24.o)
 .debug_macro   0x0000000000000000       0xf4 libopencm3/lib/libopencm3_stm32f4.a(flash_common_f24.o)
 .group         0x0000000000000000        0x8 libopencm3/lib/libopencm3_stm32f4.a(rcc_common_all.o)
 .group         0x0000000000000000        0x8 libopencm3/lib/libopencm3_stm32f4.a(rcc_common_all.o)
 .group         0x0000000000000000        0x8 libopencm3/lib/libopencm3_stm32f4.a(rcc_common_all.o)
 .group         0x0000000000000000        0x8 libopencm3/lib/libopencm3_stm32f4.a(rcc_common_all.o)
 .group         0x0000000000000000        0x8 libopencm3/lib/libopencm3_stm32f4.a(rcc_common_all.o)
 .group         0x0000000000000000        0x8 libopencm3/lib/libopencm3_stm32f4.a(rcc_common_all.o)
 .group         0x0000000000000000        0x8 libopencm3/lib/libopencm3_stm32f4.a(rcc_common_all.o)
 .group         0x0000000000000000        0x8 libopencm3/lib/libopencm3_stm32f4.a(rcc_common_all.o)
 .group         0x0000000000000000        0x8 libopencm3/lib/libopencm3_stm32f4.a(rcc_common_all.o)
 .group         0x0000000000000000        0x8 libopencm3/lib/libopencm3_stm32f4.a(rcc_common_all.o)
 .group         0x0000000000000000        0x8 libopencm3/lib/libopencm3_stm32f4.a(rcc_common_all.o)
 .text          0x0000000000000000        0x0 libopencm3/lib/libopencm3_stm32f4.a(rcc_common_all.o)
 .data          0x0000000000000000        0x0 libopencm3/lib/libopencm3_stm32f4.a(rcc_common_all.o)
 .bss           0x0000000000000000        0x0 libopencm3/lib/libopencm3_stm32f4.a(rcc_common_all.o)
 .text.rcc_peripheral_disable_clock
                0x0000000000000000        0xa libopencm3/lib/libopencm3_stm32f4.a(rcc_common_all.o)
 .text.rcc_peripheral_reset
                0x0000000000000000        0x8 libopencm3/lib/libopencm3_stm32f4.a(rcc_common_all.o)
 .text.rcc_peripheral_clear_reset
                0x0000000000000000        0xa libopencm3/lib/libopencm3_stm32f4.a(rcc_common_all.o)
 .text.rcc_periph_clock_enable
                0x0000000000000000       0x1a libopencm3/lib/libopencm3_stm32f4.a(rcc_common_all.o)
 .text.rcc_periph_clock_disable
                0x0000000000000000       0x1c libopencm3/lib/libopencm3_stm32f4.a(rcc_common_all.o)
 .text.rcc_periph_reset_pulse
                0x0000000000000000       0x22 libopencm3/lib/libopencm3_stm32f4.a(rcc_common_all.o)
 .text.rcc_periph_reset_hold
                0x0000000000000000       0x1a libopencm3/lib/libopencm3_stm32f4.a(rcc_common_all.o)
 .text.rcc_periph_reset_release
                0x0000000000000000       0x1c libopencm3/lib/libopencm3_stm32f4.a(rcc_common_all.o)
 .text.rcc_set_mco
                0x0000000000000000       0x14 libopencm3/lib/libopencm3_stm32f4.a(rcc_common_all.o)
 .debug_macro   0x0000000000000000      0x874 libopencm3/lib/libopencm3_stm32f4.a(rcc_common_all.o)
 .debug_macro   0x0000000000000000       0x22 libopencm3/lib/libopencm3_stm32f4.a(rcc_common_all.o)
 .debug_macro   0x0000000000000000       0x44 libopencm3/lib/libopencm3_stm32f4.a(rcc_common_all.o)
 .debug_macro   0x0000000000000000       0xe3 libopencm3/lib/libopencm3_stm32f4.a(rcc_common_all.o)
 .debug_macro   0x0000000000000000       0x22 libopencm3/lib/libopencm3_stm32f4.a(rcc_common_all.o)
 .debug_macro   0x0000000000000000      0x1df libopencm3/lib/libopencm3_stm32f4.a(rcc_common_all.o)
 .debug_macro   0x0000000000000000       0x22 libopencm3/lib/libopencm3_stm32f4.a(rcc_common_all.o)
 .debug_macro   0x0000000000000000       0xfa libopencm3/lib/libopencm3_stm32f4.a(rcc_common_all.o)
 .debug_macro   0x0000000000000000       0x58 libopencm3/lib/libopencm3_stm32f4.a(rcc_common_all.o)
 .debug_macro   0x0000000000000000      0x26d libopencm3/lib/libopencm3_stm32f4.a(rcc_common_all.o)
 .debug_macro   0x0000000000000000      0xb38 libopencm3/lib/libopencm3_stm32f4.a(rcc_common_all.o)
 .group         0x0000000000000000        0x8 libopencm3/lib/libopencm3_stm32f4.a(scb.o)
 .group         0x0000000000000000        0x8 libopencm3/lib/libopencm3_stm32f4.a(scb.o)
 .group         0x0000000000000000        0x8 libopencm3/lib/libopencm3_stm32f4.a(scb.o)
 .group         0x0000000000000000        0x8 libopencm3/lib/libopencm3_stm32f4.a(scb.o)
 .group         0x0000000000000000        0x8 libopencm3/lib/libopencm3_stm32f4.a(scb.o)
 .group         0x0000000000000000        0x8 libopencm3/lib/libopencm3_stm32f4.a(scb.o)
 .group         0x0000000000000000        0x8 libopencm3/lib/libopencm3_stm32f4.a(scb.o)
 .group         0x0000000000000000        0x8 libopencm3/lib/libopencm3_stm32f4.a(scb.o)
 .group         0x0000000000000000        0x8 libopencm3/lib/libopencm3_stm32f4.a(scb.o)
 .group         0x0000000000000000        0x8 libopencm3/lib/libopencm3_stm32f4.a(scb.o)
 .group         0x0000000000000000        0x8 libopencm3/lib/libopencm3_stm32f4.a(scb.o)
 .group         0x0000000000000000        0x8 libopencm3/lib/libopencm3_stm32f4.a(scb.o)
 .group         0x0000000000000000        0x8 libopencm3/lib/libopencm3_stm32f4.a(scb.o)
 .group         0x0000000000000000        0x8 libopencm3/lib/libopencm3_stm32f4.a(scb.o)
 .group         0x0000000000000000        0x8 libopencm3/lib/libopencm3_stm32f4.a(scb.o)
 .group         0x0000000000000000        0x8 libopencm3/lib/libopencm3_stm32f4.a(scb.o)
 .group         0x0000000000000000        0x8 libopencm3/lib/libopencm3_stm32f4.a(scb.o)
 .group         0x0000000000000000        0x8 libopencm3/lib/libopencm3_stm32f4.a(scb.o)
 .group         0x0000000000000000        0x8 libopencm3/lib/libopencm3_stm32f4.a(scb.o)
 .group         0x0000000000000000        0x8 libopencm3/lib/libopencm3_stm32f4.a(scb.o)
 .group         0x0000000000000000        0x8 libopencm3/lib/libopencm3_stm32f4.a(scb.o)
 .group         0x0000000000000000        0x8 libopencm3/lib/libopencm3_stm32f4.a(scb.o)
 .group         0x0000000000000000        0x8 libopencm3/lib/libopencm3_stm32f4.a(scb.o)
 .text          0x0000000000000000        0x0 libopencm3/lib/libopencm3_stm32f4.a(scb.o)
 .data          0x0000000000000000        0x0 libopencm3/lib/libopencm3_stm32f4.a(scb.o)
 .bss           0x0000000000000000        0x0 libopencm3/lib/libopencm3_stm32f4.a(scb.o)
 .text.scb_reset_core
                0x0000000000000000       0x10 libopencm3/lib/libopencm3_stm32f4.a(scb.o)
 .text.scb_set_priority_grouping
                0x0000000000000000       0x14 libopencm3/lib/libopencm3_stm32f4.a(scb.o)
 .debug_macro   0x0000000000000000      0x874 libopencm3/lib/libopencm3_stm32f4.a(scb.o)
 .debug_macro   0x0000000000000000       0x22 libopencm3/lib/libopencm3_stm32f4.a(scb.o)
 .debug_macro   0x0000000000000000       0x58 libopencm3/lib/libopencm3_stm32f4.a(scb.o)
 .debug_macro   0x0000000000000000       0xe3 libopencm3/lib/libopencm3_stm32f4.a(scb.o)
 .debug_macro   0x0000000000000000       0x22 libopencm3/lib/libopencm3_stm32f4.a(scb.o)
 .debug_macro   0x0000000000000000      0x1df libopencm3/lib/libopencm3_stm32f4.a(scb.o)
 .debug_macro   0x0000000000000000       0x22 libopencm3/lib/libopencm3_stm32f4.a(scb.o)
 .debug_macro   0x0000000000000000       0xfa libopencm3/lib/libopencm3_stm32f4.a(scb.o)
 .group         0x0000000000000000        0x8 libopencm3/lib/libopencm3_stm32f4.a(pwr.o)
 .group         0x0000000000000000        0x8 libopencm3/lib/libopencm3_stm32f4.a(pwr.o)
 .group         0x0000000000000000        0x8 libopencm3/lib/libopencm3_stm32f4.a(pwr.o)
 .group         0x0000000000000000        0x8 libopencm3/lib/libopencm3_stm32f4.a(pwr.o)
 .group         0x0000000000000000        0x8 libopencm3/lib/libopencm3_stm32f4.a(pwr.o)
 .group         0x0000000000000000        0x8 libopencm3/lib/libopencm3_stm32f4.a(pwr.o)
 .group         0x0000000000000000        0x8 libopencm3/lib/libopencm3_stm32f4.a(pwr.o)
 .group         0x0000000000000000        0x8 libopencm3/lib/libopencm3_stm32f4.a(pwr.o)
 .group         0x0000000000000000        0x8 libopencm3/lib/libopencm3_stm32f4.a(pwr.o)
 .group         0x0000000000000000        0x8 libopencm3/lib/libopencm3_stm32f4.a(pwr.o)
 .group         0x0000000000000000        0x8 libopencm3/lib/libopencm3_stm32f4.a(pwr.o)
 .group         0x0000000000000000        0x8 libopencm3/lib/libopencm3_stm32f4.a(pwr.o)
 .text          0x0000000000000000        0x0 libopencm3/lib/libopencm3_stm32f4.a(pwr.o)
 .data          0x0000000000000000        0x0 libopencm3/lib/libopencm3_stm32f4.a(pwr.o)
 .bss           0x0000000000000000        0x0 libopencm3/lib/libopencm3_stm32f4.a(pwr.o)
 .debug_macro   0x0000000000000000      0x874 libopencm3/lib/libopencm3_stm32f4.a(pwr.o)
 .debug_macro   0x0000000000000000       0x22 libopencm3/lib/libopencm3_stm32f4.a(pwr.o)
 .debug_macro   0x0000000000000000       0x44 libopencm3/lib/libopencm3_stm32f4.a(pwr.o)
 .debug_macro   0x0000000000000000       0xe3 libopencm3/lib/libopencm3_stm32f4.a(pwr.o)
 .debug_macro   0x0000000000000000       0x22 libopencm3/lib/libopencm3_stm32f4.a(pwr.o)
 .debug_macro   0x0000000000000000      0x1df libopencm3/lib/libopencm3_stm32f4.a(pwr.o)
 .debug_macro   0x0000000000000000       0x22 libopencm3/lib/libopencm3_stm32f4.a(pwr.o)
 .debug_macro   0x0000000000000000       0xfa libopencm3/lib/libopencm3_stm32f4.a(pwr.o)
 .debug_macro   0x0000000000000000       0x58 libopencm3/lib/libopencm3_stm32f4.a(pwr.o)
 .debug_macro   0x0000000000000000      0x26d libopencm3/lib/libopencm3_stm32f4.a(pwr.o)
 .debug_macro   0x0000000000000000       0x8e libopencm3/lib/libopencm3_stm32f4.a(pwr.o)
 .debug_macro   0x0000000000000000       0x22 libopencm3/lib/libopencm3_stm32f4.a(pwr.o)

Memory Configuration

Name             Origin             Length             Attributes
rom              0x0000000008004000 0x0000000000008000 xr
ram              0x0000000020001000 0x0000000000020000 xrw
*default*        0x0000000000000000 0xffffffffffffffff

Linker script and memory map

LOAD build/usbs_px4fmuv4_bl_update/usbs_src/bl_update_main_f4.o
LOAD build/usbs_px4fmuv4_bl_update/usbs_src/bl_update_vectors.o
LOAD build/usbs_px4fmuv4_bl_update/usbs_src/bl_update_frame.o
LOAD /usr/lib/gcc/arm-none-eabi/4.9.3/../../../arm-none-eabi/lib/armv7e-m/fpu/libnosys.a
LOAD libopencm3/lib/libopencm3_stm32f4.a
START GROUP
LOAD /usr/lib/gcc/arm-none-eabi/4.9.3/armv7e-m/fpu/libgcc.a
LOAD /usr/lib/gcc/arm-none-eabi/4.9.3/../../../arm-none-eabi/lib/armv7e-m/fpu/libg.a
LOAD /usr/lib/gcc/arm-none-eabi/4.9.3/../../../arm-none-eabi/lib/armv7e-m/fpu/libc.a
END GROUP
                0x0000000008004000                . = ORIGIN (rom)

.text           0x0000000008004000     0x42c4
 *(.vectors_m)
 .vectors_m     0x0000000008004000      0x1ac build/usbs_px4fmuv4_bl_update/usbs_src/bl_update_vectors.o
                0x0000000008004000                vector_table
                0x00000000080041ac                . = ALIGN (0x4)
 *(.bootloader_array1)
 *fill*         0x00000000080041ac        0x4 
 .bootloader_array1
                0x00000000080041b0     0x3f94 build/usbs_px4fmuv4_bl_update/usbs_src/bl_update_frame.o
 *(.bootloader_array2)
 .bootloader_array2
                0x0000000008008144        0x8 build/usbs_px4fmuv4_bl_update/usbs_src/bl_update_frame.o
                0x0000000008008144                bl_flash_end
 *(.bootloader_array*)
 .bootloader_array_code
                0x000000000800814c       0x54 build/usbs_px4fmuv4_bl_update/usbs_src/bl_update_frame.o
                0x000000000800814c                bl_flash_start
 *(.reset_m)
 .reset_m       0x00000000080081a0       0x9c build/usbs_px4fmuv4_bl_update/usbs_src/bl_update_vectors.o
                0x00000000080081a0                reset_handler
 *fill*         0x000000000800823c        0x4 
 .reset_m.__stub
                0x0000000008008240       0x10 linker stubs
                0x0000000008008250                . = ALIGN (0x4)
 *(.rodata*)
 .rodata        0x0000000008008250       0x48 build/usbs_px4fmuv4_bl_update/usbs_src/bl_update_main_f4.o
                0x0000000008008284                silicon_revs
 .rodata.str1.1
                0x0000000008008298       0x2a build/usbs_px4fmuv4_bl_update/usbs_src/bl_update_main_f4.o
                0x00000000080082c4                . = ALIGN (0x4)
 *fill*         0x00000000080082c2        0x2 
                0x00000000080082c4                _etext = .

.glue_7         0x00000000080082c4        0x0
 .glue_7        0x00000000080082c4        0x0 linker stubs

.glue_7t        0x00000000080082c4        0x0
 .glue_7t       0x00000000080082c4        0x0 linker stubs

.vfp11_veneer   0x00000000080082c4        0x0
 .vfp11_veneer  0x00000000080082c4        0x0 linker stubs

.v4_bx          0x00000000080082c4        0x0
 .v4_bx         0x00000000080082c4        0x0 linker stubs

.iplt           0x00000000080082c4        0x0
 .iplt          0x00000000080082c4        0x0 build/usbs_px4fmuv4_bl_update/usbs_src/bl_update_main_f4.o

.rel.dyn        0x00000000080082c4        0x0
 .rel.iplt      0x00000000080082c4        0x0 build/usbs_px4fmuv4_bl_update/usbs_src/bl_update_main_f4.o

.preinit_array  0x00000000080082c4        0x0
                0x00000000080082c4                . = ALIGN (0x4)
                0x00000000080082c4                __preinit_array_start = .
 *(.preinit_array)
                0x00000000080082c4                __preinit_array_end = .

.init_array     0x00000000080082c4        0x0
                0x00000000080082c4                . = ALIGN (0x4)
                0x00000000080082c4                __init_array_start = .
 *(SORT(.init_array.*))
 *(.init_array)
                0x00000000080082c4                __init_array_end = .

.fini_array     0x00000000080082c4        0x0
                0x00000000080082c4                . = ALIGN (0x4)
                0x00000000080082c4                __fini_array_start = .
 *(.fini_array)
 *(SORT(.fini_array.*))
                0x00000000080082c4                __fini_array_end = .
                0x0000000020001000                . = ORIGIN (ram)

.data           0x0000000020001000      0x6a4 load address 0x00000000080082c4
                0x0000000020001000                _data = .
 *(.text*)
 .text.flash_func_sector_size
                0x0000000020001000       0x28 build/usbs_px4fmuv4_bl_update/usbs_src/bl_update_main_f4.o
                0x0000000020001000                flash_func_sector_size
 .text.flash_func_write_word
                0x0000000020001028        0x8 build/usbs_px4fmuv4_bl_update/usbs_src/bl_update_main_f4.o
                0x0000000020001028                flash_func_write_word
 .text.flash_func_read_word
                0x0000000020001030       0x12 build/usbs_px4fmuv4_bl_update/usbs_src/bl_update_main_f4.o
                0x0000000020001030                flash_func_read_word
 *fill*         0x0000000020001042        0x2 
 .text.flash_func_erase_sector
                0x0000000020001044       0x64 build/usbs_px4fmuv4_bl_update/usbs_src/bl_update_main_f4.o
                0x0000000020001044                flash_func_erase_sector
 .text.startup.main
                0x00000000200010a8      0x108 build/usbs_px4fmuv4_bl_update/usbs_src/bl_update_main_f4.o
                0x00000000200010a8                main
 .text.blocking_handler
                0x00000000200011b0        0x2 build/usbs_px4fmuv4_bl_update/usbs_src/bl_update_vectors.o
                0x00000000200011b0                dma2_stream1_isr
                0x00000000200011b0                tim8_brk_tim12_isr
                0x00000000200011b0                dma1_stream7_isr
                0x00000000200011b0                usart3_isr
                0x00000000200011b0                tim7_isr
                0x00000000200011b0                dma2d_isr
                0x00000000200011b0                uart8_isr
                0x00000000200011b0                dma1_stream2_isr
                0x00000000200011b0                otg_hs_isr
                0x00000000200011b0                blocking_handler
                0x00000000200011b0                tim5_isr
                0x00000000200011b0                rtc_wkup_isr
                0x00000000200011b0                otg_fs_isr
                0x00000000200011b0                spi1_isr
                0x00000000200011b0                i2c3_er_isr
                0x00000000200011b0                exti2_isr
                0x00000000200011b0                spi5_isr
                0x00000000200011b0                usb_fs_wkup_isr
                0x00000000200011b0                tamp_stamp_isr
                0x00000000200011b0                can1_rx1_isr
                0x00000000200011b0                dma2_stream0_isr
                0x00000000200011b0                usart1_isr
                0x00000000200011b0                i2c3_ev_isr
                0x00000000200011b0                usage_fault_handler
                0x00000000200011b0                can2_rx0_isr
                0x00000000200011b0                dma1_stream6_isr
                0x00000000200011b0                can2_rx1_isr
                0x00000000200011b0                can1_sce_isr
                0x00000000200011b0                tim1_cc_isr
                0x00000000200011b0                can1_tx_isr
                0x00000000200011b0                tim1_up_tim10_isr
                0x00000000200011b0                sdio_isr
                0x00000000200011b0                eth_isr
                0x00000000200011b0                spi6_isr
                0x00000000200011b0                dma2_stream5_isr
                0x00000000200011b0                pvd_isr
                0x00000000200011b0                can1_rx0_isr
                0x00000000200011b0                rcc_isr
                0x00000000200011b0                dma2_stream3_isr
                0x00000000200011b0                flash_isr
                0x00000000200011b0                uart4_isr
                0x00000000200011b0                lcd_tft_isr
                0x00000000200011b0                rtc_alarm_isr
                0x00000000200011b0                exti15_10_isr
                0x00000000200011b0                hash_rng_isr
                0x00000000200011b0                tim1_trg_com_tim11_isr
                0x00000000200011b0                hard_fault_handler
                0x00000000200011b0                exti1_isr
                0x00000000200011b0                i2c1_ev_isr
                0x00000000200011b0                usart6_isr
                0x00000000200011b0                spi2_isr
                0x00000000200011b0                cryp_isr
                0x00000000200011b0                nvic_wwdg_isr
                0x00000000200011b0                dma1_stream1_isr
                0x00000000200011b0                dma2_stream4_isr
                0x00000000200011b0                exti3_isr
                0x00000000200011b0                tim3_isr
                0x00000000200011b0                usart2_isr
                0x00000000200011b0                sai1_isr
                0x00000000200011b0                fpu_isr
                0x00000000200011b0                dma1_stream4_isr
                0x00000000200011b0                i2c2_er_isr
                0x00000000200011b0                i2c2_ev_isr
                0x00000000200011b0                uart5_isr
                0x00000000200011b0                dma2_stream6_isr
                0x00000000200011b0                spi4_isr
                0x00000000200011b0                adc_isr
                0x00000000200011b0                dma2_stream7_isr
                0x00000000200011b0                tim8_up_tim13_isr
                0x00000000200011b0                fsmc_isr
                0x00000000200011b0                exti4_isr
                0x00000000200011b0                tim6_dac_isr
                0x00000000200011b0                dma1_stream3_isr
                0x00000000200011b0                tim8_trg_com_tim14_isr
                0x00000000200011b0                mem_manage_handler
                0x00000000200011b0                lcd_tft_err_isr
                0x00000000200011b0                can2_tx_isr
                0x00000000200011b0                exti9_5_isr
                0x00000000200011b0                tim1_brk_tim9_isr
                0x00000000200011b0                uart7_isr
                0x00000000200011b0                can2_sce_isr
                0x00000000200011b0                tim4_isr
                0x00000000200011b0                otg_hs_wkup_isr
                0x00000000200011b0                i2c1_er_isr
                0x00000000200011b0                dma1_stream0_isr
                0x00000000200011b0                tim8_cc_isr
                0x00000000200011b0                dcmi_isr
                0x00000000200011b0                dma2_stream2_isr
                0x00000000200011b0                eth_wkup_isr
                0x00000000200011b0                bus_fault_handler
                0x00000000200011b0                otg_hs_ep1_out_isr
                0x00000000200011b0                spi3_isr
                0x00000000200011b0                dma1_stream5_isr
                0x00000000200011b0                otg_hs_ep1_in_isr
                0x00000000200011b0                tim2_isr
                0x00000000200011b0                exti0_isr
 .text.null_handler
                0x00000000200011b2        0x2 build/usbs_px4fmuv4_bl_update/usbs_src/bl_update_vectors.o
                0x00000000200011b2                null_handler
                0x00000000200011b2                sv_call_handler
                0x00000000200011b2                pend_sv_handler
                0x00000000200011b2                debug_monitor_handler
                0x00000000200011b2                sys_tick_handler
                0x00000000200011b2                nmi_handler
 .text.bl_flash_get32
                0x00000000200011b4       0x30 build/usbs_px4fmuv4_bl_update/usbs_src/bl_update_frame.o
                0x00000000200011b4                bl_flash_get32
 .text.rcc_is_osc_ready
                0x00000000200011e4       0x5c libopencm3/lib/libopencm3_stm32f4.a(rcc.o)
                0x00000000200011e4                rcc_is_osc_ready
 .text.rcc_wait_for_osc_ready
                0x0000000020001240       0x10 libopencm3/lib/libopencm3_stm32f4.a(rcc.o)
                0x0000000020001240                rcc_wait_for_osc_ready
 .text.rcc_osc_on
                0x0000000020001250       0x58 libopencm3/lib/libopencm3_stm32f4.a(rcc.o)
                0x0000000020001250                rcc_osc_on
 .text.rcc_osc_off
                0x00000000200012a8       0x58 libopencm3/lib/libopencm3_stm32f4.a(rcc.o)
                0x00000000200012a8                rcc_osc_off
 .text.rcc_set_sysclk_source
                0x0000000020001300       0x14 libopencm3/lib/libopencm3_stm32f4.a(rcc.o)
                0x0000000020001300                rcc_set_sysclk_source
 .text.rcc_set_ppre2
                0x0000000020001314       0x14 libopencm3/lib/libopencm3_stm32f4.a(rcc.o)
                0x0000000020001314                rcc_set_ppre2
 .text.rcc_set_ppre1
                0x0000000020001328       0x14 libopencm3/lib/libopencm3_stm32f4.a(rcc.o)
                0x0000000020001328                rcc_set_ppre1
 .text.rcc_set_hpre
                0x000000002000133c       0x14 libopencm3/lib/libopencm3_stm32f4.a(rcc.o)
                0x000000002000133c                rcc_set_hpre
 .text.rcc_set_main_pll_hse
                0x0000000020001350       0x44 libopencm3/lib/libopencm3_stm32f4.a(rcc.o)
                0x0000000020001350                rcc_set_main_pll_hse
 .text.rcc_clock_setup_hse_3v3
                0x0000000020001394       0xa8 libopencm3/lib/libopencm3_stm32f4.a(rcc.o)
                0x0000000020001394                rcc_clock_setup_hse_3v3
 .text.gpio_clear
                0x000000002000143c        0x6 libopencm3/lib/libopencm3_stm32f4.a(gpio_common_all.o)
                0x000000002000143c                gpio_clear
 .text.gpio_mode_setup
                0x0000000020001442       0x3a libopencm3/lib/libopencm3_stm32f4.a(gpio_common_f0234.o)
                0x0000000020001442                gpio_mode_setup
 .text.gpio_set_output_options
                0x000000002000147c       0x36 libopencm3/lib/libopencm3_stm32f4.a(gpio_common_f0234.o)
                0x000000002000147c                gpio_set_output_options
 .text.gpio_set_af
                0x00000000200014b2       0x54 libopencm3/lib/libopencm3_stm32f4.a(gpio_common_f0234.o)
                0x00000000200014b2                gpio_set_af
 *fill*         0x0000000020001506        0x2 
 .text.flash_set_ws
                0x0000000020001508       0x14 libopencm3/lib/libopencm3_stm32f4.a(flash_common_f234.o)
                0x0000000020001508                flash_set_ws
 .text.flash_unlock
                0x000000002000151c       0x24 libopencm3/lib/libopencm3_stm32f4.a(flash_common_f234.o)
                0x000000002000151c                flash_unlock
 .text.flash_lock
                0x0000000020001540       0x10 libopencm3/lib/libopencm3_stm32f4.a(flash_common_f234.o)
                0x0000000020001540                flash_lock
 .text.flash_wait_for_last_operation
                0x0000000020001550       0x10 libopencm3/lib/libopencm3_stm32f4.a(flash_common_f234.o)
                0x0000000020001550                flash_wait_for_last_operation
 .text.flash_set_program_size
                0x0000000020001560       0x18 libopencm3/lib/libopencm3_stm32f4.a(flash_common_f24.o)
 .text.flash_program_word
                0x0000000020001578       0x30 libopencm3/lib/libopencm3_stm32f4.a(flash_common_f24.o)
                0x0000000020001578                flash_program_word
 .text.flash_erase_sector
                0x00000000200015a8       0x50 libopencm3/lib/libopencm3_stm32f4.a(flash_common_f24.o)
                0x00000000200015a8                flash_erase_sector
 .text.rcc_peripheral_enable_clock
                0x00000000200015f8        0x8 libopencm3/lib/libopencm3_stm32f4.a(rcc_common_all.o)
                0x00000000200015f8                rcc_peripheral_enable_clock
 .text.scb_reset_system
                0x0000000020001600       0x10 libopencm3/lib/libopencm3_stm32f4.a(scb.o)
                0x0000000020001600                scb_reset_system
 .text.pwr_set_vos_scale
                0x0000000020001610       0x20 libopencm3/lib/libopencm3_stm32f4.a(pwr.o)
                0x0000000020001610                pwr_set_vos_scale
 .text.pwr_set_vos_scale.__stub
                0x0000000020001630       0x10 linker stubs
 *(.data*)
 .data          0x0000000020001640       0x54 build/usbs_px4fmuv4_bl_update/usbs_src/bl_update_main_f4.o
                0x0000000020001640                mcu_descriptions
                0x0000000020001670                board_info
 .data          0x0000000020001694        0x4 build/usbs_px4fmuv4_bl_update/usbs_src/bl_update_frame.o
 .data.rcc_ahb_frequency
                0x0000000020001698        0x4 libopencm3/lib/libopencm3_stm32f4.a(rcc.o)
                0x0000000020001698                rcc_ahb_frequency
 .data.rcc_apb1_frequency
                0x000000002000169c        0x4 libopencm3/lib/libopencm3_stm32f4.a(rcc.o)
                0x000000002000169c                rcc_apb1_frequency
 .data.rcc_apb2_frequency
                0x00000000200016a0        0x4 libopencm3/lib/libopencm3_stm32f4.a(rcc.o)
                0x00000000200016a0                rcc_apb2_frequency
                0x00000000200016a4                . = ALIGN (0x4)
                0x00000000200016a4                _edata = .
                0x00000000080082c4                _data_loadaddr = LOADADDR (.data)

.igot.plt       0x00000000200016a4        0x0 load address 0x0000000008008968
 .igot.plt      0x00000000200016a4        0x0 build/usbs_px4fmuv4_bl_update/usbs_src/bl_update_main_f4.o

.bss            0x00000000200016a4     0x4000 load address 0x00000000080082c4
 *(.bss*)
 *(COMMON)
 COMMON         0x00000000200016a4     0x4000 build/usbs_px4fmuv4_bl_update/usbs_src/bl_update_main_f4.o
                0x00000000200016a4                code
                0x00000000200056a4                . = ALIGN (0x4)
                0x00000000200056a4                _ebss = .

/DISCARD/
 *(.eh_frame)
                0x00000000200056a4                . = ALIGN (0x4)
                0x00000000200056a4                end = .
                0x0000000020020000                PROVIDE (_stack, 0x20020000)
OUTPUT(build/usbs_px4fmuv4_bl_update/usbs_px4fmuv4_bl_update.elf elf32-littlearm)

.debug_info     0x0000000000000000     0x2fcf
 .debug_info    0x0000000000000000      0xd94 build/usbs_px4fmuv4_bl_update/usbs_src/bl_update_main_f4.o
 .debug_info    0x0000000000000d94      0x2de build/usbs_px4fmuv4_bl_update/usbs_src/bl_update_vectors.o
 .debug_info    0x0000000000001072      0x1eb build/usbs_px4fmuv4_bl_update/usbs_src/bl_update_frame.o
 .debug_info    0x000000000000125d      0x953 libopencm3/lib/libopencm3_stm32f4.a(rcc.o)
 .debug_info    0x0000000000001bb0      0x22c libopencm3/lib/libopencm3_stm32f4.a(gpio_common_all.o)
 .debug_info    0x0000000000001ddc      0x1eb libopencm3/lib/libopencm3_stm32f4.a(gpio_common_f0234.o)
 .debug_info    0x0000000000001fc7      0x11f libopencm3/lib/libopencm3_stm32f4.a(flash_common_f234.o)
 .debug_info    0x00000000000020e6      0x4fc libopencm3/lib/libopencm3_stm32f4.a(flash_common_f24.o)
 .debug_info    0x00000000000025e2      0x858 libopencm3/lib/libopencm3_stm32f4.a(rcc_common_all.o)
 .debug_info    0x0000000000002e3a       0xd7 libopencm3/lib/libopencm3_stm32f4.a(scb.o)
 .debug_info    0x0000000000002f11       0xbe libopencm3/lib/libopencm3_stm32f4.a(pwr.o)

.debug_abbrev   0x0000000000000000      0xcd8
 .debug_abbrev  0x0000000000000000      0x33f build/usbs_px4fmuv4_bl_update/usbs_src/bl_update_main_f4.o
 .debug_abbrev  0x000000000000033f      0x15c build/usbs_px4fmuv4_bl_update/usbs_src/bl_update_vectors.o
 .debug_abbrev  0x000000000000049b       0xc9 build/usbs_px4fmuv4_bl_update/usbs_src/bl_update_frame.o
 .debug_abbrev  0x0000000000000564      0x241 libopencm3/lib/libopencm3_stm32f4.a(rcc.o)
 .debug_abbrev  0x00000000000007a5      0x10e libopencm3/lib/libopencm3_stm32f4.a(gpio_common_all.o)
 .debug_abbrev  0x00000000000008b3       0xb7 libopencm3/lib/libopencm3_stm32f4.a(gpio_common_f0234.o)
 .debug_abbrev  0x000000000000096a       0x8a libopencm3/lib/libopencm3_stm32f4.a(flash_common_f234.o)
 .debug_abbrev  0x00000000000009f4      0x131 libopencm3/lib/libopencm3_stm32f4.a(flash_common_f24.o)
 .debug_abbrev  0x0000000000000b25       0xc1 libopencm3/lib/libopencm3_stm32f4.a(rcc_common_all.o)
 .debug_abbrev  0x0000000000000be6       0x79 libopencm3/lib/libopencm3_stm32f4.a(scb.o)
 .debug_abbrev  0x0000000000000c5f       0x79 libopencm3/lib/libopencm3_stm32f4.a(pwr.o)

.debug_loc      0x0000000000000000     0x12cf
 .debug_loc     0x0000000000000000      0x560 build/usbs_px4fmuv4_bl_update/usbs_src/bl_update_main_f4.o
 .debug_loc     0x0000000000000560       0xac build/usbs_px4fmuv4_bl_update/usbs_src/bl_update_vectors.o
 .debug_loc     0x000000000000060c      0x144 build/usbs_px4fmuv4_bl_update/usbs_src/bl_update_frame.o
 .debug_loc     0x0000000000000750      0x5c0 libopencm3/lib/libopencm3_stm32f4.a(rcc.o)
 .debug_loc     0x0000000000000d10       0x84 libopencm3/lib/libopencm3_stm32f4.a(gpio_common_all.o)
 .debug_loc     0x0000000000000d94       0xcd libopencm3/lib/libopencm3_stm32f4.a(gpio_common_f0234.o)
 .debug_loc     0x0000000000000e61       0x3f libopencm3/lib/libopencm3_stm32f4.a(flash_common_f234.o)
 .debug_loc     0x0000000000000ea0      0x2c4 libopencm3/lib/libopencm3_stm32f4.a(flash_common_f24.o)
 .debug_loc     0x0000000000001164      0x14a libopencm3/lib/libopencm3_stm32f4.a(rcc_common_all.o)
 .debug_loc     0x00000000000012ae       0x21 libopencm3/lib/libopencm3_stm32f4.a(scb.o)

.debug_aranges  0x0000000000000000      0x440
 .debug_aranges
                0x0000000000000000       0x90 build/usbs_px4fmuv4_bl_update/usbs_src/bl_update_main_f4.o
 .debug_aranges
                0x0000000000000090       0x30 build/usbs_px4fmuv4_bl_update/usbs_src/bl_update_vectors.o
 .debug_aranges
                0x00000000000000c0       0x38 build/usbs_px4fmuv4_bl_update/usbs_src/bl_update_frame.o
 .debug_aranges
                0x00000000000000f8       0xf0 libopencm3/lib/libopencm3_stm32f4.a(rcc.o)
 .debug_aranges
                0x00000000000001e8       0x50 libopencm3/lib/libopencm3_stm32f4.a(gpio_common_all.o)
 .debug_aranges
                0x0000000000000238       0x30 libopencm3/lib/libopencm3_stm32f4.a(gpio_common_f0234.o)
 .debug_aranges
                0x0000000000000268       0x50 libopencm3/lib/libopencm3_stm32f4.a(flash_common_f234.o)
 .debug_aranges
                0x00000000000002b8       0xd0 libopencm3/lib/libopencm3_stm32f4.a(flash_common_f24.o)
 .debug_aranges
                0x0000000000000388       0x68 libopencm3/lib/libopencm3_stm32f4.a(rcc_common_all.o)
 .debug_aranges
                0x00000000000003f0       0x30 libopencm3/lib/libopencm3_stm32f4.a(scb.o)
 .debug_aranges
                0x0000000000000420       0x20 libopencm3/lib/libopencm3_stm32f4.a(pwr.o)

.debug_ranges   0x0000000000000000      0x408
 .debug_ranges  0x0000000000000000       0xf8 build/usbs_px4fmuv4_bl_update/usbs_src/bl_update_main_f4.o
 .debug_ranges  0x00000000000000f8       0x20 build/usbs_px4fmuv4_bl_update/usbs_src/bl_update_vectors.o
 .debug_ranges  0x0000000000000118       0x28 build/usbs_px4fmuv4_bl_update/usbs_src/bl_update_frame.o
 .debug_ranges  0x0000000000000140       0xe0 libopencm3/lib/libopencm3_stm32f4.a(rcc.o)
 .debug_ranges  0x0000000000000220       0x40 libopencm3/lib/libopencm3_stm32f4.a(gpio_common_all.o)
 .debug_ranges  0x0000000000000260       0x20 libopencm3/lib/libopencm3_stm32f4.a(gpio_common_f0234.o)
 .debug_ranges  0x0000000000000280       0x40 libopencm3/lib/libopencm3_stm32f4.a(flash_common_f234.o)
 .debug_ranges  0x00000000000002c0       0xc0 libopencm3/lib/libopencm3_stm32f4.a(flash_common_f24.o)
 .debug_ranges  0x0000000000000380       0x58 libopencm3/lib/libopencm3_stm32f4.a(rcc_common_all.o)
 .debug_ranges  0x00000000000003d8       0x20 libopencm3/lib/libopencm3_stm32f4.a(scb.o)
 .debug_ranges  0x00000000000003f8       0x10 libopencm3/lib/libopencm3_stm32f4.a(pwr.o)

.debug_line     0x0000000000000000     0x1d46
 .debug_line    0x0000000000000000      0x34d build/usbs_px4fmuv4_bl_update/usbs_src/bl_update_main_f4.o
 .debug_line    0x000000000000034d      0x1ba build/usbs_px4fmuv4_bl_update/usbs_src/bl_update_vectors.o
 .debug_line    0x0000000000000507       0xf5 build/usbs_px4fmuv4_bl_update/usbs_src/bl_update_frame.o
 .debug_line    0x00000000000005fc      0x4d1 libopencm3/lib/libopencm3_stm32f4.a(rcc.o)
 .debug_line    0x0000000000000acd      0x2ab libopencm3/lib/libopencm3_stm32f4.a(gpio_common_all.o)
 .debug_line    0x0000000000000d78      0x28c libopencm3/lib/libopencm3_stm32f4.a(gpio_common_f0234.o)
 .debug_line    0x0000000000001004      0x29b libopencm3/lib/libopencm3_stm32f4.a(flash_common_f234.o)
 .debug_line    0x000000000000129f      0x3f1 libopencm3/lib/libopencm3_stm32f4.a(flash_common_f24.o)
 .debug_line    0x0000000000001690      0x2a5 libopencm3/lib/libopencm3_stm32f4.a(rcc_common_all.o)
 .debug_line    0x0000000000001935      0x217 libopencm3/lib/libopencm3_stm32f4.a(scb.o)
 .debug_line    0x0000000000001b4c      0x1fa libopencm3/lib/libopencm3_stm32f4.a(pwr.o)

.debug_str      0x0000000000000000     0xe143
 .debug_str     0x0000000000000000      0x593 build/usbs_px4fmuv4_bl_update/usbs_src/bl_update_main_f4.o
                                        0x6a1 (size before relaxing)
 .debug_str     0x0000000000000593      0x1b5 build/usbs_px4fmuv4_bl_update/usbs_src/bl_update_vectors.o
                                        0x385 (size before relaxing)
 .debug_str     0x0000000000000748       0x60 build/usbs_px4fmuv4_bl_update/usbs_src/bl_update_frame.o
                                        0x1f8 (size before relaxing)
 .debug_str     0x00000000000007a8     0x81dc libopencm3/lib/libopencm3_stm32f4.a(rcc.o)
                                       0x854d (size before relaxing)
 .debug_str     0x0000000000008984     0x13ff libopencm3/lib/libopencm3_stm32f4.a(gpio_common_all.o)
                                       0x5a06 (size before relaxing)
 .debug_str     0x0000000000009d83       0x66 libopencm3/lib/libopencm3_stm32f4.a(gpio_common_f0234.o)
                                       0x5a28 (size before relaxing)
 .debug_str     0x0000000000009de9       0x7e libopencm3/lib/libopencm3_stm32f4.a(flash_common_f234.o)
                                       0x4d43 (size before relaxing)
 .debug_str     0x0000000000009e67      0x203 libopencm3/lib/libopencm3_stm32f4.a(flash_common_f24.o)
                                       0x4f73 (size before relaxing)
 .debug_str     0x000000000000a06a      0x9a8 libopencm3/lib/libopencm3_stm32f4.a(rcc_common_all.o)
                                       0x8006 (size before relaxing)
 .debug_str     0x000000000000aa12     0x372b libopencm3/lib/libopencm3_stm32f4.a(scb.o)
                                       0x6dde (size before relaxing)
 .debug_str     0x000000000000e13d        0x6 libopencm3/lib/libopencm3_stm32f4.a(pwr.o)
                                       0x4938 (size before relaxing)

.comment        0x0000000000000000       0x38
 .comment       0x0000000000000000       0x38 build/usbs_px4fmuv4_bl_update/usbs_src/bl_update_main_f4.o
                                         0x39 (size before relaxing)
 .comment       0x0000000000000038       0x39 build/usbs_px4fmuv4_bl_update/usbs_src/bl_update_vectors.o
 .comment       0x0000000000000038       0x39 build/usbs_px4fmuv4_bl_update/usbs_src/bl_update_frame.o
 .comment       0x0000000000000038       0x39 libopencm3/lib/libopencm3_stm32f4.a(rcc.o)
 .comment       0x0000000000000038       0x39 libopencm3/lib/libopencm3_stm32f4.a(gpio_common_all.o)
 .comment       0x0000000000000038       0x39 libopencm3/lib/libopencm3_stm32f4.a(gpio_common_f0234.o)
 .comment       0x0000000000000038       0x39 libopencm3/lib/libopencm3_stm32f4.a(flash_common_f234.o)
 .comment       0x0000000000000038       0x39 libopencm3/lib/libopencm3_stm32f4.a(flash_common_f24.o)
 .comment       0x0000000000000038       0x39 libopencm3/lib/libopencm3_stm32f4.a(rcc_common_all.o)
 .comment       0x0000000000000038       0x39 libopencm3/lib/libopencm3_stm32f4.a(scb.o)
 .comment       0x0000000000000038       0x39 libopencm3/lib/libopencm3_stm32f4.a(pwr.o)

.ARM.attributes
                0x0000000000000000       0x39
 .ARM.attributes
                0x0000000000000000       0x39 build/usbs_px4fmuv4_bl_update/usbs_src/bl_update_main_f4.o
 .ARM.attributes
                0x0000000000000039       0x39 build/usbs_px4fmuv4_bl_update/usbs_src/bl_update_vectors.o
 .ARM.attributes
                0x0000000000000072       0x39 build/usbs_px4fmuv4_bl_update/usbs_src/bl_update_frame.o
 .ARM.attributes
                0x00000000000000ab       0x39 libopencm3/lib/libopencm3_stm32f4.a(rcc.o)
 .ARM.attributes
                0x00000000000000e4       0x39 libopencm3/lib/libopencm3_stm32f4.a(gpio_common_all.o)
 .ARM.attributes
                0x000000000000011d       0x39 libopencm3/lib/libopencm3_stm32f4.a(gpio_common_f0234.o)
 .ARM.attributes
                0x0000000000000156       0x39 libopencm3/lib/libopencm3_stm32f4.a(flash_common_f234.o)
 .ARM.attributes
                0x000000000000018f       0x39 libopencm3/lib/libopencm3_stm32f4.a(flash_common_f24.o)
 .ARM.attributes
                0x00000000000001c8       0x39 libopencm3/lib/libopencm3_stm32f4.a(rcc_common_all.o)
 .ARM.attributes
                0x0000000000000201       0x39 libopencm3/lib/libopencm3_stm32f4.a(scb.o)
 .ARM.attributes
                0x000000000000023a       0x39 libopencm3/lib/libopencm3_stm32f4.a(pwr.o)

.debug_frame    0x0000000000000000      0x850
 .debug_frame   0x0000000000000000      0x148 build/usbs_px4fmuv4_bl_update/usbs_src/bl_update_main_f4.o
 .debug_frame   0x0000000000000148       0x48 build/usbs_px4fmuv4_bl_update/usbs_src/bl_update_vectors.o
 .debug_frame   0x0000000000000190       0x60 build/usbs_px4fmuv4_bl_update/usbs_src/bl_update_frame.o
 .debug_frame   0x00000000000001f0      0x1ec libopencm3/lib/libopencm3_stm32f4.a(rcc.o)
 .debug_frame   0x00000000000003dc       0x80 libopencm3/lib/libopencm3_stm32f4.a(gpio_common_all.o)
 .debug_frame   0x000000000000045c       0x6c libopencm3/lib/libopencm3_stm32f4.a(gpio_common_f0234.o)
 .debug_frame   0x00000000000004c8       0x80 libopencm3/lib/libopencm3_stm32f4.a(flash_common_f234.o)
 .debug_frame   0x0000000000000548      0x1f8 libopencm3/lib/libopencm3_stm32f4.a(flash_common_f24.o)
 .debug_frame   0x0000000000000740       0xb0 libopencm3/lib/libopencm3_stm32f4.a(rcc_common_all.o)
 .debug_frame   0x00000000000007f0       0x40 libopencm3/lib/libopencm3_stm32f4.a(scb.o)
 .debug_frame   0x0000000000000830       0x20 libopencm3/lib/libopencm3_stm32f4.a(pwr.o)

.debug_macro    0x0000000000000000     0x33e9
 .debug_macro   0x0000000000000000       0xf7 libopencm3/lib/libopencm3_stm32f4.a(rcc.o)
 .debug_macro   0x00000000000000f7      0x874 libopencm3/lib/libopencm3_stm32f4.a(rcc.o)
 .debug_macro   0x000000000000096b       0x22 libopencm3/lib/libopencm3_stm32f4.a(rcc.o)
 .debug_macro   0x000000000000098d       0x44 libopencm3/lib/libopencm3_stm32f4.a(rcc.o)
 .debug_macro   0x00000000000009d1       0xe3 libopencm3/lib/libopencm3_stm32f4.a(rcc.o)
 .debug_macro   0x0000000000000ab4       0x22 libopencm3/lib/libopencm3_stm32f4.a(rcc.o)
 .debug_macro   0x0000000000000ad6      0x1df libopencm3/lib/libopencm3_stm32f4.a(rcc.o)
 .debug_macro   0x0000000000000cb5       0x22 libopencm3/lib/libopencm3_stm32f4.a(rcc.o)
 .debug_macro   0x0000000000000cd7       0xfa libopencm3/lib/libopencm3_stm32f4.a(rcc.o)
 .debug_macro   0x0000000000000dd1       0x16 libopencm3/lib/libopencm3_stm32f4.a(rcc.o)
 .debug_macro   0x0000000000000de7       0x58 libopencm3/lib/libopencm3_stm32f4.a(rcc.o)
 .debug_macro   0x0000000000000e3f      0x26d libopencm3/lib/libopencm3_stm32f4.a(rcc.o)
 .debug_macro   0x00000000000010ac      0xb38 libopencm3/lib/libopencm3_stm32f4.a(rcc.o)
 .debug_macro   0x0000000000001be4       0x8e libopencm3/lib/libopencm3_stm32f4.a(rcc.o)
 .debug_macro   0x0000000000001c72       0x22 libopencm3/lib/libopencm3_stm32f4.a(rcc.o)
 .debug_macro   0x0000000000001c94       0x64 libopencm3/lib/libopencm3_stm32f4.a(rcc.o)
 .debug_macro   0x0000000000001cf8       0xf4 libopencm3/lib/libopencm3_stm32f4.a(rcc.o)
 .debug_macro   0x0000000000001dec       0xc3 libopencm3/lib/libopencm3_stm32f4.a(gpio_common_all.o)
 .debug_macro   0x0000000000001eaf       0x76 libopencm3/lib/libopencm3_stm32f4.a(gpio_common_all.o)
 .debug_macro   0x0000000000001f25      0x2e6 libopencm3/lib/libopencm3_stm32f4.a(gpio_common_all.o)
 .debug_macro   0x000000000000220b      0x14e libopencm3/lib/libopencm3_stm32f4.a(gpio_common_all.o)
 .debug_macro   0x0000000000002359       0xc3 libopencm3/lib/libopencm3_stm32f4.a(gpio_common_f0234.o)
 .debug_macro   0x000000000000241c       0xb4 libopencm3/lib/libopencm3_stm32f4.a(flash_common_f234.o)
 .debug_macro   0x00000000000024d0       0xb4 libopencm3/lib/libopencm3_stm32f4.a(flash_common_f24.o)
 .debug_macro   0x0000000000002584       0xc0 libopencm3/lib/libopencm3_stm32f4.a(rcc_common_all.o)
 .debug_macro   0x0000000000002644      0x13d libopencm3/lib/libopencm3_stm32f4.a(scb.o)
 .debug_macro   0x0000000000002781       0x58 libopencm3/lib/libopencm3_stm32f4.a(scb.o)
 .debug_macro   0x00000000000027d9       0x35 libopencm3/lib/libopencm3_stm32f4.a(scb.o)
 .debug_macro   0x000000000000280e       0x9c libopencm3/lib/libopencm3_stm32f4.a(scb.o)
 .debug_macro   0x00000000000028aa       0x16 libopencm3/lib/libopencm3_stm32f4.a(scb.o)
 .debug_macro   0x00000000000028c0      0x10e libopencm3/lib/libopencm3_stm32f4.a(scb.o)
 .debug_macro   0x00000000000029ce       0x7f libopencm3/lib/libopencm3_stm32f4.a(scb.o)
 .debug_macro   0x0000000000002a4d       0x4a libopencm3/lib/libopencm3_stm32f4.a(scb.o)
 .debug_macro   0x0000000000002a97       0x52 libopencm3/lib/libopencm3_stm32f4.a(scb.o)
 .debug_macro   0x0000000000002ae9       0x16 libopencm3/lib/libopencm3_stm32f4.a(scb.o)
 .debug_macro   0x0000000000002aff       0x43 libopencm3/lib/libopencm3_stm32f4.a(scb.o)
 .debug_macro   0x0000000000002b42      0x180 libopencm3/lib/libopencm3_stm32f4.a(scb.o)
 .debug_macro   0x0000000000002cc2      0x29d libopencm3/lib/libopencm3_stm32f4.a(scb.o)
 .debug_macro   0x0000000000002f5f       0x16 libopencm3/lib/libopencm3_stm32f4.a(scb.o)
 .debug_macro   0x0000000000002f75       0x29 libopencm3/lib/libopencm3_stm32f4.a(scb.o)
 .debug_macro   0x0000000000002f9e      0x3a1 libopencm3/lib/libopencm3_stm32f4.a(scb.o)
 .debug_macro   0x000000000000333f       0xaa libopencm3/lib/libopencm3_stm32f4.a(pwr.o)
